Component: ARM Compiler 5.05 update 1 (build 106) Tool: armlink [4d0efa]

==============================================================================

Section Cross References

    main.o(i.HardFault_Handler) refers to _printf_pad.o(.text) for _printf_pre_padding
    main.o(i.HardFault_Handler) refers to _printf_percent.o(.ARM.Collect$$_printf_percent$$00000000) for _printf_percent
    main.o(i.HardFault_Handler) refers to _printf_x.o(.ARM.Collect$$_printf_percent$$0000000C) for _printf_x
    main.o(i.HardFault_Handler) refers to _printf_hex_int.o(.text) for _printf_longlong_hex
    main.o(i.HardFault_Handler) refers to noretval__2printf.o(.text) for __2printf
    main.o(i.key_task) refers to key.o(i.KEY_Scan) for KEY_Scan
    main.o(i.key_task) refers to os_mbox.o(i.OSMboxPost) for OSMboxPost
    main.o(i.key_task) refers to delay.o(i.delay_ms) for delay_ms
    main.o(i.key_task) refers to main.o(.data) for msg_key
    main.o(i.main) refers to misc.o(i.NVIC_PriorityGroupConfig) for NVIC_PriorityGroupConfig
    main.o(i.main) refers to main.o(i.system_init) for system_init
    main.o(i.main) refers to os_core.o(i.OSInit) for OSInit
    main.o(i.main) refers to lwip_comm.o(i.lwip_comm_init) for lwip_comm_init
    main.o(i.main) refers to os_task.o(i.OSTaskCreate) for OSTaskCreate
    main.o(i.main) refers to tcp_server.o(i.tcp_server_init) for tcp_server_init
    main.o(i.main) refers to os_core.o(i.OSStart) for OSStart
    main.o(i.main) refers to main.o(.bss) for START_TASK_STK
    main.o(i.main) refers to main.o(i.start_task) for start_task
    main.o(i.main_task) refers to _printf_pad.o(.text) for _printf_pre_padding
    main.o(i.main_task) refers to _printf_percent.o(.ARM.Collect$$_printf_percent$$00000000) for _printf_percent
    main.o(i.main_task) refers to _printf_d.o(.ARM.Collect$$_printf_percent$$00000009) for _printf_d
    main.o(i.main_task) refers to _printf_dec.o(.text) for _printf_int_dec
    main.o(i.main_task) refers to os_mbox.o(i.OSMboxPend) for OSMboxPend
    main.o(i.main_task) refers to displaymenu.o(i.DisplayAlarmTypeList) for DisplayAlarmTypeList
    main.o(i.main_task) refers to displaymenu.o(i.DisplayRunMenu) for DisplayRunMenu
    main.o(i.main_task) refers to displaymenu.o(i.DisplayUserLogin) for DisplayUserLogin
    main.o(i.main_task) refers to alarm.o(i.Remove_Alarm_RL_A) for Remove_Alarm_RL_A
    main.o(i.main_task) refers to strcpy.o(.text) for strcpy
    main.o(i.main_task) refers to displaymenu.o(i.DisplayInputPassword) for DisplayInputPassword
    main.o(i.main_task) refers to strcmpv7m.o(.text) for strcmp
    main.o(i.main_task) refers to displaymenu.o(i.DisplaySuperUserRootMenu) for DisplaySuperUserRootMenu
    main.o(i.main_task) refers to lcd.o(i.Display_8x16) for Display_8x16
    main.o(i.main_task) refers to displaymenu.o(i.DisplayPasswordError) for DisplayPasswordError
    main.o(i.main_task) refers to displaymenu.o(i.DisplayOrdinaryUserRootMenu) for DisplayOrdinaryUserRootMenu
    main.o(i.main_task) refers to main.o(.data) for msg_key
    main.o(i.main_task) refers to sys.o(.data) for config_code
    main.o(i.main_task) refers to alarm.o(.data) for ALARM_STATE
    main.o(i.main_task) refers to displaymenu.o(.data) for row_point
    main.o(i.main_task) refers to displaymenu.o(i.DisplaySetMenu) for DisplaySetMenu
    main.o(i.main_task) refers to displaymenu.o(i.DisplayInquireMenu) for DisplayInquireMenu
    main.o(i.main_task) refers to displaymenu.o(i.DisplayTensionMonitor) for DisplayTensionMonitor
    main.o(i.main_task) refers to displaymenu.o(i.DisplayVersionMenu) for DisplayVersionMenu
    main.o(i.main_task) refers to displaymenu.o(i.DisplaySetSysPara) for DisplaySetSysPara
    main.o(i.main_task) refers to displaymenu.o(i.DiaplaySetFangQuPara) for DiaplaySetFangQuPara
    main.o(i.main_task) refers to displaymenu.o(i.DiaplayCalibrationSet) for DiaplayCalibrationSet
    main.o(i.main_task) refers to displaymenu.o(i.DiaplaySetBuFangPara) for DiaplaySetBuFangPara
    main.o(i.main_task) refers to displaymenu.o(i.DiaplaySetAlarmThreshold) for DiaplaySetAlarmThreshold
    main.o(i.main_task) refers to displaymenu.o(i.DisplaySetClearRecord) for DisplaySetClearRecord
    main.o(i.main_task) refers to displaymenu.o(i.DiaplaySetExtDeviceTypeScreen) for DiaplaySetExtDeviceTypeScreen
    main.o(i.main_task) refers to noretval__2sprintf.o(.text) for __2sprintf
    main.o(i.main_task) refers to displaymenu.o(i.DisplaySetFullScale) for DisplaySetFullScale
    main.o(i.main_task) refers to displaymenu.o(i.DisplaySetBaseAutoCalibrateTime) for DisplaySetBaseAutoCalibrateTime
    main.o(i.main_task) refers to displaymenu.o(i.DisplayInqSysPara) for DisplayInqSysPara
    main.o(i.main_task) refers to displaymenu.o(i.DiaplayInqFangQuPara) for DiaplayInqFangQuPara
    main.o(i.main_task) refers to displaymenu.o(i.DisplayInqBuFangPara) for DisplayInqBuFangPara
[...]
    Removing stm32f4xx_tim.o(i.TIM_ICStructInit), (18 bytes).
    Removing stm32f4xx_tim.o(i.TIM_ITRxExternalClockConfig), (24 bytes).
    Removing stm32f4xx_tim.o(i.TIM_InternalClockConfig), (12 bytes).
    Removing stm32f4xx_tim.o(i.TIM_OC1FastConfig), (18 bytes).
    Removing stm32f4xx_tim.o(i.TIM_OC1Init), (124 bytes).
    Removing stm32f4xx_tim.o(i.TIM_OC1NPolarityConfig), (18 bytes).
    Removing stm32f4xx_tim.o(i.TIM_OC1PolarityConfig), (18 bytes).
    Removing stm32f4xx_tim.o(i.TIM_OC1PreloadConfig), (18 bytes).
    Removing stm32f4xx_tim.o(i.TIM_OC2FastConfig), (26 bytes).
    Removing stm32f4xx_tim.o(i.TIM_OC2Init), (164 bytes).
    Removing stm32f4xx_tim.o(i.TIM_OC2NPolarityConfig), (26 bytes).
    Removing stm32f4xx_tim.o(i.TIM_OC2PolarityConfig), (26 bytes).
    Removing stm32f4xx_tim.o(i.TIM_OC2PreloadConfig), (26 bytes).
    Removing stm32f4xx_tim.o(i.TIM_OC3FastConfig), (18 bytes).
    Removing stm32f4xx_tim.o(i.TIM_OC3Init), (160 bytes).
    Removing stm32f4xx_tim.o(i.TIM_OC3NPolarityConfig), (26 bytes).
    Removing stm32f4xx_tim.o(i.TIM_OC3PolarityConfig), (26 bytes).
    Removing stm32f4xx_tim.o(i.TIM_OC3PreloadConfig), (18 bytes).
    Removing stm32f4xx_tim.o(i.TIM_OC4FastConfig), (26 bytes).
    Removing stm32f4xx_tim.o(i.TIM_OC4Init), (120 bytes).
    Removing stm32f4xx_tim.o(i.TIM_OC4PolarityConfig), (26 bytes).
    Removing stm32f4xx_tim.o(i.TIM_OC4PreloadConfig), (26 bytes).
    Removing stm32f4xx_tim.o(i.TIM_OCStructInit), (20 bytes).
    Removing stm32f4xx_tim.o(i.TIM_PWMIConfig), (124 bytes).
    Removing stm32f4xx_tim.o(i.TIM_PrescalerConfig), (6 bytes).
    Removing stm32f4xx_tim.o(i.TIM_RemapConfig), (6 bytes).
    Removing stm32f4xx_tim.o(i.TIM_SelectCCDMA), (24 bytes).
    Removing stm32f4xx_tim.o(i.TIM_SelectCOM), (24 bytes).
    Removing stm32f4xx_tim.o(i.TIM_SelectHallSensor), (24 bytes).
    Removing stm32f4xx_tim.o(i.TIM_SelectInputTrigger), (18 bytes).
    Removing stm32f4xx_tim.o(i.TIM_SelectMasterSlaveMode), (18 bytes).
    Removing stm32f4xx_tim.o(i.TIM_SelectOCxM), (86 bytes).
    Removing stm32f4xx_tim.o(i.TIM_SelectOnePulseMode), (18 bytes).
    Removing stm32f4xx_tim.o(i.TIM_SelectOutputTrigger), (18 bytes).
    Removing stm32f4xx_tim.o(i.TIM_SelectSlaveMode), (18 bytes).
    Removing stm32f4xx_tim.o(i.TIM_SetAutoreload), (4 bytes).
    Removing stm32f4xx_tim.o(i.TIM_SetClockDivision), (18 bytes).
    Removing stm32f4xx_tim.o(i.TIM_SetCompare1), (4 bytes).
    Removing stm32f4xx_tim.o(i.TIM_SetCompare2), (4 bytes).
    Removing stm32f4xx_tim.o(i.TIM_SetCompare3), (4 bytes).
    Removing stm32f4xx_tim.o(i.TIM_SetCompare4), (4 bytes).
    Removing stm32f4xx_tim.o(i.TIM_SetCounter), (4 bytes).
    Removing stm32f4xx_tim.o(i.TIM_SetIC1Prescaler), (18 bytes).
    Removing stm32f4xx_tim.o(i.TIM_SetIC2Prescaler), (26 bytes).
    Removing stm32f4xx_tim.o(i.TIM_SetIC3Prescaler), (18 bytes).
    Removing stm32f4xx_tim.o(i.TIM_SetIC4Prescaler), (26 bytes).
    Removing stm32f4xx_tim.o(i.TIM_TIxExternalClockConfig), (62 bytes).
    Removing stm32f4xx_tim.o(i.TIM_TimeBaseStructInit), (18 bytes).
    Removing stm32f4xx_tim.o(i.TIM_UpdateDisableConfig), (24 bytes).
    Removing stm32f4xx_tim.o(i.TIM_UpdateRequestConfig), (24 bytes).
    Removing stm32f4xx_exti.o(.rev16_text), (4 bytes).
    Removing stm32f4xx_exti.o(.revsh_text), (4 bytes).
    Removing stm32f4xx_exti.o(i.EXTI_ClearFlag), (12 bytes).
    Removing stm32f4xx_exti.o(i.EXTI_DeInit), (36 bytes).
    Removing stm32f4xx_exti.o(i.EXTI_GenerateSWInterrupt), (16 bytes).
    Removing stm32f4xx_exti.o(i.EXTI_GetFlagStatus), (24 bytes).
    Removing stm32f4xx_exti.o(i.EXTI_GetITStatus), (24 bytes).
    Removing stm32f4xx_exti.o(i.EXTI_StructInit), (16 bytes).
    Removing os_core.o(.rev16_text), (4 bytes).
    Removing os_core.o(.revsh_text), (4 bytes).
    Removing os_core.o(i.OSEventNameGet), (104 bytes).
    Removing os_core.o(i.OSVersion), (6 bytes).
    Removing os_core.o(i.OS_MemCopy), (20 bytes).
    Removing os_core.o(i.OS_StrLen), (20 bytes).
    Removing os_flag.o(.rev16_text), (4 bytes).
    Removing os_flag.o(.revsh_text), (4 bytes).
    Removing os_flag.o(i.OSFlagAccept), (252 bytes).
    Removing os_flag.o(i.OSFlagCreate), (100 bytes).
    Removing os_flag.o(i.OSFlagDel), (228 bytes).
    Removing os_flag.o(i.OSFlagNameGet), (84 bytes).
    Removing os_flag.o(i.OSFlagNameSet), (72 bytes).
    Removing os_flag.o(i.OSFlagPend), (596 bytes).
    Removing os_flag.o(i.OSFlagPendGetFlagsRdy), (32 bytes).
    Removing os_flag.o(i.OSFlagPost), (312 bytes).
    Removing os_flag.o(i.OSFlagQuery), (48 bytes).
    Removing os_flag.o(i.OS_FlagBlock), (164 bytes).
    Removing os_flag.o(i.OS_FlagTaskRdy), (92 bytes).
    Removing os_mbox.o(.rev16_text), (4 bytes).
    Removing os_mbox.o(.revsh_text), (4 bytes).
    Removing os_mbox.o(i.OSMboxAccept), (38 bytes).
    Removing os_mbox.o(i.OSMboxDel), (224 bytes).
    Removing os_mbox.o(i.OSMboxPendAbort), (128 bytes).
    Removing os_mbox.o(i.OSMboxPostOpt), (120 bytes).
    Removing os_mbox.o(i.OSMboxQuery), (76 bytes).
    Removing os_mem.o(.rev16_text), (4 bytes).
    Removing os_mem.o(.revsh_text), (4 bytes).
    Removing os_mem.o(i.OSMemCreate), (124 bytes).
    Removing os_mem.o(i.OSMemGet), (62 bytes).
    Removing os_mem.o(i.OSMemNameGet), (64 bytes).
    Removing os_mem.o(i.OSMemNameSet), (52 bytes).
    Removing os_mem.o(i.OSMemPut), (54 bytes).
    Removing os_mem.o(i.OSMemQuery), (52 bytes).
    Removing os_mutex.o(.rev16_text), (4 bytes).
    Removing os_mutex.o(.revsh_text), (4 bytes).
    Removing os_mutex.o(i.OSMutexAccept), (144 bytes).
    Removing os_mutex.o(i.OSMutexDel), (292 bytes).
    Removing os_mutex.o(i.OSMutexQuery), (112 bytes).
    Removing os_q.o(.rev16_text), (4 bytes).
    Removing os_q.o(.revsh_text), (4 bytes).
    Removing os_q.o(i.OSQAccept), (88 bytes).
    Removing os_q.o(i.OSQFlush), (36 bytes).
    Removing os_q.o(i.OSQPendAbort), (128 bytes).
    Removing os_q.o(i.OSQPostFront), (116 bytes).
    Removing os_q.o(i.OSQPostOpt), (182 bytes).
    Removing os_sem.o(.rev16_text), (4 bytes).
    Removing os_sem.o(.revsh_text), (4 bytes).
    Removing os_sem.o(i.OSSemAccept), (42 bytes).
    Removing os_sem.o(i.OSSemPendAbort), (128 bytes).
    Removing os_sem.o(i.OSSemSet), (66 bytes).
    Removing os_task.o(.rev16_text), (4 bytes).
    Removing os_task.o(.revsh_text), (4 bytes).
    Removing os_task.o(i.OSTaskChangePrio), (328 bytes).
    Removing os_task.o(i.OSTaskDelReq), (108 bytes).
    Removing os_task.o(i.OSTaskNameGet), (128 bytes).
    Removing os_task.o(i.OSTaskQuery), (92 bytes).
    Removing os_task.o(i.OSTaskRegGet), (68 bytes).
    Removing os_task.o(i.OSTaskRegSet), (72 bytes).
    Removing os_task.o(i.OSTaskResume), (172 bytes).
    Removing os_time.o(.rev16_text), (4 bytes).
    Removing os_time.o(.revsh_text), (4 bytes).
    Removing os_time.o(i.OSTimeDlyHMSM), (96 bytes).
    Removing os_time.o(i.OSTimeDlyResume), (180 bytes).
    Removing os_time.o(i.OSTimeSet), (28 bytes).
    Removing os_tmr.o(.rev16_text), (4 bytes).
    Removing os_tmr.o(.revsh_text), (4 bytes).
    Removing os_cpu_c.o(.rev16_text), (4 bytes).
    Removing os_cpu_c.o(.revsh_text), (4 bytes).
    Removing os_cpu_c.o(.data), (4 bytes).
    Removing lwip_comm.o(.rev16_text), (4 bytes).
    Removing lwip_comm.o(.revsh_text), (4 bytes).
    Removing lwip_comm.o(i.lwip_comm_delete_next_timeout), (56 bytes).
    Removing lwip_comm.o(i.lwip_comm_destroy), (336 bytes).
    Removing fs.o(.rev16_text), (4 bytes).
    Removing fs.o(.revsh_text), (4 bytes).
    Removing httpd.o(.rev16_text), (4 bytes).
    Removing httpd.o(.revsh_text), (4 bytes).
    Removing httpd_cgi_ssi.o(.rev16_text), (4 bytes).
    Removing httpd_cgi_ssi.o(.revsh_text), (4 bytes).
    Removing httpd_cgi_ssi.o(i.RTCTime_Handler), (12 bytes).
    Removing tcp_server.o(.rev16_text), (4 bytes).
    Removing tcp_server.o(.revsh_text), (4 bytes).
    Removing etharp.o(.rev16_text), (4 bytes).
    Removing etharp.o(.revsh_text), (4 bytes).
    Removing etharp.o(i.etharp_cleanup_netif), (56 bytes).
    Removing etharp.o(i.etharp_find_addr), (232 bytes).
    Removing ethernetif.o(.rev16_text), (4 bytes).
    Removing ethernetif.o(.revsh_text), (4 bytes).
    Removing autoip.o(.rev16_text), (4 bytes).
    Removing autoip.o(.revsh_text), (4 bytes).
    Removing icmp.o(.rev16_text), (4 bytes).
    Removing icmp.o(.revsh_text), (4 bytes).
    Removing igmp.o(.rev16_text), (4 bytes).
    Removing igmp.o(.revsh_text), (4 bytes).
    Removing inet.o(.rev16_text), (4 bytes).
    Removing inet.o(.revsh_text), (4 bytes).
    Removing inet_chksum.o(.rev16_text), (4 bytes).
    Removing inet_chksum.o(.revsh_text), (4 bytes).
    Removing inet_chksum.o(i.inet_chksum_pseudo), (170 bytes).
    Removing inet_chksum.o(i.inet_chksum_pseudo_partial), (324 bytes).
    Removing ip.o(.rev16_text), (4 bytes).
    Removing ip.o(.revsh_text), (4 bytes).
    Removing ip_addr.o(.rev16_text), (4 bytes).
    Removing ip_addr.o(.revsh_text), (4 bytes).
    Removing ip_addr.o(i.ip4_addr_netmask_valid), (56 bytes).
    Removing ip_addr.o(i.ipaddr_addr), (24 bytes).
    Removing ip_addr.o(i.ipaddr_aton), (464 bytes).
    Removing ip_addr.o(i.ipaddr_ntoa), (20 bytes).
    Removing ip_addr.o(i.ipaddr_ntoa_r), (168 bytes).
    Removing ip_addr.o(.bss), (16 bytes).
    Removing ip_frag.o(.rev16_text), (4 bytes).
    Removing ip_frag.o(.revsh_text), (4 bytes).
    Removing def.o(.rev16_text), (4 bytes).
    Removing def.o(.revsh_text), (4 bytes).
    Removing dhcp.o(.rev16_text), (4 bytes).
    Removing dhcp.o(.revsh_text), (4 bytes).
    Removing dns.o(.rev16_text), (4 bytes).
    Removing dns.o(.revsh_text), (4 bytes).
    Removing init.o(.rev16_text), (4 bytes).
    Removing init.o(.revsh_text), (4 bytes).
    Removing memp.o(.rev16_text), (4 bytes).
    Removing memp.o(.revsh_text), (4 bytes).
    Removing netif.o(.rev16_text), (4 bytes).
    Removing netif.o(.revsh_text), (4 bytes).
    Removing netif.o(i.netif_find), (76 bytes).
    Removing netif.o(i.netif_remove), (104 bytes).
    Removing netif.o(i.netif_set_down), (42 bytes).
    Removing pbuf.o(.rev16_text), (4 bytes).
    Removing pbuf.o(.revsh_text), (4 bytes).
    Removing pbuf.o(i.pbuf_chain), (26 bytes).
    Removing pbuf.o(i.pbuf_coalesce), (180 bytes).
    Removing pbuf.o(i.pbuf_dechain), (264 bytes).
    Removing pbuf.o(i.pbuf_get_at), (46 bytes).
    Removing pbuf.o(i.pbuf_memcmp), (96 bytes).
    Removing pbuf.o(i.pbuf_memfind), (76 bytes).
    Removing pbuf.o(i.pbuf_strstr), (60 bytes).
    Removing pbuf.o(i.pbuf_take), (376 bytes).
    Removing raw.o(.rev16_text), (4 bytes).
    Removing raw.o(.revsh_text), (4 bytes).
    Removing raw.o(i.raw_connect), (16 bytes).
    Removing raw.o(i.raw_send), (18 bytes).
    Removing raw.o(i.raw_sendto), (312 bytes).
    Removing stats.o(.rev16_text), (4 bytes).
    Removing stats.o(.revsh_text), (4 bytes).
    Removing tcp.o(.rev16_text), (4 bytes).
    Removing tcp.o(.revsh_text), (4 bytes).
    Removing tcp.o(i.tcp_connect), (492 bytes).
    Removing tcp.o(i.tcp_debug_state_str), (16 bytes).
    Removing tcp_in.o(.rev16_text), (4 bytes).
    Removing tcp_in.o(.revsh_text), (4 bytes).
    Removing tcp_out.o(.rev16_text), (4 bytes).
    Removing tcp_out.o(.revsh_text), (4 bytes).
    Removing timers.o(.rev16_text), (4 bytes).
    Removing timers.o(.revsh_text), (4 bytes).
    Removing udp.o(.rev16_text), (4 bytes).
    Removing udp.o(.revsh_text), (4 bytes).
    Removing udp.o(i.udp_connect), (104 bytes).
    Removing udp.o(i.udp_disconnect), (16 bytes).
    Removing udp.o(i.udp_send), (20 bytes).
    Removing udp.o(i.udp_sendto), (54 bytes).
    Removing udp.o(i.udp_sendto_if), (392 bytes).
    Removing mem.o(.rev16_text), (4 bytes).
    Removing mem.o(.revsh_text), (4 bytes).
    Removing mem.o(i.mem_calloc), (34 bytes).
    Removing sys_arch.o(.rev16_text), (4 bytes).
    Removing sys_arch.o(.revsh_text), (4 bytes).
    Removing sys_arch.o(i.sys_msleep), (12 bytes).
    Removing sys_arch.o(i.sys_now), (26 bytes).
    Removing api_lib.o(.rev16_text), (4 bytes).
    Removing api_lib.o(.revsh_text), (4 bytes).
    Removing api_lib.o(i.netconn_connect), (220 bytes).
    Removing api_lib.o(i.netconn_disconnect), (208 bytes).
    Removing api_lib.o(i.netconn_recv_tcp_pbuf), (164 bytes).
    Removing api_lib.o(i.netconn_recved), (52 bytes).
    Removing api_lib.o(i.netconn_send), (212 bytes).
    Removing api_lib.o(i.netconn_sendto), (44 bytes).
    Removing api_lib.o(i.netconn_shutdown), (36 bytes).
    Removing api_msg.o(.rev16_text), (4 bytes).
    Removing api_msg.o(.revsh_text), (4 bytes).
    Removing api_msg.o(i.do_connect), (340 bytes).
    Removing api_msg.o(i.do_connected), (384 bytes).
    Removing api_msg.o(i.do_disconnect), (46 bytes).
    Removing api_msg.o(i.do_send), (166 bytes).
    Removing err.o(.rev16_text), (4 bytes).
    Removing err.o(.revsh_text), (4 bytes).
    Removing err.o(i.lwip_strerr), (16 bytes).
    Removing err.o(.conststring), (295 bytes).
    Removing err.o(.data), (64 bytes).
    Removing netbuf.o(.rev16_text), (4 bytes).
    Removing netbuf.o(.revsh_text), (4 bytes).
    Removing netbuf.o(i.netbuf_alloc), (248 bytes).
    Removing netbuf.o(i.netbuf_chain), (216 bytes).
    Removing netbuf.o(i.netbuf_data), (292 bytes).
    Removing netbuf.o(i.netbuf_first), (144 bytes).
    Removing netbuf.o(i.netbuf_free), (156 bytes).
    Removing netbuf.o(i.netbuf_new), (30 bytes).
    Removing netbuf.o(i.netbuf_next), (172 bytes).
    Removing netbuf.o(i.netbuf_ref), (196 bytes).
    Removing netdb.o(.rev16_text), (4 bytes).
    Removing netdb.o(.revsh_text), (4 bytes).
    Removing netifapi.o(.rev16_text), (4 bytes).
    Removing netifapi.o(.revsh_text), (4 bytes).
    Removing sockets.o(.rev16_text), (4 bytes).
    Removing sockets.o(.revsh_text), (4 bytes).
    Removing sockets.o(i.alloc_socket), (172 bytes).
    Removing sockets.o(i.event_callback), (484 bytes).
    Removing sockets.o(i.free_socket), (56 bytes).
    Removing sockets.o(i.get_socket), (48 bytes).
    Removing sockets.o(i.lwip_accept), (696 bytes).
    Removing sockets.o(i.lwip_bind), (300 bytes).
    Removing sockets.o(i.lwip_close), (200 bytes).
    Removing sockets.o(i.lwip_connect), (324 bytes).
    Removing sockets.o(i.lwip_fcntl), (126 bytes).
    Removing sockets.o(i.lwip_getaddrname), (130 bytes).
    Removing sockets.o(i.lwip_getpeername), (22 bytes).
    Removing sockets.o(i.lwip_getsockname), (22 bytes).
    Removing sockets.o(i.lwip_getsockopt), (356 bytes).
    Removing sockets.o(i.lwip_getsockopt_internal), (636 bytes).
    Removing sockets.o(i.lwip_ioctl), (120 bytes).
    Removing sockets.o(i.lwip_listen), (140 bytes).
    Removing sockets.o(i.lwip_read), (28 bytes).
    Removing sockets.o(i.lwip_recv), (34 bytes).
    Removing sockets.o(i.lwip_recvfrom), (788 bytes).
    Removing sockets.o(i.lwip_select), (1056 bytes).
    Removing sockets.o(i.lwip_selscan), (472 bytes).
    Removing sockets.o(i.lwip_send), (160 bytes).
    Removing sockets.o(i.lwip_sendto), (428 bytes).
    Removing sockets.o(i.lwip_setsockopt), (324 bytes).
    Removing sockets.o(i.lwip_setsockopt_internal), (552 bytes).
    Removing sockets.o(i.lwip_shutdown), (160 bytes).
    Removing sockets.o(i.lwip_socket), (172 bytes).
    Removing sockets.o(i.lwip_write), (22 bytes).
    Removing sockets.o(i.tryget_socket), (48 bytes).
    Removing sockets.o(.bss), (96 bytes).
    Removing sockets.o(.constdata), (64 bytes).
    Removing sockets.o(.data), (8 bytes).
    Removing tcpip.o(.rev16_text), (4 bytes).
    Removing tcpip.o(.revsh_text), (4 bytes).
    Removing tcpip.o(i.mem_free_callback), (20 bytes).
    Removing tcpip.o(i.pbuf_free_callback), (20 bytes).
    Removing tcpip.o(i.pbuf_free_int), (14 bytes).
    Removing tcpip.o(i.tcpip_callback_with_block), (96 bytes).
    Removing tcpip.o(i.tcpip_callbackmsg_delete), (14 bytes).
    Removing tcpip.o(i.tcpip_callbackmsg_new), (32 bytes).
    Removing tcpip.o(i.tcpip_timeout), (68 bytes).
    Removing tcpip.o(i.tcpip_trycallback), (32 bytes).
    Removing tcpip.o(i.tcpip_untimeout), (60 bytes).
    Removing malloc.o(.rev16_text), (4 bytes).
    Removing malloc.o(.revsh_text), (4 bytes).
    Removing malloc.o(i.myrealloc), (84 bytes).

635 unused section(s) (total 36764 bytes) removed from the image.

==============================================================================

Memory Map of the image

  Image Entry point : 0x00000000

  Load Region LR_IROM1 (Base: 0x08000000, Size: 0x00057a1c, Max: 0x00100000, ABSOLUTE)

    Execution Region ER_IROM1 (Base: 0x08000000, Size: 0x00057710, Max: 0x00100000, ABSOLUTE)

    Base Addr    Size         Type   Attr      Idx    E Section Name        Object

    0x08000000   0x00000188   Data   RO         2405    RESET               startup_stm32f40_41xxx.o
    0x08000188   0x00000008   Code   RO         8631  * !!!main             c_w.l(__main.o)
    0x08000190   0x00000000   Code   RO         8595    .ARM.Collect$$_printf_percent$$00000000  c_w.l(_printf_percent.o)
    0x08000190   0x00000006   Code   RO         8594    .ARM.Collect$$_printf_percent$$00000009  c_w.l(_printf_d.o)
    0x08000196   0x00000006   Code   RO         8593    .ARM.Collect$$_printf_percent$$0000000C  c_w.l(_printf_x.o)
    0x0800019c   0x00000006   Code   RO         8592    .ARM.Collect$$_printf_percent$$00000014  c_w.l(_printf_s.o)
    0x080001a2   0x00000004   Code   RO         8656    .ARM.Collect$$_printf_percent$$00000017  c_w.l(_printf_percent_end.o)
    0x080001a6   0x00000002   Code   RO         8750    .ARM.Collect$$libinit$$00000000  c_w.l(libinit.o)
    0x080001a8   0x00000004   Code   RO         8694    .ARM.Collect$$libinit$$00000001  c_w.l(libinit2.o)
    0x080001ac   0x00000000   Code   RO         8697    .ARM.Collect$$libinit$$00000004  c_w.l(libinit2.o)
    0x080001ac   0x00000000   Code   RO         8700    .ARM.Collect$$libinit$$0000000A  c_w.l(libinit2.o)
    0x080001ac   0x00000000   Code   RO         8702    .ARM.Collect$$libinit$$0000000C  c_w.l(libinit2.o)
    0x080001ac   0x00000000   Code   RO         8704    .ARM.Collect$$libinit$$0000000E  c_w.l(libinit2.o)
    0x080001ac   0x00000006   Code   RO         8705    .ARM.Collect$$libinit$$0000000F  c_w.l(libinit2.o)
    0x080001b2   0x00000000   Code   RO         8707    .ARM.Collect$$libinit$$00000011  c_w.l(libinit2.o)
    0x080001b2   0x0000000c   Code   RO         8708    .ARM.Collect$$libinit$$00000012  c_w.l(libinit2.o)
    0x080001be   0x00000000   Code   RO         8709    .ARM.Collect$$libinit$$00000013  c_w.l(libinit2.o)
    0x080001be   0x00000000   Code   RO         8711    .ARM.Collect$$libinit$$00000015  c_w.l(libinit2.o)
    0x080001be   0x00000000   Code   RO         8713    .ARM.Collect$$libinit$$00000017  c_w.l(libinit2.o)
    0x080001be   0x00000000   Code   RO         8715    .ARM.Collect$$libinit$$00000019  c_w.l(libinit2.o)
    0x080001be   0x00000000   Code   RO         8717    .ARM.Collect$$libinit$$0000001B  c_w.l(libinit2.o)
    0x080001be   0x00000000   Code   RO         8719    .ARM.Collect$$libinit$$0000001D  c_w.l(libinit2.o)
    0x080001be   0x00000000   Code   RO         8721    .ARM.Collect$$libinit$$0000001F  c_w.l(libinit2.o)
    0x080001be   0x00000000   Code   RO         8723    .ARM.Collect$$libinit$$00000021  c_w.l(libinit2.o)
    0x080001be   0x00000000   Code   RO         8725    .ARM.Collect$$libinit$$00000023  c_w.l(libinit2.o)
    0x080001be   0x00000000   Code   RO         8727    .ARM.Collect$$libinit$$00000025  c_w.l(libinit2.o)
    0x080001be   0x00000000   Code   RO         8731    .ARM.Collect$$libinit$$0000002C  c_w.l(libinit2.o)
    0x080001be   0x00000000   Code   RO         8733    .ARM.Collect$$libinit$$0000002E  c_w.l(libinit2.o)
    0x080001be   0x00000000   Code   RO         8735    .ARM.Collect$$libinit$$00000030  c_w.l(libinit2.o)
    0x080001be   0x00000000   Code   RO         8737    .ARM.Collect$$libinit$$00000032  c_w.l(libinit2.o)
    0x080001be   0x00000002   Code   RO         8738    .ARM.Collect$$libinit$$00000033  c_w.l(libinit2.o)
    0x080001c0   0x00000002   Code   RO         8783    .ARM.Collect$$libshutdown$$00000000  c_w.l(libshutdown.o)
    0x080001c2   0x00000000   Code   RO         8790    .ARM.Collect$$libshutdown$$00000003  c_w.l(libshutdown2.o)
    0x080001c2   0x00000000   Code   RO         8793    .ARM.Collect$$libshutdown$$00000006  c_w.l(libshutdown2.o)
    0x080001c2   0x00000000   Code   RO         8796    .ARM.Collect$$libshutdown$$00000009  c_w.l(libshutdown2.o)
    0x080001c2   0x00000000   Code   RO         8798    .ARM.Collect$$libshutdown$$0000000B  c_w.l(libshutdown2.o)
    0x080001c2   0x00000000   Code   RO         8801    .ARM.Collect$$libshutdown$$0000000E  c_w.l(libshutdown2.o)
    0x080001c2   0x00000002   Code   RO         8802    .ARM.Collect$$libshutdown$$0000000F  c_w.l(libshutdown2.o)
    0x080001c4   0x00000000   Code   RO         8635    .ARM.Collect$$rtentry$$00000000  c_w.l(__rtentry.o)
    0x080001c4   0x00000000   Code   RO         8668    .ARM.Collect$$rtentry$$00000002  c_w.l(__rtentry2.o)
    0x080001c4   0x00000006   Code   RO         8680    .ARM.Collect$$rtentry$$00000004  c_w.l(__rtentry4.o)
    0x080001ca   0x00000000   Code   RO         8670    .ARM.Collect$$rtentry$$00000009  c_w.l(__rtentry2.o)
    0x080001ca   0x00000004   Code   RO         8671    .ARM.Collect$$rtentry$$0000000A  c_w.l(__rtentry2.o)
    0x080001ce   0x00000000   Code   RO         8673    .ARM.Collect$$rtentry$$0000000C  c_w.l(__rtentry2.o)
    0x080001ce   0x00000008   Code   RO         8674    .ARM.Collect$$rtentry$$0000000D  c_w.l(__rtentry2.o)
    0x080001d6   0x00000002   Code   RO         8753    .ARM.Collect$$rtexit$$00000000  c_w.l(rtexit.o)
    0x080001d8   0x00000000   Code   RO         8762    .ARM.Collect$$rtexit$$00000002  c_w.l(rtexit2.o)
    0x080001d8   0x00000004   Code   RO         8763    .ARM.Collect$$rtexit$$00000003  c_w.l(rtexit2.o)
    0x080001dc   0x00000006   Code   RO         8764    .ARM.Collect$$rtexit$$00000004  c_w.l(rtexit2.o)
    0x080001e2   0x00000002   PAD
    0x080001e4   0x0000003c   Code   RO         2406    .text               startup_stm32f40_41xxx.o
    0x08000220   0x000000c8   Code   RO         5416    .text               os_cpu_a.o
    0x080002e8   0x00000002   Code   RO         8531    .text               c_w.l(use_no_semi_2.o)
    0x080002ea   0x00000002   PAD
    0x080002ec   0x00000010   Code   RO         8533    .text               c_w.l(rt_ctype_table.o)
    0x080002fc   0x00000018   Code   RO         8539    .text               c_w.l(noretval__2printf.o)
    0x08000314   0x00000028   Code   RO         8541    .text               c_w.l(noretval__2sprintf.o)
    0x0800033c   0x0000004e   Code   RO         8545    .text               c_w.l(_printf_pad.o)
    0x0800038a   0x00000052   Code   RO         8547    .text               c_w.l(_printf_str.o)
    0x080003dc   0x00000078   Code   RO         8549    .text               c_w.l(_printf_dec.o)
    0x08000454   0x00000058   Code   RO         8554    .text               c_w.l(_printf_hex_int.o)
    0x080004ac   0x00000138   Code   RO         8584    .text               c_w.l(__printf_flags_wp.o)
    0x080005e4   0x0000001a   Code   RO         8596    .text               c_w.l(atoi.o)
    0x080005fe   0x00000070   Code   RO         8598    .text               c_w.l(strtol.o)
    0x0800066e   0x00000002   PAD
    0x08000670   0x0000000c   Code   RO         8600    .text               c_w.l(strtok.o)
    0x0800067c   0x00000014   Code   RO         8603    .text               c_w.l(strchr.o)
    0x08000690   0x00000024   Code   RO         8605    .text               c_w.l(strstr.o)
    0x080006b4   0x00000058   Code   RO         8607    .text               c_w.l(memcmp.o)
    0x0800070c   0x00000048   Code   RO         8609    .text               c_w.l(strcpy.o)
    0x08000754   0x0000003e   Code   RO         8611    .text               c_w.l(strlen.o)
    0x08000792   0x00000096   Code   RO         8613    .text               c_w.l(strncmp.o)
    0x08000828   0x00000018   Code   RO         8615    .text               c_w.l(strcat.o)
    0x08000840   0x0000008a   Code   RO         8617    .text               c_w.l(rt_memcpy_v6.o)
    0x080008ca   0x00000064   Code   RO         8619    .text               c_w.l(rt_memcpy_w.o)
    0x0800092e   0x00000044   Code   RO         8621    .text               c_w.l(rt_memclr.o)
    0x08000972   0x0000004e   Code   RO         8623    .text               c_w.l(rt_memclr_w.o)
    0x080009c0   0x00000056   Code   RO         8625    .text               c_w.l(strncpy.o)
    0x08000a16   0x00000002   PAD
    0x08000a18   0x00000080   Code   RO         8627    .text               c_w.l(strcmpv7m.o)
    0x08000a98   0x00000006   Code   RO         8629    .text               c_w.l(heapauxi.o)
    0x08000a9e   0x00000002   Code   RO         8633    .text               c_w.l(use_no_semi.o)
    0x08000aa0   0x00000008   Code   RO         8639    .text               c_w.l(rt_locale_intlibspace.o)
    0x08000aa8   0x00000008   Code   RO         8644    .text               c_w.l(rt_errno_addr_intlibspace.o)
    0x08000ab0   0x000000b2   Code   RO         8646    .text               c_w.l(_printf_intcommon.o)
    0x08000b62   0x00000002   PAD
    0x08000b64   0x00000030   Code   RO         8648    .text               c_w.l(_printf_char_common.o)
    0x08000b94   0x0000000a   Code   RO         8650    .text               c_w.l(_sputc.o)
    0x08000b9e   0x0000002c   Code   RO         8652    .text               c_w.l(_printf_char.o)
    0x08000bca   0x00000002   PAD
    0x08000bcc   0x00000024   Code   RO         8654    .text               c_w.l(_printf_char_file.o)
    0x08000bf0   0x0000009e   Code   RO         8657    .text               c_w.l(_strtoul.o)
    0x08000c8e   0x00000002   PAD
    0x08000c90   0x00000044   Code   RO         8662    .text               c_w.l(strtok_int.o)
    0x08000cd4   0x00000008   Code   RO         8664    .text               c_w.l(libspace.o)
    0x08000cdc   0x0000001c   Code   RO         8684    .text               c_w.l(_chval.o)
    0x08000cf8   0x00000008   Code   RO         8686    .text               c_w.l(ferror.o)
    0x08000d00   0x00000020   Code   RO         8690    .text               c_w.l(strcspn.o)
    0x08000d20   0x0000001c   Code   RO         8692    .text               c_w.l(strspn.o)
    0x08000d3c   0x0000004a   Code   RO         8739    .text               c_w.l(sys_stackheap_outer.o)
    0x08000d86   0x0000000c   Code   RO         8741    .text               c_w.l(exit.o)
    0x08000d92   0x00000002   PAD
    0x08000d94   0x000000dc   Code   RO         1017    i.ADC_Check         alarm.o
    0x08000e70   0x00000210   Code   RO         1018    i.ADC_Check_Handler  alarm.o
    0x08001080   0x00000016   Code   RO         3659    i.ADC_Cmd           stm32f4xx_adc.o
    0x08001096   0x00000002   PAD
    0x08001098   0x00000030   Code   RO         3660    i.ADC_CommonInit    stm32f4xx_adc.o
    0x080010c8   0x00000008   Code   RO         3671    i.ADC_GetConversionValue  stm32f4xx_adc.o
    0x080010d0   0x00000012   Code   RO         3672    i.ADC_GetFlagStatus  stm32f4xx_adc.o
    0x080010e2   0x00000002   PAD
    0x080010e4   0x00000054   Code   RO         3679    i.ADC_Init          stm32f4xx_adc.o
    0x08001138   0x000000b8   Code   RO         3684    i.ADC_RegularChannelConfig  stm32f4xx_adc.o
    0x080011f0   0x0000000a   Code   RO         3686    i.ADC_SoftwareStartConv  stm32f4xx_adc.o
    0x080011fa   0x00000014   Code   RO         3688    i.ADC_StructInit    stm32f4xx_adc.o
    0x0800120e   0x00000002   PAD
    0x08001210   0x000001b8   Code   RO         1019    i.ALARM_Init        alarm.o
    0x080013c8   0x0000004c   Code   RO         1020    i.ALARM_Update      alarm.o
    0x08001414   0x0000003e   Code   RO          594    i.AT24CXX_Check     24cxx.o
    0x08001452   0x00000022   Code   RO          596    i.AT24CXX_Read      24cxx.o
    0x08001474   0x0000002c   Code   RO          597    i.AT24CXX_ReadLenByte  24cxx.o
    0x080014a0   0x00000070   Code   RO          598    i.AT24CXX_ReadOneByte  24cxx.o
    0x08001510   0x00000024   Code   RO          599    i.AT24CXX_Write     24cxx.o
    0x08001534   0x0000002a   Code   RO          600    i.AT24CXX_WriteLenByte  24cxx.o
    0x0800155e   0x00000002   PAD
    0x08001560   0x0000006c   Code   RO          601    i.AT24CXX_WriteOneByte  24cxx.o
    0x080015cc   0x00000080   Code   RO          400    i.A_ADC_CK_EN       adc.o
    0x0800164c   0x0000018c   Code   RO          401    i.Adc_Init          adc.o
    0x080017d8   0x00000014   Code   RO         1021    i.Alarm_RL_A        alarm.o
    0x080017ec   0x00000080   Code   RO          402    i.B_ADC_CK_EN       adc.o
    0x0800186c   0x0000000c   Code   RO         2056    i.ClearLog          log.o
    0x08001878   0x0000043c   Code   RO         5863    i.Control_CGI_Handler  httpd_cgi_ssi.o
    0x08001cb4   0x000000d0   Code   RO         5864    i.Datetime_CGI_Handler  httpd_cgi_ssi.o
    0x08001d84   0x000000c8   Code   RO         5865    i.Default_CGI_Handler  httpd_cgi_ssi.o
    0x08001e4c   0x00000280   Code   RO         1491    i.DiaplayAFangQuMonitor  displaymenu.o
    0x080020cc   0x00000288   Code   RO         1492    i.DiaplayBFangQuMonitor  displaymenu.o
    0x08002354   0x0000005c   Code   RO         1493    i.DiaplayCalibrationSet  displaymenu.o
    0x080023b0   0x000001c0   Code   RO         1494    i.DiaplayInqAFangQuPara  displaymenu.o
    0x08002570   0x000001c0   Code   RO         1495    i.DiaplayInqBFangQuPara  displaymenu.o
    0x08002730   0x00000054   Code   RO         1496    i.DiaplayInqDatumVal  displaymenu.o
    0x08002784   0x00000094   Code   RO         1497    i.DiaplayInqFangQuPara  displaymenu.o
    0x08002818   0x000002cc   Code   RO         1498    i.DiaplaySetAlarmThreshold  displaymenu.o
    0x08002ae4   0x00000354   Code   RO         1499    i.DiaplaySetBuFangPara  displaymenu.o
    0x08002e38   0x0000046c   Code   RO         1500    i.DiaplaySetExtDeviceTypeScreen  displaymenu.o
    0x080032a4   0x00000098   Code   RO         1501    i.DiaplaySetFangQuPara  displaymenu.o
    0x0800333c   0x00000284   Code   RO         1502    i.DisplayAareaDatumVal  displaymenu.o
    0x080035c0   0x00000280   Code   RO         1503    i.DisplayAareaZeroVal  displaymenu.o
    0x08003840   0x00000af0   Code   RO         1504    i.DisplayAlarmTypeList  displaymenu.o
    0x08004330   0x0000029c   Code   RO         1505    i.DisplayBareaDatumVal  displaymenu.o
    0x080045cc   0x0000029c   Code   RO         1506    i.DisplayBareaZeroVal  displaymenu.o
    0x08004868   0x00000088   Code   RO         1507    i.DisplayClearDuanXianAlarmRecord  displaymenu.o
    0x080048f0   0x00000088   Code   RO         1508    i.DisplayClearRuQinAlarmRecord  displaymenu.o
    0x08004978   0x0000005c   Code   RO         1509    i.DisplayDatumCalibration  displaymenu.o
    0x080049d4   0x00000030   Code   RO         1510    i.DisplayInitMenu   displaymenu.o
    0x08004a04   0x00000040   Code   RO         1511    i.DisplayInputPassword  displaymenu.o
    0x08004a44   0x00000054   Code   RO         1512    i.DisplayInqAAreaDuanXianAlarmRecord  displaymenu.o
    0x08004a98   0x00000054   Code   RO         1513    i.DisplayInqAAreaRuQinAlarmRecord  displaymenu.o
    0x08004aec   0x00000068   Code   RO         1514    i.DisplayInqAlarmRecord  displaymenu.o
    0x08004b54   0x0000013c   Code   RO         1515    i.DisplayInqAlarmThreshold  displaymenu.o
    0x08004c90   0x00000054   Code   RO         1516    i.DisplayInqBAreaDuanXianAlarmRecord  displaymenu.o
    0x08004ce4   0x00000054   Code   RO         1517    i.DisplayInqBAreaRuQinAlarmRecord  displaymenu.o
    0x08004d38   0x0000007c   Code   RO         1518    i.DisplayInqBaseAutoCalibrateTime  displaymenu.o
    0x08004db4   0x00000160   Code   RO         1519    i.DisplayInqBuFangPara  displaymenu.o
    0x08004f14   0x00000054   Code   RO         1520    i.DisplayInqCalibrationVal  displaymenu.o
    0x08004f68   0x00000090   Code   RO         1521    i.DisplayInqDuanXianAlarmRecord  displaymenu.o
    0x08004ff8   0x00000100   Code   RO         1522    i.DisplayInqEthPara  displaymenu.o
    0x080050f8   0x00000220   Code   RO         1523    i.DisplayInqExtDeviceType  displaymenu.o
    0x08005318   0x00000034   Code   RO         1524    i.DisplayInqFangChaiAlarmRecord  displaymenu.o
    0x0800534c   0x00000090   Code   RO         1525    i.DisplayInqFullScale  displaymenu.o
    0x080053dc   0x00000060   Code   RO         1526    i.DisplayInqGateWay  displaymenu.o
    0x0800543c   0x00000084   Code   RO         1527    i.DisplayInqIpAddr  displaymenu.o
    0x080054c0   0x000000a0   Code   RO         1528    i.DisplayInqMacAddr  displaymenu.o
    0x08005560   0x00000090   Code   RO         1529    i.DisplayInqRuQinAlarmRecord  displaymenu.o
    0x080055f0   0x00000070   Code   RO         1530    i.DisplayInqSubnetMask  displaymenu.o
    0x08005660   0x00000060   Code   RO         1531    i.DisplayInqSysPara  displaymenu.o
    0x080056c0   0x00000054   Code   RO         1532    i.DisplayInqZeroVal  displaymenu.o
    0x08005714   0x000000b0   Code   RO         1533    i.DisplayInquireMenu  displaymenu.o
    0x080057c4   0x0000006c   Code   RO         1534    i.DisplayNotAtValidRange  displaymenu.o
    0x08005830   0x00000060   Code   RO         1535    i.DisplayOrdinaryUserRootMenu  displaymenu.o
    0x08005890   0x00000058   Code   RO         1536    i.DisplayPasswordError  displaymenu.o
    0x080058e8   0x000000f0   Code   RO         1537    i.DisplayRunMenu    displaymenu.o
    0x080059d8   0x00000234   Code   RO         1538    i.DisplaySetAFangQuPara  displaymenu.o
    0x08005c0c   0x00000234   Code   RO         1539    i.DisplaySetBFangQuPara  displaymenu.o
    0x08005e40   0x00000070   Code   RO         1540    i.DisplaySetBaseAutoCalibrateTime  displaymenu.o
    0x08005eb0   0x000000b8   Code   RO         1541    i.DisplaySetClearRecord  displaymenu.o
    0x08005f68   0x000004ec   Code   RO         1542    i.DisplaySetDateTime  displaymenu.o
    0x08006454   0x00000100   Code   RO         1543    i.DisplaySetEthPara  displaymenu.o
    0x08006554   0x0000007c   Code   RO         1544    i.DisplaySetFullScale  displaymenu.o
    0x080065d0   0x000000dc   Code   RO         1545    i.DisplaySetGateWay  displaymenu.o
    0x080066ac   0x000000f0   Code   RO         1546    i.DisplaySetIpAddr  displaymenu.o
    0x0800679c   0x000000c8   Code   RO         1547    i.DisplaySetMacAddr  displaymenu.o
    0x08006864   0x000000b0   Code   RO         1548    i.DisplaySetMenu    displaymenu.o
    0x08006914   0x000000ec   Code   RO         1549    i.DisplaySetSubnetMask  displaymenu.o
    0x08006a00   0x000000ac   Code   RO         1550    i.DisplaySetSysPara  displaymenu.o
    0x08006aac   0x000000b0   Code   RO         1551    i.DisplaySuperUserRootMenu  displaymenu.o
    0x08006b5c   0x00000070   Code   RO         1552    i.DisplayTensionMonitor  displaymenu.o
    0x08006bcc   0x00000084   Code   RO         1553    i.DisplayUserLogin  displaymenu.o
    0x08006c50   0x000000dc   Code   RO         1554    i.DisplayVersionMenu  displaymenu.o
    0x08006d2c   0x0000005c   Code   RO         1555    i.DisplayZeroCalibration  displaymenu.o
    0x08006d88   0x00000034   Code   RO         1556    i.DisplayZhengZaiQingChu  displaymenu.o
    0x08006dbc   0x00000084   Code   RO         1311    i.Display_16x16     lcd.o
    0x08006e40   0x00000084   Code   RO         1314    i.Display_8x16      lcd.o
    0x08006ec4   0x000000b0   Code   RO         1318    i.Display_Line_Index_16x16  lcd.o
    0x08006f74   0x00000094   Code   RO         1319    i.Display_Line_Index_8x16  lcd.o
    0x08007008   0x00000130   Code   RO         1320    i.Display_Line_Index_8x16_16x16  lcd.o
    0x08007138   0x000000d8   Code   RO         1322    i.Display_Line_Index_8x16_pn  lcd.o
    0x08007210   0x00000050   Code   RO         1558    i.Displayzhengzaijiaozhun  displaymenu.o
    0x08007260   0x00000020   Code   RO          836    i.ETHERNET_NVICConfiguration  lan8720.o
    0x08007280   0x0000000c   Code   RO         3135    i.ETH_DMAClearITPendingBit  stm32f4x7_eth.o
    0x0800728c   0x00000020   Code   RO         3136    i.ETH_DMAITConfig   stm32f4x7_eth.o
    0x080072ac   0x00000024   Code   RO         3137    i.ETH_DMAReceptionCmd  stm32f4x7_eth.o
    0x080072d0   0x00000064   Code   RO         3138    i.ETH_DMARxDescChainInit  stm32f4x7_eth.o
    0x08007334   0x00000024   Code   RO         3140    i.ETH_DMATransmissionCmd  stm32f4x7_eth.o
    0x08007358   0x00000050   Code   RO         3143    i.ETH_DMATxDescChainInit  stm32f4x7_eth.o
    0x080073a8   0x00000008   Code   RO         3144    i.ETH_DMATxDescChecksumInsertionConfig  stm32f4x7_eth.o
    0x080073b0   0x00000028   Code   RO         3149    i.ETH_DeInit        stm32f4x7_eth.o
    0x080073d8   0x0000001c   Code   RO         3150    i.ETH_Delay         stm32f4x7_eth.o
    0x080073f4   0x00000014   Code   RO         3152    i.ETH_FlushTransmitFIFO  stm32f4x7_eth.o
    0x08007408   0x0000000c   Code   RO          837    i.ETH_GetCurrentTxBuffer  lan8720.o
    0x08007414   0x0000000a   Code   RO         3164    i.ETH_GetDMARxDescFrameLength  stm32f4x7_eth.o
    0x0800741e   0x0000002a   Code   RO         3177    i.ETH_GetRxPktSize  stm32f4x7_eth.o
    0x08007448   0x00000018   Code   RO         3178    i.ETH_GetSoftwareResetStatus  stm32f4x7_eth.o
    0x08007460   0x00000018   Code   RO          838    i.ETH_Get_Link_Status  lan8720.o
    0x08007478   0x00000030   Code   RO          839    i.ETH_IRQHandler    lan8720.o
    0x080074a8   0x0000029c   Code   RO         3183    i.ETH_Init          stm32f4x7_eth.o
    0x08007744   0x00000034   Code   RO         3185    i.ETH_MACAddressConfig  stm32f4x7_eth.o
    0x08007778   0x000000a0   Code   RO          840    i.ETH_MACDMA_Config  lan8720.o
    0x08007818   0x00000024   Code   RO         3190    i.ETH_MACReceptionCmd  stm32f4x7_eth.o
    0x0800783c   0x00000024   Code   RO         3191    i.ETH_MACTransmissionCmd  stm32f4x7_eth.o
    0x08007860   0x0000003c   Code   RO          841    i.ETH_Mem_Free      lan8720.o
    0x0800789c   0x0000006c   Code   RO          842    i.ETH_Mem_Malloc    lan8720.o
    0x08007908   0x0000006c   Code   RO         3203    i.ETH_ReadPHYRegister  stm32f4x7_eth.o
    0x08007974   0x00000024   Code   RO          843    i.ETH_Reinit        lan8720.o
    0x08007998   0x0000009c   Code   RO          844    i.ETH_Rx_Packet     lan8720.o
    0x08007a34   0x00000014   Code   RO         3211    i.ETH_SoftwareReset  stm32f4x7_eth.o
    0x08007a48   0x00000020   Code   RO         3212    i.ETH_Start         stm32f4x7_eth.o
    0x08007a68   0x000000b2   Code   RO         3213    i.ETH_StructInit    stm32f4x7_eth.o
    0x08007b1a   0x00000002   PAD
    0x08007b1c   0x00000068   Code   RO          845    i.ETH_Tx_Packet     lan8720.o
    0x08007b84   0x00000068   Code   RO         3215    i.ETH_WritePHYRegister  stm32f4x7_eth.o
    0x08007bec   0x00000012   Code   RO         1022    i.EXTI15_10_IRQHandler  alarm.o
    0x08007bfe   0x00000012   Code   RO         1023    i.EXTI9_5_IRQHandler  alarm.o
    0x08007c10   0x0000006a   Code   RO         1024    i.EXTIX_Init        alarm.o
    0x08007c7a   0x00000002   PAD
    0x08007c7c   0x0000000c   Code   RO         4589    i.EXTI_ClearITPendingBit  stm32f4xx_exti.o
    0x08007c88   0x00000094   Code   RO         4594    i.EXTI_Init         stm32f4xx_exti.o
    0x08007d1c   0x00000044   Code   RO          602    i.EraseEEPormParas  24cxx.o
    0x08007d60   0x00000020   Code   RO          603    i.EraseEEProm       24cxx.o
    0x08007d80   0x00000058   Code   RO         5511    i.Eth_Link_ITHandler  lwip_comm.o
    0x08007dd8   0x00000234   Code   RO         5512    i.Eth_re_link       lwip_comm.o
    0x0800800c   0x00000094   Code   RO         1025    i.FANG_CHAI_Check   alarm.o
    0x080080a0   0x00000014   Code   RO         1026    i.FangChai_Start    alarm.o
    0x080080b4   0x00000014   Code   RO         1027    i.FangChai_Stop     alarm.o
    0x080080c8   0x00000074   Code   RO         2057    i.FastClearLog      log.o
    0x0800813c   0x00000022   Code   RO         2058    i.FastEraseLogEEProm  log.o
    0x0800815e   0x0000002c   Code   RO         5866    i.FindCGIParameter  httpd_cgi_ssi.o
    0x0800818a   0x00000090   Code   RO         2457    i.GPIO_Init         stm32f4xx_gpio.o
    0x0800821a   0x00000046   Code   RO         2458    i.GPIO_PinAFConfig  stm32f4xx_gpio.o
    0x08008260   0x00000004   Code   RO         2464    i.GPIO_ResetBits    stm32f4xx_gpio.o
    0x08008264   0x00000078   Code   RO         1559    i.GetGateWay        displaymenu.o
    0x080082dc   0x00000078   Code   RO         1560    i.GetIpAddr         displaymenu.o
    0x08008354   0x00000078   Code   RO         1561    i.GetSubNetMask     displaymenu.o
    0x080083cc   0x00000040   Code   RO          403    i.Get_Adc           adc.o
    0x0800840c   0x00000034   Code   RO         1562    i.HEX2ASCII         displaymenu.o
    0x08008440   0x00000018   Code   RO         1563    i.HEX2ASCII_2       displaymenu.o
    0x08008458   0x000000a4   Code   RO            3    i.HardFault_Handler  main.o
    0x080084fc   0x00000024   Code   RO          929    i.Hex2BCD           pcf8563.o
    0x08008520   0x000000b8   Code   RO          991    i.IICRead           iicrw.o
    0x080085d8   0x00000098   Code   RO          992    i.IICWrite          iicrw.o
    0x08008670   0x00000050   Code   RO          526    i.IIC_Ack           myiic.o
    0x080086c0   0x0000006c   Code   RO          527    i.IIC_Init          myiic.o
    0x0800872c   0x00000050   Code   RO          528    i.IIC_NAck          myiic.o
    0x0800877c   0x0000006c   Code   RO          529    i.IIC_Read_Byte     myiic.o
    0x080087e8   0x00000068   Code   RO          530    i.IIC_Send_Byte     myiic.o
    0x08008850   0x00000054   Code   RO          531    i.IIC_Start         myiic.o
    0x080088a4   0x0000005c   Code   RO          532    i.IIC_Stop          myiic.o
    0x08008900   0x00000064   Code   RO          533    i.IIC_Wait_Ack      myiic.o
    0x08008964   0x00000040   Code   RO         1284    i.KEY_Init          key.o
    0x080089a4   0x000000dc   Code   RO         1285    i.KEY_Scan          key.o
    0x08008a80   0x0000011c   Code   RO          847    i.LAN8720_Init      lan8720.o
    0x08008b9c   0x000000f4   Code   RO         1324    i.LCD_Init          lcd.o
    0x08008c90   0x00000074   Code   RO          506    i.LED_Init          led.o
    0x08008d04   0x00000060   Code   RO          798    i.LM75_ReadTemp     lm75.o
    0x08008d64   0x0000005c   Code   RO          799    i.LM75_ReadTempStr  lm75.o
    0x08008dc0   0x00000044   Code   RO         1325    i.LcdCheckBusy      lcd.o
    0x08008e04   0x00000014   Code   RO         1326    i.LcdSetColumn      lcd.o
    0x08008e18   0x00000010   Code   RO         1327    i.LcdSetLine        lcd.o
    0x08008e28   0x00000010   Code   RO         1328    i.LcdSetPage        lcd.o
    0x08008e38   0x00000040   Code   RO         1329    i.LcdWriteCmd       lcd.o
    0x08008e78   0x00000044   Code   RO         1330    i.LcdWriteData      lcd.o
    0x08008ebc   0x00000036   Code   RO         1331    i.Lcd_Clear         lcd.o
    0x08008ef2   0x00000002   PAD
    0x08008ef4   0x00000048   Code   RO         1332    i.Lcd_Cs            lcd.o
    0x08008f3c   0x00000010   Code   RO         1333    i.Lcd_On_Off        lcd.o
    0x08008f4c   0x00000028   Code   RO         1334    i.Lcd_Reset         lcd.o
    0x08008f74   0x00000134   Code   RO         5867    i.Log_Handler       httpd_cgi_ssi.o
    0x080090a8   0x00000070   Code   RO         2060    i.Log_Init          log.o
    0x08009118   0x00000048   Code   RO         1564    i.MacAddrInsertMaohao  displaymenu.o
    0x08009160   0x00000078   Code   RO         2412    i.NVIC_Init         misc.o
    0x080091d8   0x00000014   Code   RO         2413    i.NVIC_PriorityGroupConfig  misc.o
    0x080091ec   0x000000e4   Code   RO         5868    i.Network_CGI_Handler  httpd_cgi_ssi.o
    0x080092d0   0x00000058   Code   RO         4651    i.OSEventNameSet    os_core.o
    0x08009328   0x00000030   Code   RO         4652    i.OSInit            os_core.o
    0x08009358   0x00000002   Code   RO         5421    i.OSInitHookBegin   os_cpu_c.o
    0x0800935a   0x00000002   Code   RO         5422    i.OSInitHookEnd     os_cpu_c.o
    0x0800935c   0x00000024   Code   RO         4653    i.OSIntEnter        os_core.o
    0x08009380   0x00000090   Code   RO         4654    i.OSIntExit         os_core.o
    0x08009410   0x00000054   Code   RO         4942    i.OSMboxCreate      os_mbox.o
    0x08009464   0x00000104   Code   RO         4944    i.OSMboxPend        os_mbox.o
    0x08009568   0x00000050   Code   RO         4946    i.OSMboxPost        os_mbox.o
    0x080095b8   0x0000009c   Code   RO         5060    i.OSMutexCreate     os_mutex.o
    0x08009654   0x00000238   Code   RO         5062    i.OSMutexPend       os_mutex.o
    0x0800988c   0x000000c8   Code   RO         5063    i.OSMutexPost       os_mutex.o
    0x08009954   0x00000084   Code   RO         5065    i.OSMutex_RdyAtPrio  os_mutex.o
    0x080099d8   0x000000a0   Code   RO         5115    i.OSQCreate         os_q.o
    0x08009a78   0x00000104   Code   RO         5116    i.OSQDel            os_q.o
    0x08009b7c   0x0000011c   Code   RO         5118    i.OSQPend           os_q.o
    0x08009c98   0x00000072   Code   RO         5120    i.OSQPost           os_q.o
    0x08009d0a   0x00000062   Code   RO         5123    i.OSQQuery          os_q.o
    0x08009d6c   0x00000040   Code   RO         4655    i.OSSchedLock       os_core.o
    0x08009dac   0x00000060   Code   RO         4656    i.OSSchedUnlock     os_core.o
    0x08009e0c   0x00000054   Code   RO         5195    i.OSSemCreate       os_sem.o
    0x08009e60   0x000000e0   Code   RO         5196    i.OSSemDel          os_sem.o
    0x08009f40   0x000000ec   Code   RO         5197    i.OSSemPend         os_sem.o
    0x0800a02c   0x00000058   Code   RO         5199    i.OSSemPost         os_sem.o
    0x0800a084   0x0000004c   Code   RO         5200    i.OSSemQuery        os_sem.o
    0x0800a0d0   0x00000048   Code   RO         4657    i.OSStart           os_core.o
    0x0800a118   0x0000004c   Code   RO         4658    i.OSStatInit        os_core.o
    0x0800a164   0x00000002   Code   RO         5423    i.OSTCBInitHook     os_cpu_c.o
    0x0800a166   0x00000002   PAD
    0x0800a168   0x000000a0   Code   RO         5257    i.OSTaskCreate      os_task.o
    0x0800a208   0x000000b8   Code   RO         5258    i.OSTaskCreateExt   os_task.o
    0x0800a2c0   0x00000002   Code   RO         5424    i.OSTaskCreateHook  os_cpu_c.o
    0x0800a2c2   0x00000002   PAD
    0x0800a2c4   0x00000154   Code   RO         5259    i.OSTaskDel         os_task.o
    0x0800a418   0x00000002   Code   RO         5425    i.OSTaskDelHook     os_cpu_c.o
    0x0800a41a   0x00000002   Code   RO         5426    i.OSTaskIdleHook    os_cpu_c.o
    0x0800a41c   0x00000070   Code   RO         5262    i.OSTaskNameSet     os_task.o
    0x0800a48c   0x00000002   Code   RO         5427    i.OSTaskReturnHook  os_cpu_c.o
    0x0800a48e   0x00000002   Code   RO         5428    i.OSTaskStatHook    os_cpu_c.o
    0x0800a490   0x0000008c   Code   RO         5267    i.OSTaskStkChk      os_task.o
    0x0800a51c   0x000001b0   Code   RO         5429    i.OSTaskStkInit     os_cpu_c.o
    0x0800a6cc   0x000000a8   Code   RO         5268    i.OSTaskSuspend     os_task.o
    0x0800a774   0x00000002   Code   RO         5430    i.OSTaskSwHook      os_cpu_c.o
    0x0800a776   0x00000002   PAD
    0x0800a778   0x00000078   Code   RO         5360    i.OSTimeDly         os_time.o
    0x0800a7f0   0x0000001c   Code   RO         5363    i.OSTimeGet         os_time.o
    0x0800a80c   0x000000ec   Code   RO         4659    i.OSTimeTick        os_core.o
    0x0800a8f8   0x00000002   Code   RO         5431    i.OSTimeTickHook    os_cpu_c.o
    0x0800a8fa   0x00000002   Code   RO         4661    i.OS_Dummy          os_core.o
    0x0800a8fc   0x00000084   Code   RO         4662    i.OS_EventTaskRdy   os_core.o
    0x0800a980   0x0000002a   Code   RO         4663    i.OS_EventTaskRemove  os_core.o
    0x0800a9aa   0x00000002   PAD
    0x0800a9ac   0x0000007c   Code   RO         4664    i.OS_EventTaskWait  os_core.o
    0x0800aa28   0x0000001c   Code   RO         4665    i.OS_EventWaitListInit  os_core.o
    0x0800aa44   0x00000058   Code   RO         4861    i.OS_FlagInit       os_flag.o
    0x0800aa9c   0x00000024   Code   RO         4863    i.OS_FlagUnlink     os_flag.o
    0x0800aac0   0x00000060   Code   RO         4666    i.OS_InitEventList  os_core.o
    0x0800ab20   0x00000054   Code   RO         4667    i.OS_InitMisc       os_core.o
    0x0800ab74   0x00000044   Code   RO         4668    i.OS_InitRdyList    os_core.o
    0x0800abb8   0x00000080   Code   RO         4669    i.OS_InitTCBList    os_core.o
    0x0800ac38   0x00000050   Code   RO         4670    i.OS_InitTaskIdle   os_core.o
    0x0800ac88   0x00000050   Code   RO         4671    i.OS_InitTaskStat   os_core.o
    0x0800acd8   0x00000012   Code   RO         4672    i.OS_MemClr         os_core.o
    0x0800acea   0x00000002   PAD
    0x0800acec   0x00000058   Code   RO         5009    i.OS_MemInit        os_mem.o
    0x0800ad44   0x00000050   Code   RO         5124    i.OS_QInit          os_q.o
    0x0800ad94   0x00000074   Code   RO         4674    i.OS_Sched          os_core.o
    0x0800ae08   0x0000002c   Code   RO         4675    i.OS_SchedNew       os_core.o
    0x0800ae34   0x00000134   Code   RO         4677    i.OS_TCBInit        os_core.o
    0x0800af68   0x00000028   Code   RO         4678    i.OS_TaskIdle       os_core.o
    0x0800af90   0x00000018   Code   RO         5269    i.OS_TaskReturn     os_task.o
    0x0800afa8   0x00000088   Code   RO         4679    i.OS_TaskStat       os_core.o
    0x0800b030   0x0000003c   Code   RO         4680    i.OS_TaskStatStkChk  os_core.o
    0x0800b06c   0x0000001a   Code   RO         5270    i.OS_TaskStkClr     os_task.o
    0x0800b086   0x00000002   PAD
    0x0800b088   0x000000b0   Code   RO          931    i.PCF8563_Get_Str   pcf8563.o
    0x0800b138   0x00000104   Code   RO          933    i.PCF8563_Set       pcf8563.o
    0x0800b23c   0x00000090   Code   RO          934    i.PCF8563_Set_Str   pcf8563.o
    0x0800b2cc   0x0000001c   Code   RO         1030    i.Push_A_Start      alarm.o
    0x0800b2e8   0x00000024   Code   RO         1031    i.Push_A_Stop       alarm.o
    0x0800b30c   0x0000001c   Code   RO         1032    i.Push_B_Start      alarm.o
    0x0800b328   0x00000024   Code   RO         1033    i.Push_B_Stop       alarm.o
    0x0800b34c   0x00000020   Code   RO         2554    i.RCC_AHB1PeriphClockCmd  stm32f4xx_rcc.o
    0x0800b36c   0x00000020   Code   RO         2563    i.RCC_APB1PeriphClockCmd  stm32f4xx_rcc.o
    0x0800b38c   0x00000020   Code   RO         2566    i.RCC_APB2PeriphClockCmd  stm32f4xx_rcc.o
    0x0800b3ac   0x00000020   Code   RO         2568    i.RCC_APB2PeriphResetCmd  stm32f4xx_rcc.o
    0x0800b3cc   0x000000e8   Code   RO         2575    i.RCC_GetClocksFreq  stm32f4xx_rcc.o
    0x0800b4b4   0x00000024   Code   RO          605    i.ReadAdcBaseFromEEProm  24cxx.o
    0x0800b4d8   0x00000024   Code   RO          606    i.ReadAdcZeroFromEEProm  24cxx.o
    0x0800b4fc   0x00000044   Code   RO          607    i.ReadAlmThrdFromEEProm  24cxx.o
    0x0800b540   0x00000024   Code   RO          608    i.ReadBaseAutoCalibrateTimeFromEEProm  24cxx.o
    0x0800b564   0x00000014   Code   RO          609    i.ReadConfigCodeToEEProm  24cxx.o
    0x0800b578   0x00000040   Code   RO          610    i.ReadControlParaFromEEProm  24cxx.o
    0x0800b5b8   0x000000c4   Code   RO          611    i.ReadFieldParaFromEEProm  24cxx.o
    0x0800b67c   0x00000030   Code   RO         2061    i.ReadFirstLog      log.o
    0x0800b6ac   0x00000090   Code   RO         2062    i.ReadLCDFirstPageLog  log.o
    0x0800b73c   0x00000090   Code   RO         2063    i.ReadLCDNextPageLog  log.o
    0x0800b7cc   0x00000098   Code   RO         2064    i.ReadLCDPreviousPageLog  log.o
    0x0800b864   0x00000040   Code   RO          612    i.ReadNetParasFromEEProm  24cxx.o
    0x0800b8a4   0x000000c4   Code   RO         2065    i.ReadNextLog       log.o
    0x0800b968   0x000000b0   Code   RO         2066    i.ReadPreviousLog   log.o
    0x0800ba18   0x00000020   Code   RO          613    i.ReadSWValToEEProm  24cxx.o
    0x0800ba38   0x00000024   Code   RO          614    i.ReadTensionMaxRangeFromEEProm  24cxx.o
    0x0800ba5c   0x000000a8   Code   RO         2067    i.ReadWebFirstPageLog  log.o
    0x0800bb04   0x000000a0   Code   RO         2068    i.ReadWebNextPageLog  log.o
    0x0800bba4   0x000000cc   Code   RO         2069    i.ReadWebPreviousPageLog  log.o
    0x0800bc70   0x00000028   Code   RO         1034    i.Remove_Alarm_RL_A  alarm.o
    0x0800bc98   0x000002c0   Code   RO         5870    i.SSIHandler        httpd_cgi_ssi.o
    0x0800bf58   0x0000000c   Code   RO         2890    i.SYSCFG_ETH_MediaInterfaceConfig  stm32f4xx_syscfg.o
    0x0800bf64   0x00000040   Code   RO         2891    i.SYSCFG_EXTILineConfig  stm32f4xx_syscfg.o
    0x0800bfa4   0x000000a8   Code   RO         1565    i.SetGateWay        displaymenu.o
    0x0800c04c   0x000000a8   Code   RO         1566    i.SetIpAddr         displaymenu.o
    0x0800c0f4   0x000000a8   Code   RO         1567    i.SetSubNetMask     displaymenu.o
    0x0800c19c   0x000000ec   Code   RO          341    i.SetSysClock       system_stm32f4xx.o
    0x0800c288   0x00000034   Code   RO         1035    i.Set_Alarm_State_Util_Clear  alarm.o
    0x0800c2bc   0x00000090   Code   RO         5871    i.Shutdown_Handler  httpd_cgi_ssi.o
    0x0800c34c   0x0000006c   Code   RO         5872    i.Switch_Handler    httpd_cgi_ssi.o
    0x0800c3b8   0x00000028   Code   RO         2416    i.SysTick_CLKSourceConfig  misc.o
    0x0800c3e0   0x0000001c   Code   RO         2228    i.SysTick_Handler   delay.o
    0x0800c3fc   0x00000010   Code   RO         2287    i.Sys_Soft_Reset    sys.o
    0x0800c40c   0x00000068   Code   RO          343    i.SystemInit        system_stm32f4xx.o
    0x0800c474   0x0000002c   Code   RO         2288    i.SystemReset       sys.o
    0x0800c4a0   0x00000210   Code   RO         1999    i.TIM3_IRQHandler   timer.o
    0x0800c6b0   0x0000005c   Code   RO         2000    i.TIM3_Int_Init     timer.o
    0x0800c70c   0x000000e0   Code   RO         2001    i.TIM4_IRQHandler   timer.o
    0x0800c7ec   0x0000005c   Code   RO         2002    i.TIM4_Int_Init     timer.o
    0x0800c848   0x000000a0   Code   RO         2003    i.TIM5_IRQHandler   timer.o
    0x0800c8e8   0x0000005c   Code   RO         2004    i.TIM5_Int_Init     timer.o
    0x0800c944   0x00000006   Code   RO         4037    i.TIM_ClearITPendingBit  stm32f4xx_tim.o
    0x0800c94a   0x00000018   Code   RO         4042    i.TIM_Cmd           stm32f4xx_tim.o
    0x0800c962   0x00000022   Code   RO         4063    i.TIM_GetITStatus   stm32f4xx_tim.o
    0x0800c984   0x00000012   Code   RO         4067    i.TIM_ITConfig      stm32f4xx_tim.o
    0x0800c996   0x00000002   PAD
    0x0800c998   0x00000084   Code   RO         4114    i.TIM_TimeBaseInit  stm32f4xx_tim.o
    0x0800ca1c   0x0000000c   Code   RO         5873    i.Temperate_Handler  httpd_cgi_ssi.o
    0x0800ca28   0x00000090   Code   RO         2344    i.USART1_IRQHandler  usart.o
    0x0800cab8   0x00000018   Code   RO         2948    i.USART_Cmd         stm32f4xx_usart.o
    0x0800cad0   0x00000054   Code   RO         2952    i.USART_GetITStatus  stm32f4xx_usart.o
    0x0800cb24   0x0000004a   Code   RO         2954    i.USART_ITConfig    stm32f4xx_usart.o
    0x0800cb6e   0x00000002   PAD
    0x0800cb70   0x000000d4   Code   RO         2955    i.USART_Init        stm32f4xx_usart.o
    0x0800cc44   0x0000000a   Code   RO         2962    i.USART_ReceiveData  stm32f4xx_usart.o
    0x0800cc4e   0x00000002   PAD
    0x0800cc50   0x00000040   Code   RO         1568    i.UpdateAlarmRecord  displaymenu.o
    0x0800cc90   0x00000024   Code   RO          615    i.WriteAdcBaseToEEProm  24cxx.o
    0x0800ccb4   0x00000024   Code   RO          616    i.WriteAdcZeroToEEProm  24cxx.o
    0x0800ccd8   0x00000038   Code   RO          617    i.WriteAlmThrdToEEProm  24cxx.o
    0x0800cd10   0x00000020   Code   RO          618    i.WriteBaseAutoCalibrateTimeToEEProm  24cxx.o
    0x0800cd30   0x00000014   Code   RO          619    i.WriteConfigCodeToEEProm  24cxx.o
    0x0800cd44   0x0000003c   Code   RO          620    i.WriteControlParaToEEProm  24cxx.o
    0x0800cd80   0x000000a8   Code   RO          621    i.WriteFieldParaToEEProm  24cxx.o
    0x0800ce28   0x0000005c   Code   RO         1336    i.WriteLcdDataBus   lcd.o
    0x0800ce84   0x000000ac   Code   RO         2070    i.WriteLog          log.o
    0x0800cf30   0x00000040   Code   RO          622    i.WriteNetParasToEEProm  24cxx.o
    0x0800cf70   0x0000001c   Code   RO          623    i.WriteSWValToEEProm  24cxx.o
    0x0800cf8c   0x00000020   Code   RO          624    i.WriteTensionMaxRangeToEEProm  24cxx.o
    0x0800cfac   0x0000000e   Code   RO         8582    i._is_digit         c_w.l(__printf_wp.o)
    0x0800cfba   0x00000006   Code   RO         2345    i._sys_exit         usart.o
    0x0800cfc0   0x000000b0   Code   RO         7883    i.accept_function   api_msg.o
    0x0800d070   0x0000001c   Code   RO         7408    i.arp_timer         timers.o
    0x0800d08c   0x0000014c   Code   RO          406    i.calibrating       adc.o
    0x0800d1d8   0x00000054   Code   RO         2229    i.delay_init        delay.o
    0x0800d22c   0x00000050   Code   RO         2230    i.delay_ms          delay.o
    0x0800d27c   0x00000008   Code   RO         2231    i.delay_osschedlock  delay.o
    0x0800d284   0x00000008   Code   RO         2232    i.delay_osschedunlock  delay.o
    0x0800d28c   0x0000000c   Code   RO         2233    i.delay_ostimedly   delay.o
    0x0800d298   0x00000058   Code   RO         2234    i.delay_us          delay.o
    0x0800d2f0   0x00000012   Code   RO         5970    i.disconnect_server  tcp_server.o
    0x0800d302   0x00000074   Code   RO         7884    i.do_bind           api_msg.o
    0x0800d376   0x00000002   PAD
    0x0800d378   0x00000140   Code   RO         7885    i.do_close          api_msg.o
    0x0800d4b8   0x000002b4   Code   RO         7886    i.do_close_internal  api_msg.o
    0x0800d76c   0x000001d4   Code   RO         7889    i.do_delconn        api_msg.o
    0x0800d940   0x00000130   Code   RO         7891    i.do_getaddr        api_msg.o
    0x0800da70   0x000000cc   Code   RO         7892    i.do_listen         api_msg.o
    0x0800db3c   0x00000020   Code   RO         7893    i.do_newconn        api_msg.o
    0x0800db5c   0x00000048   Code   RO         7894    i.do_recv           api_msg.o
    0x0800dba4   0x00000124   Code   RO         7896    i.do_write          api_msg.o
    0x0800dcc8   0x000002e4   Code   RO         7897    i.do_writemore      api_msg.o
    0x0800dfac   0x0000019c   Code   RO         7898    i.err_tcp           api_msg.o
    0x0800e148   0x000001c0   Code   RO         6046    i.etharp_arp_input  etharp.o
    0x0800e308   0x000002f0   Code   RO         6049    i.etharp_find_entry  etharp.o
    0x0800e5f8   0x00000078   Code   RO         6050    i.etharp_free_entry  etharp.o
    0x0800e670   0x00000208   Code   RO         6051    i.etharp_output     etharp.o
    0x0800e878   0x00000114   Code   RO         6052    i.etharp_output_to_arp_index  etharp.o
    0x0800e98c   0x00000278   Code   RO         6053    i.etharp_query      etharp.o
    0x0800ec04   0x0000019c   Code   RO         6054    i.etharp_raw        etharp.o
    0x0800eda0   0x00000030   Code   RO         6055    i.etharp_request    etharp.o
    0x0800edd0   0x000000b0   Code   RO         6056    i.etharp_send_ip    etharp.o
    0x0800ee80   0x00000094   Code   RO         6057    i.etharp_tmr        etharp.o
    0x0800ef14   0x00000158   Code   RO         6058    i.etharp_update_arp_entry  etharp.o
    0x0800f06c   0x00000144   Code   RO         6059    i.ethernet_input    etharp.o
    0x0800f1b0   0x000000a4   Code   RO         6152    i.ethernetif_init   ethernetif.o
    0x0800f254   0x00000030   Code   RO         6153    i.ethernetif_input  ethernetif.o
    0x0800f284   0x0000007e   Code   RO         5720    i.extract_uri_parameters  httpd.o
    0x0800f302   0x00000002   PAD
    0x0800f304   0x0000001c   Code   RO         2346    i.fputc             usart.o
    0x0800f320   0x0000000a   Code   RO         5659    i.fs_bytes_left     fs.o
    0x0800f32a   0x0000000c   Code   RO         5660    i.fs_close          fs.o
    0x0800f336   0x00000002   PAD
    0x0800f338   0x00000034   Code   RO         5661    i.fs_free           fs.o
    0x0800f36c   0x0000003c   Code   RO         5662    i.fs_malloc         fs.o
    0x0800f3a8   0x0000004c   Code   RO         5663    i.fs_open           fs.o
    0x0800f3f4   0x0000003e   Code   RO         5664    i.fs_read           fs.o
    0x0800f432   0x00000002   PAD
    0x0800f434   0x0000002c   Code   RO         1037    i.getAlarmDelay     alarm.o
    0x0800f460   0x00000054   Code   RO         1038    i.getAlarmDelayedStatus  alarm.o
    0x0800f4b4   0x00000054   Code   RO         1039    i.getAlarmStatus    alarm.o
    0x0800f508   0x00000030   Code   RO         1040    i.getBFFlag         alarm.o
    0x0800f538   0x00000018   Code   RO         1041    i.getFieldIndex     alarm.o
    0x0800f550   0x00000028   Code   RO         1042    i.getPeerFieldNum   alarm.o
    0x0800f578   0x00000130   Code   RO          407    i.getWebAdcValStr   adc.o
    0x0800f6a8   0x00000050   Code   RO         1043    i.getWebFieldParas  alarm.o
    0x0800f6f8   0x00000058   Code   RO         2071    i.getWebLogPageTotal  log.o
    0x0800f750   0x00000154   Code   RO         5721    i.get_tag_insert    httpd.o
    0x0800f8a4   0x00000108   Code   RO         5722    i.http_accept       httpd.o
    0x0800f9ac   0x00000058   Code   RO         5723    i.http_close_conn   httpd.o
    0x0800fa04   0x00000016   Code   RO         5724    i.http_err          httpd.o
    0x0800fa1a   0x00000002   PAD
    0x0800fa1c   0x00000150   Code   RO         5725    i.http_find_file    httpd.o
    0x0800fb6c   0x0000005c   Code   RO         5726    i.http_get_404_file  httpd.o
    0x0800fbc8   0x0000014c   Code   RO         5727    i.http_init_file    httpd.o
    0x0800fd14   0x000001fc   Code   RO         5728    i.http_parse_request  httpd.o
    0x0800ff10   0x0000005c   Code   RO         5729    i.http_poll         httpd.o
    0x0800ff6c   0x00000144   Code   RO         5730    i.http_recv         httpd.o
    0x080100b0   0x000006be   Code   RO         5731    i.http_send_data    httpd.o
    0x0801076e   0x00000028   Code   RO         5732    i.http_sent         httpd.o
    0x08010796   0x00000002   PAD
    0x08010798   0x000000c8   Code   RO         5733    i.http_set_cgi_handlers  httpd.o
    0x08010860   0x00000100   Code   RO         5734    i.http_set_ssi_handler  httpd.o
    0x08010960   0x0000001c   Code   RO         5735    i.http_state_alloc  httpd.o
    0x0801097c   0x0000002a   Code   RO         5736    i.http_state_free   httpd.o
    0x080109a6   0x00000002   PAD
    0x080109a8   0x000000cc   Code   RO         5737    i.http_write        httpd.o
    0x08010a74   0x00000010   Code   RO         5874    i.httpd_cgi_init    httpd_cgi_ssi.o
    0x08010a84   0x0000001c   Code   RO         5738    i.httpd_init        httpd.o
    0x08010aa0   0x00000130   Code   RO         5739    i.httpd_init_addr   httpd.o
    0x08010bd0   0x00000018   Code   RO         5875    i.httpd_ssi_init    httpd_cgi_ssi.o
    0x08010be8   0x00000012   Code   RO         6225    i.icmp_dest_unreach  icmp.o
    0x08010bfa   0x00000002   PAD
    0x08010bfc   0x00000334   Code   RO         6226    i.icmp_input        icmp.o
    0x08010f30   0x00000120   Code   RO         6227    i.icmp_send_response  icmp.o
    0x08011050   0x00000012   Code   RO         6228    i.icmp_time_exceeded  icmp.o
    0x08011062   0x00000014   Code   RO         6296    i.inet_chksum       inet_chksum.o
    0x08011076   0x00000056   Code   RO         6297    i.inet_chksum_pbuf  inet_chksum.o
    0x080110cc   0x0000004e   Code   RO         6399    i.ip4_addr_isbroadcast  ip_addr.o
    0x0801111a   0x00000074   Code   RO         5876    i.ipStrToInt        httpd_cgi_ssi.o
    0x0801118e   0x00000002   PAD
    0x08011190   0x0000023c   Code   RO         6466    i.ip_frag           ip_frag.o
    0x080113cc   0x0000000a   Code   RO         6467    i.ip_frag_alloc_pbuf_custom_ref  ip_frag.o
    0x080113d6   0x00000002   PAD
    0x080113d8   0x0000008c   Code   RO         6468    i.ip_frag_free_pbuf_custom_ref  ip_frag.o
    0x08011464   0x000001c8   Code   RO         6339    i.ip_input          ip.o
    0x0801162c   0x000000b4   Code   RO         6340    i.ip_output         ip.o
    0x080116e0   0x00000190   Code   RO         6341    i.ip_output_if      ip.o
    0x08011870   0x000001a4   Code   RO         6469    i.ip_reass          ip_frag.o
    0x08011a14   0x00000310   Code   RO         6470    i.ip_reass_chain_frag_into_datagram_and_validate  ip_frag.o
    0x08011d24   0x000000b8   Code   RO         6471    i.ip_reass_dequeue_datagram  ip_frag.o
    0x08011ddc   0x00000058   Code   RO         6472    i.ip_reass_enqueue_new_datagram  ip_frag.o
    0x08011e34   0x000001cc   Code   RO         6473    i.ip_reass_free_complete_datagram  ip_frag.o
    0x08012000   0x0000007c   Code   RO         6474    i.ip_reass_remove_oldest_datagram  ip_frag.o
    0x0801207c   0x0000001c   Code   RO         7409    i.ip_reass_timer    timers.o
    0x08012098   0x0000003c   Code   RO         6475    i.ip_reass_tmr      ip_frag.o
    0x080120d4   0x00000058   Code   RO         6342    i.ip_route          ip.o
    0x0801212c   0x000000bc   Code   RO         6476    i.ipfrag_free_pbuf_custom  ip_frag.o
    0x080121e8   0x00000034   Code   RO         2072    i.isLCDLogPageOverOne  log.o
    0x0801221c   0x00000026   Code   RO         2073    i.isLogFull         log.o
    0x08012242   0x00000002   PAD
    0x08012244   0x00000034   Code   RO         2075    i.isWebLogPageOverOne  log.o
    0x08012278   0x00000024   Code   RO            4    i.key_task          main.o
    0x0801229c   0x000000a4   Code   RO         6154    i.low_level_init    ethernetif.o
    0x08012340   0x00000074   Code   RO         6155    i.low_level_input   ethernetif.o
    0x080123b4   0x0000003e   Code   RO         6156    i.low_level_output  ethernetif.o
    0x080123f2   0x00000002   PAD
    0x080123f4   0x00000090   Code   RO         5513    i.lwip_comm_default_ip_set  lwip_comm.o
    0x08012484   0x000000dc   Code   RO         5516    i.lwip_comm_init    lwip_comm.o
    0x08012560   0x00000068   Code   RO         5517    i.lwip_comm_ip_init  lwip_comm.o
    0x080125c8   0x0000003c   Code   RO         5518    i.lwip_comm_mem_free  lwip_comm.o
    0x08012604   0x00000074   Code   RO         5519    i.lwip_comm_mem_malloc  lwip_comm.o
    0x08012678   0x0000001a   Code   RO         6541    i.lwip_htonl        def.o
    0x08012692   0x0000000c   Code   RO         6542    i.lwip_htons        def.o
    0x0801269e   0x00000024   Code   RO         6607    i.lwip_init         init.o
    0x080126c2   0x0000000c   Code   RO         6543    i.lwip_ntohl        def.o
    0x080126ce   0x0000000c   Code   RO         6544    i.lwip_ntohs        def.o
    0x080126da   0x00000002   PAD
    0x080126dc   0x00000010   Code   RO         5520    i.lwip_packet_handler  lwip_comm.o
    0x080126ec   0x0000000c   Code   RO         5521    i.lwip_reset_netif_ipaddr  lwip_comm.o
    0x080126f8   0x00000002   Code   RO         8189    i.lwip_socket_init  sockets.o
    0x080126fa   0x0000005e   Code   RO         6300    i.lwip_standard_chksum  inet_chksum.o
    0x08012758   0x000000a0   Code   RO         5877    i.macStrToInt       httpd_cgi_ssi.o
    0x080127f8   0x00000038   Code   RO            5    i.main              main.o
    0x08012830   0x000057d4   Code   RO            6    i.main_task         main.o
    0x08018004   0x00000168   Code   RO         7564    i.mem_free          mem.o
    0x0801816c   0x000000f4   Code   RO         7565    i.mem_init          mem.o
    0x08018260   0x00000288   Code   RO         7566    i.mem_malloc        mem.o
    0x080184e8   0x000001ec   Code   RO         7567    i.mem_trim          mem.o
    0x080186d4   0x000000c0   Code   RO         6642    i.memp_free         memp.o
    0x08018794   0x00000008   Code   RO         6643    i.memp_get_memorysize  memp.o
    0x0801879c   0x00000068   Code   RO         6644    i.memp_init         memp.o
    0x08018804   0x00000100   Code   RO         6645    i.memp_malloc       memp.o
    0x08018904   0x00000030   Code   RO         1044    i.modifyAlarmDelay  alarm.o
    0x08018934   0x0000003c   Code   RO         1045    i.modifyBFFlag      alarm.o
    0x08018970   0x0000002c   Code   RO         1046    i.modifyFieldNum    alarm.o
    0x0801899c   0x0000006c   Code   RO         8453    i.my_mem_free       malloc.o
    0x08018a08   0x00000044   Code   RO         8454    i.my_mem_init       malloc.o
    0x08018a4c   0x000000a8   Code   RO         8455    i.my_mem_malloc     malloc.o
    0x08018af4   0x00000040   Code   RO         8456    i.my_mem_perused    malloc.o
    0x08018b34   0x00000034   Code   RO         8457    i.myfree            malloc.o
    0x08018b68   0x00000038   Code   RO         8458    i.mymalloc          malloc.o
    0x08018ba0   0x0000001a   Code   RO         8459    i.mymemcpy          malloc.o
    0x08018bba   0x00000014   Code   RO         8460    i.mymemset          malloc.o
    0x08018bce   0x00000020   Code   RO         8066    i.netbuf_delete     netbuf.o
    0x08018bee   0x00000002   PAD
    0x08018bf0   0x000001ac   Code   RO         7744    i.netconn_accept    api_lib.o
    0x08018d9c   0x00000128   Code   RO         7899    i.netconn_alloc     api_msg.o
    0x08018ec4   0x000000d8   Code   RO         7745    i.netconn_bind      api_lib.o
    0x08018f9c   0x0000000e   Code   RO         7746    i.netconn_close     api_lib.o
    0x08018faa   0x00000002   PAD
    0x08018fac   0x000000d0   Code   RO         7747    i.netconn_close_shutdown  api_lib.o
    0x0801907c   0x00000028   Code   RO         7749    i.netconn_delete    api_lib.o
    0x080190a4   0x0000014c   Code   RO         7900    i.netconn_drain     api_msg.o
    0x080191f0   0x0000017c   Code   RO         7901    i.netconn_free      api_msg.o
    0x0801936c   0x00000158   Code   RO         7751    i.netconn_getaddr   api_lib.o
    0x080194c4   0x000000d0   Code   RO         7752    i.netconn_listen_with_backlog  api_lib.o
    0x08019594   0x00000198   Code   RO         7753    i.netconn_new_with_proto_and_callback  api_lib.o
    0x0801972c   0x000001c0   Code   RO         7754    i.netconn_recv      api_lib.o
    0x080198ec   0x0000022c   Code   RO         7755    i.netconn_recv_data  api_lib.o
    0x08019b18   0x00000164   Code   RO         7761    i.netconn_write_partly  api_lib.o
    0x08019c7c   0x00000104   Code   RO         6701    i.netif_add         netif.o
    0x08019d80   0x00000002   Code   RO         6703    i.netif_init        netif.o
    0x08019d82   0x00000028   Code   RO         6705    i.netif_set_addr    netif.o
    0x08019daa   0x00000002   PAD
    0x08019dac   0x00000010   Code   RO         6706    i.netif_set_default  netif.o
    0x08019dbc   0x00000010   Code   RO         6708    i.netif_set_gw      netif.o
    0x08019dcc   0x00000084   Code   RO         6709    i.netif_set_ipaddr  netif.o
    0x08019e50   0x00000006   Code   RO         6710    i.netif_set_link_callback  netif.o
    0x08019e56   0x0000002a   Code   RO         6711    i.netif_set_link_down  netif.o
    0x08019e80   0x00000044   Code   RO         6712    i.netif_set_link_up  netif.o
    0x08019ec4   0x00000010   Code   RO         6713    i.netif_set_netmask  netif.o
    0x08019ed4   0x00000036   Code   RO         6714    i.netif_set_up      netif.o
    0x08019f0a   0x00000002   PAD
    0x08019f0c   0x00000214   Code   RO         5971    i.parse_reply_data  tcp_server.o
    0x0801a120   0x0000041c   Code   RO         6809    i.pbuf_alloc        pbuf.o
    0x0801a53c   0x00000108   Code   RO         6810    i.pbuf_alloced_custom  pbuf.o
    0x0801a644   0x00000148   Code   RO         6811    i.pbuf_cat          pbuf.o
    0x0801a78c   0x00000012   Code   RO         6813    i.pbuf_clen         pbuf.o
    0x0801a79e   0x00000002   PAD
    0x0801a7a0   0x00000238   Code   RO         6815    i.pbuf_copy         pbuf.o
    0x0801a9d8   0x0000014c   Code   RO         6816    i.pbuf_copy_partial  pbuf.o
    0x0801ab24   0x000001c0   Code   RO         6818    i.pbuf_free         pbuf.o
    0x0801ace4   0x00000154   Code   RO         6820    i.pbuf_header       pbuf.o
    0x0801ae38   0x000001c4   Code   RO         6823    i.pbuf_realloc      pbuf.o
    0x0801affc   0x0000001a   Code   RO         6824    i.pbuf_ref          pbuf.o
    0x0801b016   0x00000002   PAD
    0x0801b018   0x0000012c   Code   RO         7902    i.pcb_new           api_msg.o
    0x0801b144   0x000001b4   Code   RO         7568    i.plug_holes        mem.o
    0x0801b2f8   0x000000e4   Code   RO         7903    i.poll_tcp          api_msg.o
    0x0801b3dc   0x00000010   Code   RO         6931    i.raw_bind          raw.o
    0x0801b3ec   0x00000074   Code   RO         6933    i.raw_input         raw.o
    0x0801b460   0x00000034   Code   RO         6934    i.raw_new           raw.o
    0x0801b494   0x00000006   Code   RO         6935    i.raw_recv          raw.o
    0x0801b49a   0x00000002   PAD
    0x0801b49c   0x00000040   Code   RO         6936    i.raw_remove        raw.o
    0x0801b4dc   0x00000020   Code   RO         2289    i.readConfigCode    sys.o
    0x0801b4fc   0x0000009c   Code   RO         7904    i.recv_raw          api_msg.o
    0x0801b598   0x00000188   Code   RO         7905    i.recv_tcp          api_msg.o
    0x0801b720   0x00000180   Code   RO         7906    i.recv_udp          api_msg.o
    0x0801b8a0   0x00000068   Code   RO         1047    i.remoteShutdown    alarm.o
    0x0801b908   0x00000024   Code   RO         1048    i.removeAlarmRL     alarm.o
    0x0801b92c   0x000000ec   Code   RO          408    i.sampleAdc         adc.o
    0x0801ba18   0x000000e0   Code   RO         7907    i.sent_tcp          api_msg.o
    0x0801baf8   0x00000018   Code   RO         1049    i.setAlarmDelay     alarm.o
    0x0801bb10   0x00000014   Code   RO         1050    i.setAlarmSensitivity  alarm.o
    0x0801bb24   0x00000014   Code   RO         1051    i.setAlmThrdDwDif   alarm.o
    0x0801bb38   0x00000014   Code   RO         1052    i.setAlmThrdUpDif   alarm.o
    0x0801bb4c   0x00000014   Code   RO          409    i.setBaseAutoCalibrateTime  adc.o
    0x0801bb60   0x00000024   Code   RO         2290    i.setConfigCode     sys.o
    0x0801bb84   0x00000014   Code   RO         1053    i.setFieldNum       alarm.o
    0x0801bb98   0x00000028   Code   RO         1054    i.setSWValue        alarm.o
    0x0801bbc0   0x00000014   Code   RO          410    i.setTensionMaxRange  adc.o
    0x0801bbd4   0x00000044   Code   RO         7908    i.setup_tcp         api_msg.o
    0x0801bc18   0x00000058   Code   RO          935    i.splitStrToInt     pcf8563.o
    0x0801bc70   0x0000007c   Code   RO            7    i.start_task        main.o
    0x0801bcec   0x0000004a   Code   RO         5740    i.strnstr           httpd.o
    0x0801bd36   0x00000002   PAD
    0x0801bd38   0x000000f0   Code   RO         7615    i.sys_arch_mbox_fetch  sys_arch.o
    0x0801be28   0x00000012   Code   RO         7616    i.sys_arch_mbox_tryfetch  sys_arch.o
    0x0801be3a   0x00000060   Code   RO         7617    i.sys_arch_sem_wait  sys_arch.o
    0x0801be9a   0x00000002   Code   RO         7618    i.sys_init          sys_arch.o
    0x0801be9c   0x00000084   Code   RO         7619    i.sys_mbox_free     sys_arch.o
    0x0801bf20   0x000000bc   Code   RO         7620    i.sys_mbox_new      sys_arch.o
    0x0801bfdc   0x00000020   Code   RO         7621    i.sys_mbox_post     sys_arch.o
    0x0801bffc   0x00000006   Code   RO         7622    i.sys_mbox_set_invalid  sys_arch.o
    0x0801c002   0x00000002   PAD
    0x0801c004   0x00000024   Code   RO         7623    i.sys_mbox_trypost  sys_arch.o
    0x0801c028   0x00000038   Code   RO         7624    i.sys_mbox_valid    sys_arch.o
    0x0801c060   0x00000084   Code   RO         7627    i.sys_sem_free      sys_arch.o
    0x0801c0e4   0x000000a0   Code   RO         7628    i.sys_sem_new       sys_arch.o
    0x0801c184   0x00000006   Code   RO         7629    i.sys_sem_set_invalid  sys_arch.o
    0x0801c18a   0x0000000c   Code   RO         7630    i.sys_sem_signal    sys_arch.o
    0x0801c196   0x00000016   Code   RO         7631    i.sys_sem_valid     sys_arch.o
    0x0801c1ac   0x00000058   Code   RO         7632    i.sys_thread_new    sys_arch.o
    0x0801c204   0x00000148   Code   RO         7410    i.sys_timeout       timers.o
    0x0801c34c   0x00000024   Code   RO         7411    i.sys_timeouts_init  timers.o
    0x0801c370   0x00000088   Code   RO         7412    i.sys_timeouts_mbox_fetch  timers.o
    0x0801c3f8   0x00000060   Code   RO         7413    i.sys_untimeout     timers.o
    0x0801c458   0x00000008   Code   RO         2291    i.systemDefault     sys.o
    0x0801c460   0x00000084   Code   RO            8    i.system_init       main.o
    0x0801c4e4   0x00000134   Code   RO         7009    i.tcp_abandon       tcp.o
    0x0801c618   0x0000000e   Code   RO         7010    i.tcp_abort         tcp.o
    0x0801c626   0x00000004   Code   RO         7011    i.tcp_accept        tcp.o
    0x0801c62a   0x00000008   Code   RO         7012    i.tcp_accept_null   tcp.o
    0x0801c632   0x00000002   PAD
    0x0801c634   0x000000c4   Code   RO         7013    i.tcp_alloc         tcp.o
    0x0801c6f8   0x00000004   Code   RO         7014    i.tcp_arg           tcp.o
    0x0801c6fc   0x00000128   Code   RO         7015    i.tcp_bind          tcp.o
    0x0801c824   0x0000001c   Code   RO         7016    i.tcp_close         tcp.o
    0x0801c840   0x0000024c   Code   RO         7017    i.tcp_close_shutdown  tcp.o
    0x0801ca8c   0x000000b8   Code   RO         7302    i.tcp_create_segment  tcp_out.o
    0x0801cb44   0x0000002e   Code   RO         7020    i.tcp_eff_send_mss  tcp.o
    0x0801cb72   0x00000002   PAD
    0x0801cb74   0x000002a4   Code   RO         7303    i.tcp_enqueue_flags  tcp_out.o
    0x0801ce18   0x000000a0   Code   RO         7021    i.tcp_err           tcp.o
    0x0801ceb8   0x00000080   Code   RO         7022    i.tcp_fasttmr       tcp.o
    0x0801cf38   0x00000002   Code   RO         7023    i.tcp_init          tcp.o
    0x0801cf3a   0x00000002   PAD
    0x0801cf3c   0x000006b8   Code   RO         7246    i.tcp_input         tcp_in.o
    0x0801d5f4   0x00000054   Code   RO         7304    i.tcp_keepalive     tcp_out.o
    0x0801d648   0x00000058   Code   RO         7024    i.tcp_kill_prio     tcp.o
    0x0801d6a0   0x00000040   Code   RO         7025    i.tcp_kill_timewait  tcp.o
    0x0801d6e0   0x0000013c   Code   RO         7247    i.tcp_listen_input  tcp_in.o
    0x0801d81c   0x00000160   Code   RO         7026    i.tcp_listen_with_backlog  tcp.o
    0x0801d97c   0x0000000a   Code   RO         7027    i.tcp_new           tcp.o
    0x0801d986   0x00000002   PAD
    0x0801d988   0x00000068   Code   RO         7028    i.tcp_new_port      tcp.o
    0x0801d9f0   0x0000001c   Code   RO         7029    i.tcp_next_iss      tcp.o
    0x0801da0c   0x00000284   Code   RO         7305    i.tcp_output        tcp_out.o
    0x0801dc90   0x00000118   Code   RO         7306    i.tcp_output_alloc_header  tcp_out.o
    0x0801dda8   0x000000d8   Code   RO         7307    i.tcp_output_segment  tcp_out.o
    0x0801de80   0x000000d0   Code   RO         7248    i.tcp_parseopt      tcp_in.o
    0x0801df50   0x000000f8   Code   RO         7308    i.tcp_pbuf_prealloc  tcp_out.o
    0x0801e048   0x00000058   Code   RO         7030    i.tcp_pcb_purge     tcp.o
    0x0801e0a0   0x00000140   Code   RO         7031    i.tcp_pcb_remove    tcp.o
    0x0801e1e0   0x000000a0   Code   RO         7032    i.tcp_poll          tcp.o
    0x0801e280   0x00000698   Code   RO         7249    i.tcp_process       tcp_in.o
    0x0801e918   0x00000094   Code   RO         7033    i.tcp_process_refused_data  tcp.o
    0x0801e9ac   0x00000924   Code   RO         7250    i.tcp_receive       tcp_in.o
    0x0801f2d0   0x000000a0   Code   RO         7034    i.tcp_recv          tcp.o
    0x0801f370   0x000000d8   Code   RO         5972    i.tcp_recv_data     tcp_server.o
    0x0801f448   0x0000002e   Code   RO         7035    i.tcp_recv_null     tcp.o
    0x0801f476   0x00000002   PAD
    0x0801f478   0x0000011c   Code   RO         7036    i.tcp_recved        tcp.o
    0x0801f594   0x0000005a   Code   RO         7309    i.tcp_rexmit        tcp_out.o
    0x0801f5ee   0x00000078   Code   RO         7310    i.tcp_rexmit_fast   tcp_out.o
    0x0801f666   0x0000003a   Code   RO         7311    i.tcp_rexmit_rto    tcp_out.o
    0x0801f6a0   0x00000120   Code   RO         7312    i.tcp_rst           tcp_out.o
    0x0801f7c0   0x0000001a   Code   RO         7037    i.tcp_seg_free      tcp.o
    0x0801f7da   0x00000018   Code   RO         7038    i.tcp_segs_free     tcp.o
    0x0801f7f2   0x00000002   PAD
    0x0801f7f4   0x000002c8   Code   RO         5973    i.tcp_send_data     tcp_server.o
    0x0801fabc   0x00000056   Code   RO         7313    i.tcp_send_empty_ack  tcp_out.o
    0x0801fb12   0x00000002   PAD
    0x0801fb14   0x00000064   Code   RO         5974    i.tcp_send_err      tcp_server.o
    0x0801fb78   0x0000004a   Code   RO         7314    i.tcp_send_fin      tcp_out.o
    0x0801fbc2   0x00000002   PAD
    0x0801fbc4   0x000000a0   Code   RO         7039    i.tcp_sent          tcp.o
    0x0801fc64   0x00000028   Code   RO         5975    i.tcp_server_init   tcp_server.o
    0x0801fc8c   0x00000098   Code   RO         5976    i.tcp_server_thread  tcp_server.o
    0x0801fd24   0x00000004   Code   RO         7040    i.tcp_setprio       tcp.o
    0x0801fd28   0x00000062   Code   RO         7041    i.tcp_shutdown      tcp.o
    0x0801fd8a   0x00000002   PAD
    0x0801fd8c   0x000005f0   Code   RO         7042    i.tcp_slowtmr       tcp.o
    0x0802037c   0x00000038   Code   RO         7414    i.tcp_timer_needed  timers.o
    0x080203b4   0x000000ac   Code   RO         7251    i.tcp_timewait_input  tcp_in.o
    0x08020460   0x00000024   Code   RO         7043    i.tcp_tmr           tcp.o
    0x08020484   0x000000d4   Code   RO         7044    i.tcp_update_rcv_ann_wnd  tcp.o
    0x08020558   0x0000071c   Code   RO         7315    i.tcp_write         tcp_out.o
    0x08020c74   0x00000184   Code   RO         7316    i.tcp_write_checks  tcp_out.o
    0x08020df8   0x000000b4   Code   RO         7317    i.tcp_zero_window_probe  tcp_out.o
    0x08020eac   0x00000040   Code   RO         8354    i.tcpip_apimsg      tcpip.o
    0x08020eec   0x000000dc   Code   RO         8358    i.tcpip_init        tcpip.o
    0x08020fc8   0x0000004c   Code   RO         8359    i.tcpip_input       tcpip.o
    0x08021014   0x00000038   Code   RO         7415    i.tcpip_tcp_timer   timers.o
    0x0802104c   0x00000164   Code   RO         8360    i.tcpip_thread      tcpip.o
    0x080211b0   0x000000a4   Code   RO         2347    i.uart_init         usart.o
    0x08021254   0x0000010c   Code   RO         7472    i.udp_bind          udp.o
    0x08021360   0x00000002   Code   RO         7475    i.udp_init          udp.o
    0x08021362   0x00000002   PAD
    0x08021364   0x0000024c   Code   RO         7476    i.udp_input         udp.o
    0x080215b0   0x0000001c   Code   RO         7477    i.udp_new           udp.o
    0x080215cc   0x00000058   Code   RO         7478    i.udp_new_port      udp.o
    0x08021624   0x00000006   Code   RO         7479    i.udp_recv          udp.o
    0x0802162a   0x00000002   PAD
    0x0802162c   0x00000040   Code   RO         7480    i.udp_remove        udp.o
    0x0802166c   0x00000010   Code   RO          411    i.updateBaseVal     adc.o
    0x0802167c   0x0000009c   Code   RO          412    i.updateCrtSmp      adc.o
    0x08021718   0x00000040   Code   RO         2076    i.updateLogPageFlag  log.o
    0x08021758   0x0000005c   Code   RO         1056    i.updateSWAlarmState  alarm.o
    0x080217b4   0x0000000c   Code   RO          413    i.updateZeroVal     adc.o
    0x080217c0   0x000000c0   Code   RO            9    i.watch_task        main.o
    0x08021880   0x0000002c   Code   RO         8660    locale$$code        c_w.l(lc_ctype_c.o)
    0x080218ac   0x0000000a   Code   RO         8751    x$fpl$fpinit        fz_wm.l(fpinit.o)
    0x080218b6   0x00002310   Data   RO         1337    .constdata          lcd.o
    0x08023bc6   0x00000002   PAD
    0x08023bc8   0x00000804   Data   RO         1570    .constdata          displaymenu.o
    0x080243cc   0x00000100   Data   RO         4682    .constdata          os_core.o
    0x080244cc   0x00032c94   Data   RO         5666    .constdata          fs.o
    0x08057160   0x00000030   Data   RO         5742    .constdata          httpd.o
    0x08057190   0x00000038   Data   RO         5878    .constdata          httpd_cgi_ssi.o
    0x080571c8   0x0000000c   Data   RO         6061    .constdata          etharp.o
    0x080571d4   0x00000008   Data   RO         6406    .constdata          ip_addr.o
    0x080571dc   0x00000038   Data   RO         6647    .constdata          memp.o
    0x08057214   0x00000050   Data   RO         7045    .constdata          tcp.o
    0x08057264   0x00000004   Data   RO         7633    .constdata          sys_arch.o
    0x08057268   0x00000018   Data   RO         8465    .constdata          malloc.o
    0x08057280   0x00000028   Data   RO         8555    .constdata          c_w.l(_printf_hex_int.o)
    0x080572a8   0x00000011   Data   RO         8585    .constdata          c_w.l(__printf_flags_wp.o)
    0x080572b9   0x00000003   PAD
    0x080572bc   0x0000006c   Data   RO          415    .conststring        adc.o
    0x08057328   0x0000006a   Data   RO         5743    .conststring        httpd.o
    0x08057392   0x00000002   PAD
    0x08057394   0x000000be   Data   RO         5879    .conststring        httpd_cgi_ssi.o
    0x08057452   0x00000002   PAD
    0x08057454   0x00000044   Data   RO         6062    .conststring        etharp.o
    0x08057498   0x000000a0   Data   RO         6648    .conststring        memp.o
    0x08057538   0x0000006d   Data   RO         7046    .conststring        tcp.o
    0x080575a5   0x00000003   PAD
    0x080575a8   0x00000055   Data   RO         7318    .conststring        tcp_out.o
    0x080575fd   0x00000003   PAD
    0x08057600   0x00000000   Data   RO         8823    Region$$Table       anon$$obj.o
    0x08057600   0x00000110   Data   RO         8659    locale$$data        c_w.l(lc_ctype_c.o)


    Execution Region RW_IRAM1 (Base: 0x20000000, Size: 0x0001eb80, Max: 0x00020000, ABSOLUTE)

    Base Addr    Size         Type   Attr      Idx    E Section Name        Object

    0x20000000   0x00000018   Data   RW           11    .data               main.o
    0x20000018   0x0000000b   Data   RW          416    .data               adc.o
    0x20000023   0x00000001   PAD
    0x20000024   0x00000004   Data   RW          534    .data               myiic.o
    0x20000028   0x00000005   Data   RW          801    .data               lm75.o
    0x2000002d   0x00000003   PAD
    0x20000030   0x00000010   Data   RW          849    .data               lan8720.o
    0x20000040   0x00000040   Data   RW         1058    .data               alarm.o
    0x20000080   0x00000001   Data   RW         1286    .data               key.o
    0x20000081   0x00000002   Data   RW         1338    .data               lcd.o
    0x20000083   0x00000001   PAD
    0x20000084   0x00000047   Data   RW         1571    .data               displaymenu.o
    0x200000cb   0x00000001   PAD
    0x200000cc   0x00000015   Data   RW         2005    .data               timer.o
    0x200000e1   0x00000008   Data   RW         2078    .data               log.o
    0x200000e9   0x00000001   PAD
    0x200000ea   0x00000004   Data   RW         2235    .data               delay.o
    0x200000ee   0x00000001   Data   RW         2292    .data               sys.o
    0x200000ef   0x00000001   PAD
    0x200000f0   0x00000006   Data   RW         2349    .data               usart.o
    0x200000f6   0x00000009   Data   RW         2391    .data               version.o
    0x200000ff   0x00000010   Data   RW         2607    .data               stm32f4xx_rcc.o
    0x2000010f   0x00000001   PAD
    0x20000110   0x00000010   Data   RW         3217    .data               stm32f4x7_eth.o
    0x20000120   0x0000004c   Data   RW         4683    .data               os_core.o
    0x2000016c   0x00000010   Data   RW         5523    .data               lwip_comm.o
    0x2000017c   0x00000024   Data   RW         5744    .data               httpd.o
    0x200001a0   0x00000064   Data   RW         5880    .data               httpd_cgi_ssi.o
    0x20000204   0x0000000a   Data   RW         5978    .data               tcp_server.o
    0x2000020e   0x00000001   Data   RW         6063    .data               etharp.o
    0x2000020f   0x00000001   PAD
    0x20000210   0x00000012   Data   RW         6343    .data               ip.o
    0x20000222   0x00000002   PAD
    0x20000224   0x00000006   Data   RW         6477    .data               ip_frag.o
    0x2000022a   0x00000002   PAD
    0x2000022c   0x0000003c   Data   RW         6649    .data               memp.o
    0x20000268   0x00000009   Data   RW         6715    .data               netif.o
    0x20000271   0x00000003   PAD
    0x20000274   0x00000004   Data   RW         6939    .data               raw.o
    0x20000278   0x00000024   Data   RW         7047    .data               tcp.o
    0x2000029c   0x00000020   Data   RW         7253    .data               tcp_in.o
    0x200002bc   0x00000008   Data   RW         7416    .data               timers.o
    0x200002c4   0x00000008   Data   RW         7484    .data               udp.o
    0x200002cc   0x00000014   Data   RW         7569    .data               mem.o
    0x200002e0   0x0000000c   Data   RW         8364    .data               tcpip.o
    0x200002ec   0x0000001c   Data   RW         8466    .data               malloc.o
    0x20000308   0x00000004   Data   RW         8601    .data               c_w.l(strtok.o)
    0x2000030c   0x00000004   PAD
    0x20000310   0x000018c0   Zero   RW           10    .bss                main.o
    0x20001bd0   0x00000078   Zero   RW          414    .bss                adc.o
    0x20001c48   0x000000c0   Zero   RW          848    .bss                lan8720.o
    0x20001d08   0x00000026   Zero   RW          936    .bss                pcf8563.o
    0x20001d2e   0x0000005f   Zero   RW         1569    .bss                displaymenu.o
    0x20001d8d   0x00000003   PAD
    0x20001d90   0x000001f4   Zero   RW         2077    .bss                log.o
    0x20001f84   0x000000c8   Zero   RW         2348    .bss                usart.o
    0x2000204c   0x0000000c   Zero   RW         3216    .bss                stm32f4x7_eth.o
    0x20002058   0x00000b98   Zero   RW         4681    .bss                os_core.o
    0x20002bf0   0x0000004c   Zero   RW         5522    .bss                lwip_comm.o
    0x20002c3c   0x000000f0   Zero   RW         5665    .bss                fs.o
    0x20002d2c   0x00000400   Zero   RW         5741    .bss                httpd.o
    0x2000312c   0x00000bd0   Zero   RW         5977    .bss                tcp_server.o
    0x20003cfc   0x000000c8   Zero   RW         6060    .bss                etharp.o
    0x20003dc4   0x00000038   Zero   RW         6646    .bss                memp.o
    0x20003dfc   0x00000014   Zero   RW         7252    .bss                tcp_in.o
    0x20003e10   0x00000010   PAD
    0x20003e20   0x0001a900   Zero   RW         8464    .bss                malloc.o
    0x2001e720   0x00000060   Zero   RW         8665    .bss                c_w.l(libspace.o)
    0x2001e780   0x00000000   Zero   RW         2404    HEAP                startup_stm32f40_41xxx.o
    0x2001e780   0x00000400   Zero   RW         2403    STACK               startup_stm32f40_41xxx.o



  Load Region LR$$.ARM.__AT_0x10000000 (Base: 0x10000000, Size: 0x00000000, Max: 0x0000f000, ABSOLUTE)

    Execution Region ER$$.ARM.__AT_0x10000000 (Base: 0x10000000, Size: 0x00000000, Max: 0x0000f000, ABSOLUTE, UNINIT)

    **** No section assigned to this execution region ****



  Load Region LR$$.ARM.__AT_0x1000F000 (Base: 0x1000f000, Size: 0x00000000, Max: 0x00000f00, ABSOLUTE)

    Execution Region ER$$.ARM.__AT_0x1000F000 (Base: 0x1000f000, Size: 0x00000000, Max: 0x00000f00, ABSOLUTE, UNINIT)

    **** No section assigned to this execution region ****

