Component: ARM Compiler 5.05 update 1 (build 106) Tool: armlink [4d0efa]

==============================================================================

Section Cross References

    main.o(i.HardFault_Handler) refers to _printf_pad.o(.text) for _printf_pre_padding
    main.o(i.HardFault_Handler) refers to _printf_percent.o(.ARM.Collect$$_printf_percent$$00000000) for _printf_percent
    main.o(i.HardFault_Handler) refers to _printf_x.o(.ARM.Collect$$_printf_percent$$0000000C) for _printf_x
    main.o(i.HardFault_Handler) refers to _printf_hex_int.o(.text) for _printf_longlong_hex
    main.o(i.HardFault_Handler) refers to noretval__2printf.o(.text) for __2printf
    main.o(i.key_task) refers to key.o(i.KEY_Scan) for KEY_Scan
    main.o(i.key_task) refers to os_mbox.o(i.OSMboxPost) for OSMboxPost
    main.o(i.key_task) refers to delay.o(i.delay_ms) for delay_ms
    main.o(i.key_task) refers to main.o(.data) for msg_key
    main.o(i.main) refers to misc.o(i.NVIC_PriorityGroupConfig) for NVIC_PriorityGroupConfig
    main.o(i.main) refers to main.o(i.system_init) for system_init
    main.o(i.main) refers to os_core.o(i.OSInit) for OSInit
    main.o(i.main) refers to lwip_comm.o(i.lwip_comm_init) for lwip_comm_init
    main.o(i.main) refers to os_task.o(i.OSTaskCreate) for OSTaskCreate
    main.o(i.main) refers to tcp_server.o(i.tcp_server_init) for tcp_server_init
    main.o(i.main) refers to os_core.o(i.OSStart) for OSStart
    main.o(i.main) refers to main.o(.bss) for START_TASK_STK
    main.o(i.main) refers to main.o(i.start_task) for start_task
    main.o(i.main_task) refers to _printf_pad.o(.text) for _printf_pre_padding
    main.o(i.main_task) refers to _printf_percent.o(.ARM.Collect$$_printf_percent$$00000000) for _printf_percent
    main.o(i.main_task) refers to _printf_d.o(.ARM.Collect$$_printf_percent$$00000009) for _printf_d
    main.o(i.main_task) refers to _printf_dec.o(.text) for _printf_int_dec
    main.o(i.main_task) refers to os_mbox.o(i.OSMboxPend) for OSMboxPend
    main.o(i.main_task) refers to displaymenu.o(i.DisplayAlarmTypeList) for DisplayAlarmTypeList
    main.o(i.main_task) refers to displaymenu.o(i.DisplayRunMenu) for DisplayRunMenu
    main.o(i.main_task) refers to displaymenu.o(i.DisplayUserLogin) for DisplayUserLogin
    main.o(i.main_task) refers to alarm.o(i.Remove_Alarm_RL_A) for Remove_Alarm_RL_A
    main.o(i.main_task) refers to alarm.o(i.Remove_Alarm_RL_B) for Remove_Alarm_RL_B
    main.o(i.main_task) refers to strcpy.o(.text) for strcpy
    main.o(i.main_task) refers to displaymenu.o(i.DisplayInputPassword) for DisplayInputPassword
    main.o(i.main_task) refers to strcmpv7m.o(.text) for strcmp
    main.o(i.main_task) refers to displaymenu.o(i.DisplaySuperUserRootMenu) for DisplaySuperUserRootMenu
    main.o(i.main_task) refers to lcd.o(i.Display_8x16) for Display_8x16
    main.o(i.main_task) refers to displaymenu.o(i.DisplayPasswordError) for DisplayPasswordError
    main.o(i.main_task) refers to displaymenu.o(i.DisplayOrdinaryUserRootMenu) for DisplayOrdinaryUserRootMenu
    main.o(i.main_task) refers to main.o(.data) for msg_key
    main.o(i.main_task) refers to sys.o(.data) for config_code
    main.o(i.main_task) refers to alarm.o(.data) for ALARM_STATE
    main.o(i.main_task) refers to displaymenu.o(.data) for row_point
    main.o(i.main_task) refers to displaymenu.o(i.DisplaySetMenu) for DisplaySetMenu
    main.o(i.main_task) refers to displaymenu.o(i.DisplayInquireMenu) for DisplayInquireMenu
    main.o(i.main_task) refers to displaymenu.o(i.DisplayTensionMonitor) for DisplayTensionMonitor
    main.o(i.main_task) refers to displaymenu.o(i.DisplayVersionMenu) for DisplayVersionMenu
    main.o(i.main_task) refers to displaymenu.o(i.DisplaySetSysPara) for DisplaySetSysPara
    main.o(i.main_task) refers to displaymenu.o(i.DiaplaySetFangQuPara) for DiaplaySetFangQuPara
    main.o(i.main_task) refers to displaymenu.o(i.DiaplayCalibrationSet) for DiaplayCalibrationSet
    main.o(i.main_task) refers to displaymenu.o(i.DiaplaySetBuFangPara) for DiaplaySetBuFangPara
    main.o(i.main_task) refers to displaymenu.o(i.DiaplaySetAlarmThreshold) for DiaplaySetAlarmThreshold
    main.o(i.main_task) refers to displaymenu.o(i.DisplaySetClearRecord) for DisplaySetClearRecord
    main.o(i.main_task) refers to displaymenu.o(i.DiaplaySetExtDeviceTypeScreen) for DiaplaySetExtDeviceTypeScreen
    main.o(i.main_task) refers to noretval__2sprintf.o(.text) for __2sprintf
    main.o(i.main_task) refers to displaymenu.o(i.DisplaySetFullScale) for DisplaySetFullScale
    main.o(i.main_task) refers to displaymenu.o(i.DisplaySetBaseAutoCalibrateTime) for DisplaySetBaseAutoCalibrateTime
    main.o(i.main_task) refers to displaymenu.o(i.DisplayInqSysPara) for DisplayInqSysPara
    main.o(i.main_task) refers to displaymenu.o(i.DiaplayInqFangQuPara) for DiaplayInqFangQuPara
[...]
    eth_gateway                              0x20001d73   Data          16  displaymenu.o(.bss)
    nextWriteAddrVal                         0x20001d90   Data          20  log.o(.bss)
    crtReadAddrVal                           0x20001da4   Data          20  log.o(.bss)
    crtWebPageLogData                        0x20001db8   Data         200  log.o(.bss)
    crtWebPageLogDataTmp                     0x20001e80   Data         200  log.o(.bss)
    crtLCDPageLogData                        0x20001f48   Data          60  log.o(.bss)
    USART_RX_BUF                             0x20001f84   Data         200  usart.o(.bss)
    RX_Frame_Descriptor                      0x2000204c   Data          12  stm32f4x7_eth.o(.bss)
    OSEventTbl                               0x20002058   Data         360  os_core.o(.bss)
    OSFlagTbl                                0x200021c0   Data          80  os_core.o(.bss)
    OSTaskStatStk                            0x20002210   Data         512  os_core.o(.bss)
    OSTaskIdleStk                            0x20002410   Data         512  os_core.o(.bss)
    OSTCBPrioTbl                             0x20002610   Data         256  os_core.o(.bss)
    OSTCBTbl                                 0x20002710   Data        1008  os_core.o(.bss)
    OSMemTbl                                 0x20002b00   Data         120  os_core.o(.bss)
    OSQTbl                                   0x20002b78   Data         120  os_core.o(.bss)
    lwipdev                                  0x20002bf0   Data          23  lwip_comm.o(.bss)
    lwip_netif                               0x20002c08   Data          52  lwip_comm.o(.bss)
    fs_memory                                0x20002c3c   Data         240  fs.o(.bss)
    tcp_server_recvbuf                       0x2000312c   Data         512  tcp_server.o(.bss)
    tcp_server_sendbuf                       0x2000332c   Data         512  tcp_server.o(.bss)
    TCPSERVER_TASK_STK                       0x2000352c   Data        2000  tcp_server.o(.bss)
    inseg                                    0x20003dfc   Data          20  tcp_in.o(.bss)
    mem1base                                 0x20003e20   Data       102400  malloc.o(.bss)
    mem1mapbase                              0x2001ce20   Data        6400  malloc.o(.bss)
    __libspace_start                         0x2001e720   Data          96  libspace.o(.bss)
    __temporary_stack_top$libspace           0x2001e780   Data           0  libspace.o(.bss)



==============================================================================

Memory Map of the image

  Image Entry point : 0x08000189

  Load Region LR_IROM1 (Base: 0x08000000, Size: 0x00057b8c, Max: 0x00100000, ABSOLUTE, COMPRESSED[0x00057984])

    Execution Region ER_IROM1 (Base: 0x08000000, Size: 0x00057880, Max: 0x00100000, ABSOLUTE)

    Base Addr    Size         Type   Attr      Idx    E Section Name        Object

    0x08000000   0x00000188   Data   RO         2417    RESET               startup_stm32f40_41xxx.o
    0x08000188   0x00000008   Code   RO         8643  * !!!main             c_w.l(__main.o)
    0x08000190   0x00000034   Code   RO         8839    !!!scatter          c_w.l(__scatter.o)
    0x080001c4   0x0000005a   Code   RO         8837    !!dczerorl2         c_w.l(__dczerorl2.o)
    0x0800021e   0x00000002   PAD
    0x08000220   0x0000001c   Code   RO         8841    !!handler_zi        c_w.l(__scatter_zi.o)
    0x0800023c   0x00000000   Code   RO         8607    .ARM.Collect$$_printf_percent$$00000000  c_w.l(_printf_percent.o)
    0x0800023c   0x00000006   Code   RO         8606    .ARM.Collect$$_printf_percent$$00000009  c_w.l(_printf_d.o)
    0x08000242   0x00000006   Code   RO         8605    .ARM.Collect$$_printf_percent$$0000000C  c_w.l(_printf_x.o)
    0x08000248   0x00000006   Code   RO         8604    .ARM.Collect$$_printf_percent$$00000014  c_w.l(_printf_s.o)
    0x0800024e   0x00000004   Code   RO         8668    .ARM.Collect$$_printf_percent$$00000017  c_w.l(_printf_percent_end.o)
    0x08000252   0x00000002   Code   RO         8762    .ARM.Collect$$libinit$$00000000  c_w.l(libinit.o)
    0x08000254   0x00000004   Code   RO         8706    .ARM.Collect$$libinit$$00000001  c_w.l(libinit2.o)
    0x08000258   0x00000000   Code   RO         8709    .ARM.Collect$$libinit$$00000004  c_w.l(libinit2.o)
    0x08000258   0x00000000   Code   RO         8712    .ARM.Collect$$libinit$$0000000A  c_w.l(libinit2.o)
    0x08000258   0x00000000   Code   RO         8714    .ARM.Collect$$libinit$$0000000C  c_w.l(libinit2.o)
    0x08000258   0x00000000   Code   RO         8716    .ARM.Collect$$libinit$$0000000E  c_w.l(libinit2.o)
    0x08000258   0x00000006   Code   RO         8717    .ARM.Collect$$libinit$$0000000F  c_w.l(libinit2.o)
    0x0800025e   0x00000000   Code   RO         8719    .ARM.Collect$$libinit$$00000011  c_w.l(libinit2.o)
    0x0800025e   0x0000000c   Code   RO         8720    .ARM.Collect$$libinit$$00000012  c_w.l(libinit2.o)
    0x0800026a   0x00000000   Code   RO         8721    .ARM.Collect$$libinit$$00000013  c_w.l(libinit2.o)
    0x0800026a   0x00000000   Code   RO         8723    .ARM.Collect$$libinit$$00000015  c_w.l(libinit2.o)
    0x0800026a   0x00000000   Code   RO         8725    .ARM.Collect$$libinit$$00000017  c_w.l(libinit2.o)
    0x0800026a   0x00000000   Code   RO         8727    .ARM.Collect$$libinit$$00000019  c_w.l(libinit2.o)
    0x0800026a   0x00000000   Code   RO         8729    .ARM.Collect$$libinit$$0000001B  c_w.l(libinit2.o)
    0x0800026a   0x00000000   Code   RO         8731    .ARM.Collect$$libinit$$0000001D  c_w.l(libinit2.o)
    0x0800026a   0x00000000   Code   RO         8733    .ARM.Collect$$libinit$$0000001F  c_w.l(libinit2.o)
    0x0800026a   0x00000000   Code   RO         8735    .ARM.Collect$$libinit$$00000021  c_w.l(libinit2.o)
    0x0800026a   0x00000000   Code   RO         8737    .ARM.Collect$$libinit$$00000023  c_w.l(libinit2.o)
    0x0800026a   0x00000000   Code   RO         8739    .ARM.Collect$$libinit$$00000025  c_w.l(libinit2.o)
    0x0800026a   0x00000000   Code   RO         8743    .ARM.Collect$$libinit$$0000002C  c_w.l(libinit2.o)
    0x0800026a   0x00000000   Code   RO         8745    .ARM.Collect$$libinit$$0000002E  c_w.l(libinit2.o)
    0x0800026a   0x00000000   Code   RO         8747    .ARM.Collect$$libinit$$00000030  c_w.l(libinit2.o)
    0x0800026a   0x00000000   Code   RO         8749    .ARM.Collect$$libinit$$00000032  c_w.l(libinit2.o)
    0x0800026a   0x00000002   Code   RO         8750    .ARM.Collect$$libinit$$00000033  c_w.l(libinit2.o)
    0x0800026c   0x00000002   Code   RO         8795    .ARM.Collect$$libshutdown$$00000000  c_w.l(libshutdown.o)
    0x0800026e   0x00000000   Code   RO         8802    .ARM.Collect$$libshutdown$$00000003  c_w.l(libshutdown2.o)
    0x0800026e   0x00000000   Code   RO         8805    .ARM.Collect$$libshutdown$$00000006  c_w.l(libshutdown2.o)
    0x0800026e   0x00000000   Code   RO         8808    .ARM.Collect$$libshutdown$$00000009  c_w.l(libshutdown2.o)
    0x0800026e   0x00000000   Code   RO         8810    .ARM.Collect$$libshutdown$$0000000B  c_w.l(libshutdown2.o)
    0x0800026e   0x00000000   Code   RO         8813    .ARM.Collect$$libshutdown$$0000000E  c_w.l(libshutdown2.o)
    0x0800026e   0x00000002   Code   RO         8814    .ARM.Collect$$libshutdown$$0000000F  c_w.l(libshutdown2.o)
    0x08000270   0x00000000   Code   RO         8647    .ARM.Collect$$rtentry$$00000000  c_w.l(__rtentry.o)
    0x08000270   0x00000000   Code   RO         8680    .ARM.Collect$$rtentry$$00000002  c_w.l(__rtentry2.o)
    0x08000270   0x00000006   Code   RO         8692    .ARM.Collect$$rtentry$$00000004  c_w.l(__rtentry4.o)
    0x08000276   0x00000000   Code   RO         8682    .ARM.Collect$$rtentry$$00000009  c_w.l(__rtentry2.o)
    0x08000276   0x00000004   Code   RO         8683    .ARM.Collect$$rtentry$$0000000A  c_w.l(__rtentry2.o)
    0x0800027a   0x00000000   Code   RO         8685    .ARM.Collect$$rtentry$$0000000C  c_w.l(__rtentry2.o)
    0x0800027a   0x00000008   Code   RO         8686    .ARM.Collect$$rtentry$$0000000D  c_w.l(__rtentry2.o)
    0x08000282   0x00000002   Code   RO         8765    .ARM.Collect$$rtexit$$00000000  c_w.l(rtexit.o)
    0x08000284   0x00000000   Code   RO         8774    .ARM.Collect$$rtexit$$00000002  c_w.l(rtexit2.o)
    0x08000284   0x00000004   Code   RO         8775    .ARM.Collect$$rtexit$$00000003  c_w.l(rtexit2.o)
    0x08000288   0x00000006   Code   RO         8776    .ARM.Collect$$rtexit$$00000004  c_w.l(rtexit2.o)
    0x0800028e   0x00000002   PAD
    0x08000290   0x0000003c   Code   RO         2418    .text               startup_stm32f40_41xxx.o
    0x080002cc   0x000000c8   Code   RO         5428    .text               os_cpu_a.o
    0x08000394   0x00000002   Code   RO         8543    .text               c_w.l(use_no_semi_2.o)
    0x08000396   0x00000002   PAD
    0x08000398   0x00000010   Code   RO         8545    .text               c_w.l(rt_ctype_table.o)
    0x080003a8   0x00000018   Code   RO         8551    .text               c_w.l(noretval__2printf.o)
    0x080003c0   0x00000028   Code   RO         8553    .text               c_w.l(noretval__2sprintf.o)
    0x080003e8   0x0000004e   Code   RO         8557    .text               c_w.l(_printf_pad.o)
    0x08000436   0x00000052   Code   RO         8559    .text               c_w.l(_printf_str.o)
    0x08000488   0x00000078   Code   RO         8561    .text               c_w.l(_printf_dec.o)
    0x08000500   0x00000058   Code   RO         8566    .text               c_w.l(_printf_hex_int.o)
    0x08000558   0x00000138   Code   RO         8596    .text               c_w.l(__printf_flags_wp.o)
    0x08000690   0x0000001a   Code   RO         8608    .text               c_w.l(atoi.o)
    0x080006aa   0x00000070   Code   RO         8610    .text               c_w.l(strtol.o)
    0x0800071a   0x00000002   PAD
    0x0800071c   0x0000000c   Code   RO         8612    .text               c_w.l(strtok.o)
    0x08000728   0x00000014   Code   RO         8615    .text               c_w.l(strchr.o)
    0x0800073c   0x00000024   Code   RO         8617    .text               c_w.l(strstr.o)
    0x08000760   0x00000058   Code   RO         8619    .text               c_w.l(memcmp.o)
    0x080007b8   0x00000048   Code   RO         8621    .text               c_w.l(strcpy.o)
    0x08000800   0x0000003e   Code   RO         8623    .text               c_w.l(strlen.o)
    0x0800083e   0x00000096   Code   RO         8625    .text               c_w.l(strncmp.o)
    0x080008d4   0x00000018   Code   RO         8627    .text               c_w.l(strcat.o)
    0x080008ec   0x0000008a   Code   RO         8629    .text               c_w.l(rt_memcpy_v6.o)
    0x08000976   0x00000064   Code   RO         8631    .text               c_w.l(rt_memcpy_w.o)
    0x080009da   0x00000044   Code   RO         8633    .text               c_w.l(rt_memclr.o)
    0x08000a1e   0x0000004e   Code   RO         8635    .text               c_w.l(rt_memclr_w.o)
    0x08000a6c   0x00000056   Code   RO         8637    .text               c_w.l(strncpy.o)
    0x08000ac2   0x00000002   PAD
    0x08000ac4   0x00000080   Code   RO         8639    .text               c_w.l(strcmpv7m.o)
    0x08000b44   0x00000006   Code   RO         8641    .text               c_w.l(heapauxi.o)
    0x08000b4a   0x00000002   Code   RO         8645    .text               c_w.l(use_no_semi.o)
    0x08000b4c   0x00000008   Code   RO         8651    .text               c_w.l(rt_locale_intlibspace.o)
    0x08000b54   0x00000008   Code   RO         8656    .text               c_w.l(rt_errno_addr_intlibspace.o)
    0x08000b5c   0x000000b2   Code   RO         8658    .text               c_w.l(_printf_intcommon.o)
    0x08000c0e   0x00000002   PAD
    0x08000c10   0x00000030   Code   RO         8660    .text               c_w.l(_printf_char_common.o)
    0x08000c40   0x0000000a   Code   RO         8662    .text               c_w.l(_sputc.o)
    0x08000c4a   0x0000002c   Code   RO         8664    .text               c_w.l(_printf_char.o)
    0x08000c76   0x00000002   PAD
    0x08000c78   0x00000024   Code   RO         8666    .text               c_w.l(_printf_char_file.o)
    0x08000c9c   0x0000009e   Code   RO         8669    .text               c_w.l(_strtoul.o)
    0x08000d3a   0x00000002   PAD
    0x08000d3c   0x00000044   Code   RO         8674    .text               c_w.l(strtok_int.o)
    0x08000d80   0x00000008   Code   RO         8676    .text               c_w.l(libspace.o)
    0x08000d88   0x0000001c   Code   RO         8696    .text               c_w.l(_chval.o)
    0x08000da4   0x00000008   Code   RO         8698    .text               c_w.l(ferror.o)
    0x08000dac   0x00000020   Code   RO         8702    .text               c_w.l(strcspn.o)
    0x08000dcc   0x0000001c   Code   RO         8704    .text               c_w.l(strspn.o)
    0x08000de8   0x0000004a   Code   RO         8751    .text               c_w.l(sys_stackheap_outer.o)
    0x08000e32   0x0000000c   Code   RO         8753    .text               c_w.l(exit.o)
    0x08000e3e   0x00000002   PAD
    0x08000e40   0x000000dc   Code   RO         1017    i.ADC_Check         alarm.o
    0x08000f1c   0x00000210   Code   RO         1018    i.ADC_Check_Handler  alarm.o
    0x0800112c   0x00000016   Code   RO         3671    i.ADC_Cmd           stm32f4xx_adc.o
    0x08001142   0x00000002   PAD
    0x08001144   0x00000030   Code   RO         3672    i.ADC_CommonInit    stm32f4xx_adc.o
    0x08001174   0x00000008   Code   RO         3683    i.ADC_GetConversionValue  stm32f4xx_adc.o
    0x0800117c   0x00000012   Code   RO         3684    i.ADC_GetFlagStatus  stm32f4xx_adc.o
    0x0800118e   0x00000002   PAD
    0x08001190   0x00000054   Code   RO         3691    i.ADC_Init          stm32f4xx_adc.o
    0x080011e4   0x000000b8   Code   RO         3696    i.ADC_RegularChannelConfig  stm32f4xx_adc.o
    0x0800129c   0x0000000a   Code   RO         3698    i.ADC_SoftwareStartConv  stm32f4xx_adc.o
    0x080012a6   0x00000014   Code   RO         3700    i.ADC_StructInit    stm32f4xx_adc.o
    0x080012ba   0x00000002   PAD
    0x080012bc   0x000001b8   Code   RO         1019    i.ALARM_Init        alarm.o
    0x08001474   0x0000004c   Code   RO         1020    i.ALARM_Update      alarm.o
    0x080014c0   0x0000003e   Code   RO          594    i.AT24CXX_Check     24cxx.o
    0x080014fe   0x00000022   Code   RO          596    i.AT24CXX_Read      24cxx.o
    0x08001520   0x0000002c   Code   RO          597    i.AT24CXX_ReadLenByte  24cxx.o
    0x0800154c   0x00000070   Code   RO          598    i.AT24CXX_ReadOneByte  24cxx.o
    0x080015bc   0x00000024   Code   RO          599    i.AT24CXX_Write     24cxx.o
    0x080015e0   0x0000002a   Code   RO          600    i.AT24CXX_WriteLenByte  24cxx.o
    0x0800160a   0x00000002   PAD
    0x0800160c   0x0000006c   Code   RO          601    i.AT24CXX_WriteOneByte  24cxx.o
    0x08001678   0x00000080   Code   RO          400    i.A_ADC_CK_EN       adc.o
    0x080016f8   0x0000018c   Code   RO          401    i.Adc_Init          adc.o
    0x08001884   0x00000014   Code   RO         1021    i.Alarm_RL_A        alarm.o
    0x08001898   0x00000014   Code   RO         1022    i.Alarm_RL_B        alarm.o
    0x080018ac   0x00000080   Code   RO          402    i.B_ADC_CK_EN       adc.o
    0x0800192c   0x0000000c   Code   RO         2068    i.ClearLog          log.o
    0x08001938   0x0000043c   Code   RO         5875    i.Control_CGI_Handler  httpd_cgi_ssi.o
    0x08001d74   0x000000d0   Code   RO         5876    i.Datetime_CGI_Handler  httpd_cgi_ssi.o
    0x08001e44   0x000000c8   Code   RO         5877    i.Default_CGI_Handler  httpd_cgi_ssi.o
    0x08001f0c   0x00000280   Code   RO         1503    i.DiaplayAFangQuMonitor  displaymenu.o
    0x0800218c   0x00000288   Code   RO         1504    i.DiaplayBFangQuMonitor  displaymenu.o
    0x08002414   0x0000005c   Code   RO         1505    i.DiaplayCalibrationSet  displaymenu.o
    0x08002470   0x000001c0   Code   RO         1506    i.DiaplayInqAFangQuPara  displaymenu.o
    0x08002630   0x000001c0   Code   RO         1507    i.DiaplayInqBFangQuPara  displaymenu.o
    0x080027f0   0x00000054   Code   RO         1508    i.DiaplayInqDatumVal  displaymenu.o
    0x08002844   0x00000094   Code   RO         1509    i.DiaplayInqFangQuPara  displaymenu.o
    0x080028d8   0x000002cc   Code   RO         1510    i.DiaplaySetAlarmThreshold  displaymenu.o
    0x08002ba4   0x00000354   Code   RO         1511    i.DiaplaySetBuFangPara  displaymenu.o
    0x08002ef8   0x0000046c   Code   RO         1512    i.DiaplaySetExtDeviceTypeScreen  displaymenu.o
    0x08003364   0x00000098   Code   RO         1513    i.DiaplaySetFangQuPara  displaymenu.o
    0x080033fc   0x00000284   Code   RO         1514    i.DisplayAareaDatumVal  displaymenu.o
    0x08003680   0x00000280   Code   RO         1515    i.DisplayAareaZeroVal  displaymenu.o
    0x08003900   0x00000af0   Code   RO         1516    i.DisplayAlarmTypeList  displaymenu.o
    0x080043f0   0x0000029c   Code   RO         1517    i.DisplayBareaDatumVal  displaymenu.o
    0x0800468c   0x0000029c   Code   RO         1518    i.DisplayBareaZeroVal  displaymenu.o
    0x08004928   0x00000088   Code   RO         1519    i.DisplayClearDuanXianAlarmRecord  displaymenu.o
    0x080049b0   0x00000088   Code   RO         1520    i.DisplayClearRuQinAlarmRecord  displaymenu.o
    0x08004a38   0x0000005c   Code   RO         1521    i.DisplayDatumCalibration  displaymenu.o
    0x08004a94   0x00000030   Code   RO         1522    i.DisplayInitMenu   displaymenu.o
    0x08004ac4   0x00000040   Code   RO         1523    i.DisplayInputPassword  displaymenu.o
    0x08004b04   0x00000054   Code   RO         1524    i.DisplayInqAAreaDuanXianAlarmRecord  displaymenu.o
    0x08004b58   0x00000054   Code   RO         1525    i.DisplayInqAAreaRuQinAlarmRecord  displaymenu.o
    0x08004bac   0x00000068   Code   RO         1526    i.DisplayInqAlarmRecord  displaymenu.o
    0x08004c14   0x0000013c   Code   RO         1527    i.DisplayInqAlarmThreshold  displaymenu.o
    0x08004d50   0x00000054   Code   RO         1528    i.DisplayInqBAreaDuanXianAlarmRecord  displaymenu.o
    0x08004da4   0x00000054   Code   RO         1529    i.DisplayInqBAreaRuQinAlarmRecord  displaymenu.o
    0x08004df8   0x0000007c   Code   RO         1530    i.DisplayInqBaseAutoCalibrateTime  displaymenu.o
    0x08004e74   0x00000160   Code   RO         1531    i.DisplayInqBuFangPara  displaymenu.o
    0x08004fd4   0x00000054   Code   RO         1532    i.DisplayInqCalibrationVal  displaymenu.o
    0x08005028   0x00000090   Code   RO         1533    i.DisplayInqDuanXianAlarmRecord  displaymenu.o
    0x080050b8   0x00000100   Code   RO         1534    i.DisplayInqEthPara  displaymenu.o
    0x080051b8   0x00000220   Code   RO         1535    i.DisplayInqExtDeviceType  displaymenu.o
    0x080053d8   0x00000034   Code   RO         1536    i.DisplayInqFangChaiAlarmRecord  displaymenu.o
    0x0800540c   0x00000090   Code   RO         1537    i.DisplayInqFullScale  displaymenu.o
    0x0800549c   0x00000060   Code   RO         1538    i.DisplayInqGateWay  displaymenu.o
    0x080054fc   0x00000084   Code   RO         1539    i.DisplayInqIpAddr  displaymenu.o
    0x08005580   0x000000a0   Code   RO         1540    i.DisplayInqMacAddr  displaymenu.o
    0x08005620   0x00000090   Code   RO         1541    i.DisplayInqRuQinAlarmRecord  displaymenu.o
    0x080056b0   0x00000070   Code   RO         1542    i.DisplayInqSubnetMask  displaymenu.o
    0x08005720   0x00000060   Code   RO         1543    i.DisplayInqSysPara  displaymenu.o
    0x08005780   0x00000054   Code   RO         1544    i.DisplayInqZeroVal  displaymenu.o
    0x080057d4   0x000000b0   Code   RO         1545    i.DisplayInquireMenu  displaymenu.o
    0x08005884   0x0000006c   Code   RO         1546    i.DisplayNotAtValidRange  displaymenu.o
    0x080058f0   0x00000060   Code   RO         1547    i.DisplayOrdinaryUserRootMenu  displaymenu.o
    0x08005950   0x00000058   Code   RO         1548    i.DisplayPasswordError  displaymenu.o
    0x080059a8   0x000000f0   Code   RO         1549    i.DisplayRunMenu    displaymenu.o
    0x08005a98   0x00000234   Code   RO         1550    i.DisplaySetAFangQuPara  displaymenu.o
    0x08005ccc   0x00000234   Code   RO         1551    i.DisplaySetBFangQuPara  displaymenu.o
    0x08005f00   0x00000070   Code   RO         1552    i.DisplaySetBaseAutoCalibrateTime  displaymenu.o
    0x08005f70   0x000000b8   Code   RO         1553    i.DisplaySetClearRecord  displaymenu.o
    0x08006028   0x000004ec   Code   RO         1554    i.DisplaySetDateTime  displaymenu.o
    0x08006514   0x00000100   Code   RO         1555    i.DisplaySetEthPara  displaymenu.o
    0x08006614   0x0000007c   Code   RO         1556    i.DisplaySetFullScale  displaymenu.o
    0x08006690   0x000000dc   Code   RO         1557    i.DisplaySetGateWay  displaymenu.o
    0x0800676c   0x000000f0   Code   RO         1558    i.DisplaySetIpAddr  displaymenu.o
    0x0800685c   0x000000c8   Code   RO         1559    i.DisplaySetMacAddr  displaymenu.o
    0x08006924   0x000000b0   Code   RO         1560    i.DisplaySetMenu    displaymenu.o
    0x080069d4   0x000000ec   Code   RO         1561    i.DisplaySetSubnetMask  displaymenu.o
    0x08006ac0   0x000000ac   Code   RO         1562    i.DisplaySetSysPara  displaymenu.o
    0x08006b6c   0x000000b0   Code   RO         1563    i.DisplaySuperUserRootMenu  displaymenu.o
    0x08006c1c   0x00000070   Code   RO         1564    i.DisplayTensionMonitor  displaymenu.o
    0x08006c8c   0x00000084   Code   RO         1565    i.DisplayUserLogin  displaymenu.o
    0x08006d10   0x000000dc   Code   RO         1566    i.DisplayVersionMenu  displaymenu.o
    0x08006dec   0x0000005c   Code   RO         1567    i.DisplayZeroCalibration  displaymenu.o
    0x08006e48   0x00000034   Code   RO         1568    i.DisplayZhengZaiQingChu  displaymenu.o
    0x08006e7c   0x00000084   Code   RO         1323    i.Display_16x16     lcd.o
    0x08006f00   0x00000084   Code   RO         1326    i.Display_8x16      lcd.o
    0x08006f84   0x000000b0   Code   RO         1330    i.Display_Line_Index_16x16  lcd.o
    0x08007034   0x00000094   Code   RO         1331    i.Display_Line_Index_8x16  lcd.o
    0x080070c8   0x00000130   Code   RO         1332    i.Display_Line_Index_8x16_16x16  lcd.o
    0x080071f8   0x000000d8   Code   RO         1334    i.Display_Line_Index_8x16_pn  lcd.o
    0x080072d0   0x00000050   Code   RO         1570    i.Displayzhengzaijiaozhun  displaymenu.o
    0x08007320   0x00000020   Code   RO          836    i.ETHERNET_NVICConfiguration  lan8720.o
    0x08007340   0x0000000c   Code   RO         3147    i.ETH_DMAClearITPendingBit  stm32f4x7_eth.o
    0x0800734c   0x00000020   Code   RO         3148    i.ETH_DMAITConfig   stm32f4x7_eth.o
    0x0800736c   0x00000024   Code   RO         3149    i.ETH_DMAReceptionCmd  stm32f4x7_eth.o
    0x08007390   0x00000064   Code   RO         3150    i.ETH_DMARxDescChainInit  stm32f4x7_eth.o
    0x080073f4   0x00000024   Code   RO         3152    i.ETH_DMATransmissionCmd  stm32f4x7_eth.o
    0x08007418   0x00000050   Code   RO         3155    i.ETH_DMATxDescChainInit  stm32f4x7_eth.o
    0x08007468   0x00000008   Code   RO         3156    i.ETH_DMATxDescChecksumInsertionConfig  stm32f4x7_eth.o
    0x08007470   0x00000028   Code   RO         3161    i.ETH_DeInit        stm32f4x7_eth.o
    0x08007498   0x0000001c   Code   RO         3162    i.ETH_Delay         stm32f4x7_eth.o
    0x080074b4   0x00000014   Code   RO         3164    i.ETH_FlushTransmitFIFO  stm32f4x7_eth.o
    0x080074c8   0x0000000c   Code   RO          837    i.ETH_GetCurrentTxBuffer  lan8720.o
    0x080074d4   0x0000000a   Code   RO         3176    i.ETH_GetDMARxDescFrameLength  stm32f4x7_eth.o
    0x080074de   0x0000002a   Code   RO         3189    i.ETH_GetRxPktSize  stm32f4x7_eth.o
    0x08007508   0x00000018   Code   RO         3190    i.ETH_GetSoftwareResetStatus  stm32f4x7_eth.o
    0x08007520   0x00000018   Code   RO          838    i.ETH_Get_Link_Status  lan8720.o
    0x08007538   0x00000030   Code   RO          839    i.ETH_IRQHandler    lan8720.o
    0x08007568   0x0000029c   Code   RO         3195    i.ETH_Init          stm32f4x7_eth.o
    0x08007804   0x00000034   Code   RO         3197    i.ETH_MACAddressConfig  stm32f4x7_eth.o
    0x08007838   0x000000a0   Code   RO          840    i.ETH_MACDMA_Config  lan8720.o
    0x080078d8   0x00000024   Code   RO         3202    i.ETH_MACReceptionCmd  stm32f4x7_eth.o
    0x080078fc   0x00000024   Code   RO         3203    i.ETH_MACTransmissionCmd  stm32f4x7_eth.o
    0x08007920   0x0000003c   Code   RO          841    i.ETH_Mem_Free      lan8720.o
    0x0800795c   0x0000006c   Code   RO          842    i.ETH_Mem_Malloc    lan8720.o
    0x080079c8   0x0000006c   Code   RO         3215    i.ETH_ReadPHYRegister  stm32f4x7_eth.o
    0x08007a34   0x00000024   Code   RO          843    i.ETH_Reinit        lan8720.o
    0x08007a58   0x0000009c   Code   RO          844    i.ETH_Rx_Packet     lan8720.o
    0x08007af4   0x00000014   Code   RO         3223    i.ETH_SoftwareReset  stm32f4x7_eth.o
    0x08007b08   0x00000020   Code   RO         3224    i.ETH_Start         stm32f4x7_eth.o
    0x08007b28   0x000000b2   Code   RO         3225    i.ETH_StructInit    stm32f4x7_eth.o
    0x08007bda   0x00000002   PAD
    0x08007bdc   0x00000068   Code   RO          845    i.ETH_Tx_Packet     lan8720.o
    0x08007c44   0x00000068   Code   RO         3227    i.ETH_WritePHYRegister  stm32f4x7_eth.o
    0x08007cac   0x00000012   Code   RO         1023    i.EXTI15_10_IRQHandler  alarm.o
    0x08007cbe   0x00000012   Code   RO         1024    i.EXTI9_5_IRQHandler  alarm.o
    0x08007cd0   0x0000006a   Code   RO         1025    i.EXTIX_Init        alarm.o
    0x08007d3a   0x00000002   PAD
    0x08007d3c   0x0000000c   Code   RO         4601    i.EXTI_ClearITPendingBit  stm32f4xx_exti.o
    0x08007d48   0x00000094   Code   RO         4606    i.EXTI_Init         stm32f4xx_exti.o
    0x08007ddc   0x00000044   Code   RO          602    i.EraseEEPormParas  24cxx.o
    0x08007e20   0x00000020   Code   RO          603    i.EraseEEProm       24cxx.o
    0x08007e40   0x00000058   Code   RO         5523    i.Eth_Link_ITHandler  lwip_comm.o
    0x08007e98   0x00000234   Code   RO         5524    i.Eth_re_link       lwip_comm.o
    0x080080cc   0x00000094   Code   RO         1026    i.FANG_CHAI_Check   alarm.o
    0x08008160   0x00000014   Code   RO         1027    i.FangChai_Start    alarm.o
    0x08008174   0x00000014   Code   RO         1028    i.FangChai_Stop     alarm.o
    0x08008188   0x00000074   Code   RO         2069    i.FastClearLog      log.o
    0x080081fc   0x00000022   Code   RO         2070    i.FastEraseLogEEProm  log.o
    0x0800821e   0x0000002c   Code   RO         5878    i.FindCGIParameter  httpd_cgi_ssi.o
    0x0800824a   0x00000090   Code   RO         2469    i.GPIO_Init         stm32f4xx_gpio.o
    0x080082da   0x00000046   Code   RO         2470    i.GPIO_PinAFConfig  stm32f4xx_gpio.o
    0x08008320   0x00000004   Code   RO         2476    i.GPIO_ResetBits    stm32f4xx_gpio.o
    0x08008324   0x00000078   Code   RO         1571    i.GetGateWay        displaymenu.o
    0x0800839c   0x00000078   Code   RO         1572    i.GetIpAddr         displaymenu.o
    0x08008414   0x00000078   Code   RO         1573    i.GetSubNetMask     displaymenu.o
    0x0800848c   0x00000040   Code   RO          403    i.Get_Adc           adc.o
    0x080084cc   0x00000034   Code   RO         1574    i.HEX2ASCII         displaymenu.o
    0x08008500   0x00000018   Code   RO         1575    i.HEX2ASCII_2       displaymenu.o
    0x08008518   0x000000a4   Code   RO            3    i.HardFault_Handler  main.o
    0x080085bc   0x00000024   Code   RO          929    i.Hex2BCD           pcf8563.o
    0x080085e0   0x000000b8   Code   RO          991    i.IICRead           iicrw.o
    0x08008698   0x00000098   Code   RO          992    i.IICWrite          iicrw.o
    0x08008730   0x00000050   Code   RO          526    i.IIC_Ack           myiic.o
    0x08008780   0x0000006c   Code   RO          527    i.IIC_Init          myiic.o
    0x080087ec   0x00000050   Code   RO          528    i.IIC_NAck          myiic.o
    0x0800883c   0x0000006c   Code   RO          529    i.IIC_Read_Byte     myiic.o
    0x080088a8   0x00000068   Code   RO          530    i.IIC_Send_Byte     myiic.o
    0x08008910   0x00000054   Code   RO          531    i.IIC_Start         myiic.o
    0x08008964   0x0000005c   Code   RO          532    i.IIC_Stop          myiic.o
    0x080089c0   0x00000064   Code   RO          533    i.IIC_Wait_Ack      myiic.o
    0x08008a24   0x00000040   Code   RO         1296    i.KEY_Init          key.o
    0x08008a64   0x000000dc   Code   RO         1297    i.KEY_Scan          key.o
    0x08008b40   0x0000011c   Code   RO          847    i.LAN8720_Init      lan8720.o
    0x08008c5c   0x000000f4   Code   RO         1336    i.LCD_Init          lcd.o
    0x08008d50   0x00000074   Code   RO          506    i.LED_Init          led.o
    0x08008dc4   0x00000060   Code   RO          798    i.LM75_ReadTemp     lm75.o
    0x08008e24   0x0000005c   Code   RO          799    i.LM75_ReadTempStr  lm75.o
    0x08008e80   0x00000044   Code   RO         1337    i.LcdCheckBusy      lcd.o
    0x08008ec4   0x00000014   Code   RO         1338    i.LcdSetColumn      lcd.o
    0x08008ed8   0x00000010   Code   RO         1339    i.LcdSetLine        lcd.o
    0x08008ee8   0x00000010   Code   RO         1340    i.LcdSetPage        lcd.o
    0x08008ef8   0x00000040   Code   RO         1341    i.LcdWriteCmd       lcd.o
    0x08008f38   0x00000044   Code   RO         1342    i.LcdWriteData      lcd.o
    0x08008f7c   0x00000036   Code   RO         1343    i.Lcd_Clear         lcd.o
    0x08008fb2   0x00000002   PAD
    0x08008fb4   0x00000048   Code   RO         1344    i.Lcd_Cs            lcd.o
    0x08008ffc   0x00000010   Code   RO         1345    i.Lcd_On_Off        lcd.o
    0x0800900c   0x00000028   Code   RO         1346    i.Lcd_Reset         lcd.o
    0x08009034   0x00000134   Code   RO         5879    i.Log_Handler       httpd_cgi_ssi.o
    0x08009168   0x00000070   Code   RO         2072    i.Log_Init          log.o
    0x080091d8   0x00000048   Code   RO         1576    i.MacAddrInsertMaohao  displaymenu.o
    0x08009220   0x00000078   Code   RO         2424    i.NVIC_Init         misc.o
    0x08009298   0x00000014   Code   RO         2425    i.NVIC_PriorityGroupConfig  misc.o
    0x080092ac   0x000000e4   Code   RO         5880    i.Network_CGI_Handler  httpd_cgi_ssi.o
    0x08009390   0x00000058   Code   RO         4663    i.OSEventNameSet    os_core.o
    0x080093e8   0x00000030   Code   RO         4664    i.OSInit            os_core.o
    0x08009418   0x00000002   Code   RO         5433    i.OSInitHookBegin   os_cpu_c.o
    0x0800941a   0x00000002   Code   RO         5434    i.OSInitHookEnd     os_cpu_c.o
    0x0800941c   0x00000024   Code   RO         4665    i.OSIntEnter        os_core.o
    0x08009440   0x00000090   Code   RO         4666    i.OSIntExit         os_core.o
    0x080094d0   0x00000054   Code   RO         4954    i.OSMboxCreate      os_mbox.o
    0x08009524   0x00000104   Code   RO         4956    i.OSMboxPend        os_mbox.o
    0x08009628   0x00000050   Code   RO         4958    i.OSMboxPost        os_mbox.o
    0x08009678   0x0000009c   Code   RO         5072    i.OSMutexCreate     os_mutex.o
    0x08009714   0x00000238   Code   RO         5074    i.OSMutexPend       os_mutex.o
    0x0800994c   0x000000c8   Code   RO         5075    i.OSMutexPost       os_mutex.o
    0x08009a14   0x00000084   Code   RO         5077    i.OSMutex_RdyAtPrio  os_mutex.o
    0x08009a98   0x000000a0   Code   RO         5127    i.OSQCreate         os_q.o
    0x08009b38   0x00000104   Code   RO         5128    i.OSQDel            os_q.o
    0x08009c3c   0x0000011c   Code   RO         5130    i.OSQPend           os_q.o
    0x08009d58   0x00000072   Code   RO         5132    i.OSQPost           os_q.o
    0x08009dca   0x00000062   Code   RO         5135    i.OSQQuery          os_q.o
    0x08009e2c   0x00000040   Code   RO         4667    i.OSSchedLock       os_core.o
    0x08009e6c   0x00000060   Code   RO         4668    i.OSSchedUnlock     os_core.o
    0x08009ecc   0x00000054   Code   RO         5207    i.OSSemCreate       os_sem.o
    0x08009f20   0x000000e0   Code   RO         5208    i.OSSemDel          os_sem.o
    0x0800a000   0x000000ec   Code   RO         5209    i.OSSemPend         os_sem.o
    0x0800a0ec   0x00000058   Code   RO         5211    i.OSSemPost         os_sem.o
    0x0800a144   0x0000004c   Code   RO         5212    i.OSSemQuery        os_sem.o
    0x0800a190   0x00000048   Code   RO         4669    i.OSStart           os_core.o
    0x0800a1d8   0x0000004c   Code   RO         4670    i.OSStatInit        os_core.o
    0x0800a224   0x00000002   Code   RO         5435    i.OSTCBInitHook     os_cpu_c.o
    0x0800a226   0x00000002   PAD
    0x0800a228   0x000000a0   Code   RO         5269    i.OSTaskCreate      os_task.o
    0x0800a2c8   0x000000b8   Code   RO         5270    i.OSTaskCreateExt   os_task.o
    0x0800a380   0x00000002   Code   RO         5436    i.OSTaskCreateHook  os_cpu_c.o
    0x0800a382   0x00000002   PAD
    0x0800a384   0x00000154   Code   RO         5271    i.OSTaskDel         os_task.o
    0x0800a4d8   0x00000002   Code   RO         5437    i.OSTaskDelHook     os_cpu_c.o
    0x0800a4da   0x00000002   Code   RO         5438    i.OSTaskIdleHook    os_cpu_c.o
    0x0800a4dc   0x00000070   Code   RO         5274    i.OSTaskNameSet     os_task.o
    0x0800a54c   0x00000002   Code   RO         5439    i.OSTaskReturnHook  os_cpu_c.o
    0x0800a54e   0x00000002   Code   RO         5440    i.OSTaskStatHook    os_cpu_c.o
    0x0800a550   0x0000008c   Code   RO         5279    i.OSTaskStkChk      os_task.o
    0x0800a5dc   0x000001b0   Code   RO         5441    i.OSTaskStkInit     os_cpu_c.o
    0x0800a78c   0x000000a8   Code   RO         5280    i.OSTaskSuspend     os_task.o
    0x0800a834   0x00000002   Code   RO         5442    i.OSTaskSwHook      os_cpu_c.o
    0x0800a836   0x00000002   PAD
    0x0800a838   0x00000078   Code   RO         5372    i.OSTimeDly         os_time.o
    0x0800a8b0   0x0000001c   Code   RO         5375    i.OSTimeGet         os_time.o
    0x0800a8cc   0x000000ec   Code   RO         4671    i.OSTimeTick        os_core.o
    0x0800a9b8   0x00000002   Code   RO         5443    i.OSTimeTickHook    os_cpu_c.o
    0x0800a9ba   0x00000002   Code   RO         4673    i.OS_Dummy          os_core.o
    0x0800a9bc   0x00000084   Code   RO         4674    i.OS_EventTaskRdy   os_core.o
    0x0800aa40   0x0000002a   Code   RO         4675    i.OS_EventTaskRemove  os_core.o
    0x0800aa6a   0x00000002   PAD
    0x0800aa6c   0x0000007c   Code   RO         4676    i.OS_EventTaskWait  os_core.o
    0x0800aae8   0x0000001c   Code   RO         4677    i.OS_EventWaitListInit  os_core.o
    0x0800ab04   0x00000058   Code   RO         4873    i.OS_FlagInit       os_flag.o
    0x0800ab5c   0x00000024   Code   RO         4875    i.OS_FlagUnlink     os_flag.o
    0x0800ab80   0x00000060   Code   RO         4678    i.OS_InitEventList  os_core.o
    0x0800abe0   0x00000054   Code   RO         4679    i.OS_InitMisc       os_core.o
    0x0800ac34   0x00000044   Code   RO         4680    i.OS_InitRdyList    os_core.o
    0x0800ac78   0x00000080   Code   RO         4681    i.OS_InitTCBList    os_core.o
    0x0800acf8   0x00000050   Code   RO         4682    i.OS_InitTaskIdle   os_core.o
    0x0800ad48   0x00000050   Code   RO         4683    i.OS_InitTaskStat   os_core.o
    0x0800ad98   0x00000012   Code   RO         4684    i.OS_MemClr         os_core.o
    0x0800adaa   0x00000002   PAD
    0x0800adac   0x00000058   Code   RO         5021    i.OS_MemInit        os_mem.o
    0x0800ae04   0x00000050   Code   RO         5136    i.OS_QInit          os_q.o
    0x0800ae54   0x00000074   Code   RO         4686    i.OS_Sched          os_core.o
    0x0800aec8   0x0000002c   Code   RO         4687    i.OS_SchedNew       os_core.o
    0x0800aef4   0x00000134   Code   RO         4689    i.OS_TCBInit        os_core.o
    0x0800b028   0x00000028   Code   RO         4690    i.OS_TaskIdle       os_core.o
    0x0800b050   0x00000018   Code   RO         5281    i.OS_TaskReturn     os_task.o
    0x0800b068   0x00000088   Code   RO         4691    i.OS_TaskStat       os_core.o
    0x0800b0f0   0x0000003c   Code   RO         4692    i.OS_TaskStatStkChk  os_core.o
    0x0800b12c   0x0000001a   Code   RO         5282    i.OS_TaskStkClr     os_task.o
    0x0800b146   0x00000002   PAD
    0x0800b148   0x000000b0   Code   RO          931    i.PCF8563_Get_Str   pcf8563.o
    0x0800b1f8   0x00000104   Code   RO          933    i.PCF8563_Set       pcf8563.o
    0x0800b2fc   0x00000090   Code   RO          934    i.PCF8563_Set_Str   pcf8563.o
    0x0800b38c   0x0000001c   Code   RO         1031    i.Push_A_Start      alarm.o
    0x0800b3a8   0x00000024   Code   RO         1032    i.Push_A_Stop       alarm.o
    0x0800b3cc   0x0000001c   Code   RO         1033    i.Push_B_Start      alarm.o
    0x0800b3e8   0x00000024   Code   RO         1034    i.Push_B_Stop       alarm.o
    0x0800b40c   0x00000020   Code   RO         2566    i.RCC_AHB1PeriphClockCmd  stm32f4xx_rcc.o
    0x0800b42c   0x00000020   Code   RO         2575    i.RCC_APB1PeriphClockCmd  stm32f4xx_rcc.o
    0x0800b44c   0x00000020   Code   RO         2578    i.RCC_APB2PeriphClockCmd  stm32f4xx_rcc.o
    0x0800b46c   0x00000020   Code   RO         2580    i.RCC_APB2PeriphResetCmd  stm32f4xx_rcc.o
    0x0800b48c   0x000000e8   Code   RO         2587    i.RCC_GetClocksFreq  stm32f4xx_rcc.o
    0x0800b574   0x00000024   Code   RO          605    i.ReadAdcBaseFromEEProm  24cxx.o
    0x0800b598   0x00000024   Code   RO          606    i.ReadAdcZeroFromEEProm  24cxx.o
    0x0800b5bc   0x00000044   Code   RO          607    i.ReadAlmThrdFromEEProm  24cxx.o
    0x0800b600   0x00000024   Code   RO          608    i.ReadBaseAutoCalibrateTimeFromEEProm  24cxx.o
    0x0800b624   0x00000014   Code   RO          609    i.ReadConfigCodeToEEProm  24cxx.o
    0x0800b638   0x00000040   Code   RO          610    i.ReadControlParaFromEEProm  24cxx.o
    0x0800b678   0x000000c4   Code   RO          611    i.ReadFieldParaFromEEProm  24cxx.o
    0x0800b73c   0x00000030   Code   RO         2073    i.ReadFirstLog      log.o
    0x0800b76c   0x00000090   Code   RO         2074    i.ReadLCDFirstPageLog  log.o
    0x0800b7fc   0x00000090   Code   RO         2075    i.ReadLCDNextPageLog  log.o
    0x0800b88c   0x00000098   Code   RO         2076    i.ReadLCDPreviousPageLog  log.o
    0x0800b924   0x00000040   Code   RO          612    i.ReadNetParasFromEEProm  24cxx.o
    0x0800b964   0x000000c4   Code   RO         2077    i.ReadNextLog       log.o
    0x0800ba28   0x000000b0   Code   RO         2078    i.ReadPreviousLog   log.o
    0x0800bad8   0x00000020   Code   RO          613    i.ReadSWValToEEProm  24cxx.o
    0x0800baf8   0x00000024   Code   RO          614    i.ReadTensionMaxRangeFromEEProm  24cxx.o
    0x0800bb1c   0x000000a8   Code   RO         2079    i.ReadWebFirstPageLog  log.o
    0x0800bbc4   0x000000a0   Code   RO         2080    i.ReadWebNextPageLog  log.o
    0x0800bc64   0x000000cc   Code   RO         2081    i.ReadWebPreviousPageLog  log.o
    0x0800bd30   0x00000028   Code   RO         1035    i.Remove_Alarm_RL_A  alarm.o
    0x0800bd58   0x00000028   Code   RO         1036    i.Remove_Alarm_RL_B  alarm.o
    0x0800bd80   0x000002c0   Code   RO         5882    i.SSIHandler        httpd_cgi_ssi.o
    0x0800c040   0x0000000c   Code   RO         2902    i.SYSCFG_ETH_MediaInterfaceConfig  stm32f4xx_syscfg.o
    0x0800c04c   0x00000040   Code   RO         2903    i.SYSCFG_EXTILineConfig  stm32f4xx_syscfg.o
    0x0800c08c   0x000000a8   Code   RO         1577    i.SetGateWay        displaymenu.o
    0x0800c134   0x000000a8   Code   RO         1578    i.SetIpAddr         displaymenu.o
    0x0800c1dc   0x000000a8   Code   RO         1579    i.SetSubNetMask     displaymenu.o
    0x0800c284   0x000000ec   Code   RO          341    i.SetSysClock       system_stm32f4xx.o
    0x0800c370   0x00000034   Code   RO         1037    i.Set_Alarm_State_Util_Clear  alarm.o
    0x0800c3a4   0x00000090   Code   RO         5883    i.Shutdown_Handler  httpd_cgi_ssi.o
    0x0800c434   0x0000006c   Code   RO         5884    i.Switch_Handler    httpd_cgi_ssi.o
    0x0800c4a0   0x00000028   Code   RO         2428    i.SysTick_CLKSourceConfig  misc.o
    0x0800c4c8   0x0000001c   Code   RO         2240    i.SysTick_Handler   delay.o
    0x0800c4e4   0x00000010   Code   RO         2299    i.Sys_Soft_Reset    sys.o
    0x0800c4f4   0x00000068   Code   RO          343    i.SystemInit        system_stm32f4xx.o
    0x0800c55c   0x0000002c   Code   RO         2300    i.SystemReset       sys.o
    0x0800c588   0x00000210   Code   RO         2011    i.TIM3_IRQHandler   timer.o
    0x0800c798   0x0000005c   Code   RO         2012    i.TIM3_Int_Init     timer.o
    0x0800c7f4   0x000000e0   Code   RO         2013    i.TIM4_IRQHandler   timer.o
    0x0800c8d4   0x0000005c   Code   RO         2014    i.TIM4_Int_Init     timer.o
    0x0800c930   0x00000108   Code   RO         2015    i.TIM5_IRQHandler   timer.o
    0x0800ca38   0x0000005c   Code   RO         2016    i.TIM5_Int_Init     timer.o
    0x0800ca94   0x00000006   Code   RO         4049    i.TIM_ClearITPendingBit  stm32f4xx_tim.o
    0x0800ca9a   0x00000018   Code   RO         4054    i.TIM_Cmd           stm32f4xx_tim.o
    0x0800cab2   0x00000022   Code   RO         4075    i.TIM_GetITStatus   stm32f4xx_tim.o
    0x0800cad4   0x00000012   Code   RO         4079    i.TIM_ITConfig      stm32f4xx_tim.o
    0x0800cae6   0x00000002   PAD
    0x0800cae8   0x00000084   Code   RO         4126    i.TIM_TimeBaseInit  stm32f4xx_tim.o
    0x0800cb6c   0x0000000c   Code   RO         5885    i.Temperate_Handler  httpd_cgi_ssi.o
    0x0800cb78   0x00000090   Code   RO         2356    i.USART1_IRQHandler  usart.o
    0x0800cc08   0x00000018   Code   RO         2960    i.USART_Cmd         stm32f4xx_usart.o
    0x0800cc20   0x00000054   Code   RO         2964    i.USART_GetITStatus  stm32f4xx_usart.o
    0x0800cc74   0x0000004a   Code   RO         2966    i.USART_ITConfig    stm32f4xx_usart.o
    0x0800ccbe   0x00000002   PAD
    0x0800ccc0   0x000000d4   Code   RO         2967    i.USART_Init        stm32f4xx_usart.o
    0x0800cd94   0x0000000a   Code   RO         2974    i.USART_ReceiveData  stm32f4xx_usart.o
    0x0800cd9e   0x00000002   PAD
    0x0800cda0   0x00000040   Code   RO         1580    i.UpdateAlarmRecord  displaymenu.o
    0x0800cde0   0x00000024   Code   RO          615    i.WriteAdcBaseToEEProm  24cxx.o
    0x0800ce04   0x00000024   Code   RO          616    i.WriteAdcZeroToEEProm  24cxx.o
    0x0800ce28   0x00000038   Code   RO          617    i.WriteAlmThrdToEEProm  24cxx.o
    0x0800ce60   0x00000020   Code   RO          618    i.WriteBaseAutoCalibrateTimeToEEProm  24cxx.o
    0x0800ce80   0x00000014   Code   RO          619    i.WriteConfigCodeToEEProm  24cxx.o
    0x0800ce94   0x0000003c   Code   RO          620    i.WriteControlParaToEEProm  24cxx.o
    0x0800ced0   0x000000a8   Code   RO          621    i.WriteFieldParaToEEProm  24cxx.o
    0x0800cf78   0x0000005c   Code   RO         1348    i.WriteLcdDataBus   lcd.o
    0x0800cfd4   0x000000ac   Code   RO         2082    i.WriteLog          log.o
    0x0800d080   0x00000040   Code   RO          622    i.WriteNetParasToEEProm  24cxx.o
    0x0800d0c0   0x0000001c   Code   RO          623    i.WriteSWValToEEProm  24cxx.o
    0x0800d0dc   0x00000020   Code   RO          624    i.WriteTensionMaxRangeToEEProm  24cxx.o
    0x0800d0fc   0x0000000e   Code   RO         8594    i._is_digit         c_w.l(__printf_wp.o)
    0x0800d10a   0x00000006   Code   RO         2357    i._sys_exit         usart.o
    0x0800d110   0x000000b0   Code   RO         7895    i.accept_function   api_msg.o
    0x0800d1c0   0x0000001c   Code   RO         7420    i.arp_timer         timers.o
    0x0800d1dc   0x0000014c   Code   RO          406    i.calibrating       adc.o
    0x0800d328   0x00000054   Code   RO         2241    i.delay_init        delay.o
    0x0800d37c   0x00000050   Code   RO         2242    i.delay_ms          delay.o
    0x0800d3cc   0x00000008   Code   RO         2243    i.delay_osschedlock  delay.o
    0x0800d3d4   0x00000008   Code   RO         2244    i.delay_osschedunlock  delay.o
    0x0800d3dc   0x0000000c   Code   RO         2245    i.delay_ostimedly   delay.o
    0x0800d3e8   0x00000058   Code   RO         2246    i.delay_us          delay.o
    0x0800d440   0x00000012   Code   RO         5982    i.disconnect_server  tcp_server.o
    0x0800d452   0x00000074   Code   RO         7896    i.do_bind           api_msg.o
    0x0800d4c6   0x00000002   PAD
    0x0800d4c8   0x00000140   Code   RO         7897    i.do_close          api_msg.o
    0x0800d608   0x000002b4   Code   RO         7898    i.do_close_internal  api_msg.o
    0x0800d8bc   0x000001d4   Code   RO         7901    i.do_delconn        api_msg.o
    0x0800da90   0x00000130   Code   RO         7903    i.do_getaddr        api_msg.o
    0x0800dbc0   0x000000cc   Code   RO         7904    i.do_listen         api_msg.o
    0x0800dc8c   0x00000020   Code   RO         7905    i.do_newconn        api_msg.o
    0x0800dcac   0x00000048   Code   RO         7906    i.do_recv           api_msg.o
    0x0800dcf4   0x00000124   Code   RO         7908    i.do_write          api_msg.o
    0x0800de18   0x000002e4   Code   RO         7909    i.do_writemore      api_msg.o
    0x0800e0fc   0x0000019c   Code   RO         7910    i.err_tcp           api_msg.o
    0x0800e298   0x000001c0   Code   RO         6058    i.etharp_arp_input  etharp.o
    0x0800e458   0x000002f0   Code   RO         6061    i.etharp_find_entry  etharp.o
    0x0800e748   0x00000078   Code   RO         6062    i.etharp_free_entry  etharp.o
    0x0800e7c0   0x00000208   Code   RO         6063    i.etharp_output     etharp.o
    0x0800e9c8   0x00000114   Code   RO         6064    i.etharp_output_to_arp_index  etharp.o
    0x0800eadc   0x00000278   Code   RO         6065    i.etharp_query      etharp.o
    0x0800ed54   0x0000019c   Code   RO         6066    i.etharp_raw        etharp.o
    0x0800eef0   0x00000030   Code   RO         6067    i.etharp_request    etharp.o
    0x0800ef20   0x000000b0   Code   RO         6068    i.etharp_send_ip    etharp.o
    0x0800efd0   0x00000094   Code   RO         6069    i.etharp_tmr        etharp.o
    0x0800f064   0x00000158   Code   RO         6070    i.etharp_update_arp_entry  etharp.o
    0x0800f1bc   0x00000144   Code   RO         6071    i.ethernet_input    etharp.o
    0x0800f300   0x000000a4   Code   RO         6164    i.ethernetif_init   ethernetif.o
    0x0800f3a4   0x00000030   Code   RO         6165    i.ethernetif_input  ethernetif.o
    0x0800f3d4   0x0000007e   Code   RO         5732    i.extract_uri_parameters  httpd.o
    0x0800f452   0x00000002   PAD
    0x0800f454   0x0000001c   Code   RO         2358    i.fputc             usart.o
    0x0800f470   0x0000000a   Code   RO         5671    i.fs_bytes_left     fs.o
    0x0800f47a   0x0000000c   Code   RO         5672    i.fs_close          fs.o
    0x0800f486   0x00000002   PAD
    0x0800f488   0x00000034   Code   RO         5673    i.fs_free           fs.o
    0x0800f4bc   0x0000003c   Code   RO         5674    i.fs_malloc         fs.o
    0x0800f4f8   0x0000004c   Code   RO         5675    i.fs_open           fs.o
    0x0800f544   0x0000003e   Code   RO         5676    i.fs_read           fs.o
    0x0800f582   0x00000002   PAD
    0x0800f584   0x0000002c   Code   RO         1039    i.getAlarmDelay     alarm.o
    0x0800f5b0   0x00000054   Code   RO         1040    i.getAlarmDelayedStatus  alarm.o
    0x0800f604   0x00000054   Code   RO         1041    i.getAlarmStatus    alarm.o
    0x0800f658   0x00000030   Code   RO         1042    i.getBFFlag         alarm.o
    0x0800f688   0x00000018   Code   RO         1043    i.getFieldIndex     alarm.o
    0x0800f6a0   0x00000028   Code   RO         1044    i.getPeerFieldNum   alarm.o
    0x0800f6c8   0x00000130   Code   RO          407    i.getWebAdcValStr   adc.o
    0x0800f7f8   0x00000050   Code   RO         1045    i.getWebFieldParas  alarm.o
    0x0800f848   0x00000058   Code   RO         2083    i.getWebLogPageTotal  log.o
    0x0800f8a0   0x00000154   Code   RO         5733    i.get_tag_insert    httpd.o
    0x0800f9f4   0x00000108   Code   RO         5734    i.http_accept       httpd.o
    0x0800fafc   0x00000058   Code   RO         5735    i.http_close_conn   httpd.o
    0x0800fb54   0x00000016   Code   RO         5736    i.http_err          httpd.o
    0x0800fb6a   0x00000002   PAD
    0x0800fb6c   0x00000150   Code   RO         5737    i.http_find_file    httpd.o
    0x0800fcbc   0x0000005c   Code   RO         5738    i.http_get_404_file  httpd.o
    0x0800fd18   0x0000014c   Code   RO         5739    i.http_init_file    httpd.o
    0x0800fe64   0x000001fc   Code   RO         5740    i.http_parse_request  httpd.o
    0x08010060   0x0000005c   Code   RO         5741    i.http_poll         httpd.o
    0x080100bc   0x00000144   Code   RO         5742    i.http_recv         httpd.o
    0x08010200   0x000006be   Code   RO         5743    i.http_send_data    httpd.o
    0x080108be   0x00000028   Code   RO         5744    i.http_sent         httpd.o
    0x080108e6   0x00000002   PAD
    0x080108e8   0x000000c8   Code   RO         5745    i.http_set_cgi_handlers  httpd.o
    0x080109b0   0x00000100   Code   RO         5746    i.http_set_ssi_handler  httpd.o
    0x08010ab0   0x0000001c   Code   RO         5747    i.http_state_alloc  httpd.o
    0x08010acc   0x0000002a   Code   RO         5748    i.http_state_free   httpd.o
    0x08010af6   0x00000002   PAD
    0x08010af8   0x000000cc   Code   RO         5749    i.http_write        httpd.o
    0x08010bc4   0x00000010   Code   RO         5886    i.httpd_cgi_init    httpd_cgi_ssi.o
    0x08010bd4   0x0000001c   Code   RO         5750    i.httpd_init        httpd.o
    0x08010bf0   0x00000130   Code   RO         5751    i.httpd_init_addr   httpd.o
    0x08010d20   0x00000018   Code   RO         5887    i.httpd_ssi_init    httpd_cgi_ssi.o
    0x08010d38   0x00000012   Code   RO         6237    i.icmp_dest_unreach  icmp.o
    0x08010d4a   0x00000002   PAD
    0x08010d4c   0x00000334   Code   RO         6238    i.icmp_input        icmp.o
    0x08011080   0x00000120   Code   RO         6239    i.icmp_send_response  icmp.o
    0x080111a0   0x00000012   Code   RO         6240    i.icmp_time_exceeded  icmp.o
    0x080111b2   0x00000014   Code   RO         6308    i.inet_chksum       inet_chksum.o
    0x080111c6   0x00000056   Code   RO         6309    i.inet_chksum_pbuf  inet_chksum.o
    0x0801121c   0x0000004e   Code   RO         6411    i.ip4_addr_isbroadcast  ip_addr.o
    0x0801126a   0x00000074   Code   RO         5888    i.ipStrToInt        httpd_cgi_ssi.o
    0x080112de   0x00000002   PAD
    0x080112e0   0x0000023c   Code   RO         6478    i.ip_frag           ip_frag.o
    0x0801151c   0x0000000a   Code   RO         6479    i.ip_frag_alloc_pbuf_custom_ref  ip_frag.o
    0x08011526   0x00000002   PAD
    0x08011528   0x0000008c   Code   RO         6480    i.ip_frag_free_pbuf_custom_ref  ip_frag.o
    0x080115b4   0x000001c8   Code   RO         6351    i.ip_input          ip.o
    0x0801177c   0x000000b4   Code   RO         6352    i.ip_output         ip.o
    0x08011830   0x00000190   Code   RO         6353    i.ip_output_if      ip.o
    0x080119c0   0x000001a4   Code   RO         6481    i.ip_reass          ip_frag.o
    0x08011b64   0x00000310   Code   RO         6482    i.ip_reass_chain_frag_into_datagram_and_validate  ip_frag.o
    0x08011e74   0x000000b8   Code   RO         6483    i.ip_reass_dequeue_datagram  ip_frag.o
    0x08011f2c   0x00000058   Code   RO         6484    i.ip_reass_enqueue_new_datagram  ip_frag.o
    0x08011f84   0x000001cc   Code   RO         6485    i.ip_reass_free_complete_datagram  ip_frag.o
    0x08012150   0x0000007c   Code   RO         6486    i.ip_reass_remove_oldest_datagram  ip_frag.o
    0x080121cc   0x0000001c   Code   RO         7421    i.ip_reass_timer    timers.o
    0x080121e8   0x0000003c   Code   RO         6487    i.ip_reass_tmr      ip_frag.o
    0x08012224   0x00000058   Code   RO         6354    i.ip_route          ip.o
    0x0801227c   0x000000bc   Code   RO         6488    i.ipfrag_free_pbuf_custom  ip_frag.o
    0x08012338   0x00000034   Code   RO         2084    i.isLCDLogPageOverOne  log.o
    0x0801236c   0x00000026   Code   RO         2085    i.isLogFull         log.o
    0x08012392   0x00000002   PAD
    0x08012394   0x00000034   Code   RO         2087    i.isWebLogPageOverOne  log.o
    0x080123c8   0x00000024   Code   RO            4    i.key_task          main.o
    0x080123ec   0x000000a4   Code   RO         6166    i.low_level_init    ethernetif.o
    0x08012490   0x00000074   Code   RO         6167    i.low_level_input   ethernetif.o
    0x08012504   0x0000003e   Code   RO         6168    i.low_level_output  ethernetif.o
    0x08012542   0x00000002   PAD
    0x08012544   0x00000090   Code   RO         5525    i.lwip_comm_default_ip_set  lwip_comm.o
    0x080125d4   0x000000dc   Code   RO         5528    i.lwip_comm_init    lwip_comm.o
    0x080126b0   0x00000068   Code   RO         5529    i.lwip_comm_ip_init  lwip_comm.o
    0x08012718   0x0000003c   Code   RO         5530    i.lwip_comm_mem_free  lwip_comm.o
    0x08012754   0x00000074   Code   RO         5531    i.lwip_comm_mem_malloc  lwip_comm.o
    0x080127c8   0x0000001a   Code   RO         6553    i.lwip_htonl        def.o
    0x080127e2   0x0000000c   Code   RO         6554    i.lwip_htons        def.o
    0x080127ee   0x00000024   Code   RO         6619    i.lwip_init         init.o
    0x08012812   0x0000000c   Code   RO         6555    i.lwip_ntohl        def.o
    0x0801281e   0x0000000c   Code   RO         6556    i.lwip_ntohs        def.o
    0x0801282a   0x00000002   PAD
    0x0801282c   0x00000010   Code   RO         5532    i.lwip_packet_handler  lwip_comm.o
    0x0801283c   0x0000000c   Code   RO         5533    i.lwip_reset_netif_ipaddr  lwip_comm.o
    0x08012848   0x00000002   Code   RO         8201    i.lwip_socket_init  sockets.o
    0x0801284a   0x0000005e   Code   RO         6312    i.lwip_standard_chksum  inet_chksum.o
    0x080128a8   0x000000a0   Code   RO         5889    i.macStrToInt       httpd_cgi_ssi.o
    0x08012948   0x00000038   Code   RO            5    i.main              main.o
    0x08012980   0x000057d4   Code   RO            6    i.main_task         main.o
    0x08018154   0x00000168   Code   RO         7576    i.mem_free          mem.o
    0x080182bc   0x000000f4   Code   RO         7577    i.mem_init          mem.o
    0x080183b0   0x00000288   Code   RO         7578    i.mem_malloc        mem.o
    0x08018638   0x000001ec   Code   RO         7579    i.mem_trim          mem.o
    0x08018824   0x000000c0   Code   RO         6654    i.memp_free         memp.o
    0x080188e4   0x00000008   Code   RO         6655    i.memp_get_memorysize  memp.o
    0x080188ec   0x00000068   Code   RO         6656    i.memp_init         memp.o
    0x08018954   0x00000100   Code   RO         6657    i.memp_malloc       memp.o
    0x08018a54   0x00000030   Code   RO         1046    i.modifyAlarmDelay  alarm.o
    0x08018a84   0x0000003c   Code   RO         1047    i.modifyBFFlag      alarm.o
    0x08018ac0   0x0000002c   Code   RO         1048    i.modifyFieldNum    alarm.o
    0x08018aec   0x0000006c   Code   RO         8465    i.my_mem_free       malloc.o
    0x08018b58   0x00000044   Code   RO         8466    i.my_mem_init       malloc.o
    0x08018b9c   0x000000a8   Code   RO         8467    i.my_mem_malloc     malloc.o
    0x08018c44   0x00000040   Code   RO         8468    i.my_mem_perused    malloc.o
    0x08018c84   0x00000034   Code   RO         8469    i.myfree            malloc.o
    0x08018cb8   0x00000038   Code   RO         8470    i.mymalloc          malloc.o
    0x08018cf0   0x0000001a   Code   RO         8471    i.mymemcpy          malloc.o
    0x08018d0a   0x00000014   Code   RO         8472    i.mymemset          malloc.o
    0x08018d1e   0x00000020   Code   RO         8078    i.netbuf_delete     netbuf.o
    0x08018d3e   0x00000002   PAD
    0x08018d40   0x000001ac   Code   RO         7756    i.netconn_accept    api_lib.o
    0x08018eec   0x00000128   Code   RO         7911    i.netconn_alloc     api_msg.o
    0x08019014   0x000000d8   Code   RO         7757    i.netconn_bind      api_lib.o
    0x080190ec   0x0000000e   Code   RO         7758    i.netconn_close     api_lib.o
    0x080190fa   0x00000002   PAD
    0x080190fc   0x000000d0   Code   RO         7759    i.netconn_close_shutdown  api_lib.o
    0x080191cc   0x00000028   Code   RO         7761    i.netconn_delete    api_lib.o
    0x080191f4   0x0000014c   Code   RO         7912    i.netconn_drain     api_msg.o
    0x08019340   0x0000017c   Code   RO         7913    i.netconn_free      api_msg.o
    0x080194bc   0x00000158   Code   RO         7763    i.netconn_getaddr   api_lib.o
    0x08019614   0x000000d0   Code   RO         7764    i.netconn_listen_with_backlog  api_lib.o
    0x080196e4   0x00000198   Code   RO         7765    i.netconn_new_with_proto_and_callback  api_lib.o
    0x0801987c   0x000001c0   Code   RO         7766    i.netconn_recv      api_lib.o
    0x08019a3c   0x0000022c   Code   RO         7767    i.netconn_recv_data  api_lib.o
    0x08019c68   0x00000164   Code   RO         7773    i.netconn_write_partly  api_lib.o
    0x08019dcc   0x00000104   Code   RO         6713    i.netif_add         netif.o
    0x08019ed0   0x00000002   Code   RO         6715    i.netif_init        netif.o
    0x08019ed2   0x00000028   Code   RO         6717    i.netif_set_addr    netif.o
    0x08019efa   0x00000002   PAD
    0x08019efc   0x00000010   Code   RO         6718    i.netif_set_default  netif.o
    0x08019f0c   0x00000010   Code   RO         6720    i.netif_set_gw      netif.o
    0x08019f1c   0x00000084   Code   RO         6721    i.netif_set_ipaddr  netif.o
    0x08019fa0   0x00000006   Code   RO         6722    i.netif_set_link_callback  netif.o
    0x08019fa6   0x0000002a   Code   RO         6723    i.netif_set_link_down  netif.o
    0x08019fd0   0x00000044   Code   RO         6724    i.netif_set_link_up  netif.o
    0x0801a014   0x00000010   Code   RO         6725    i.netif_set_netmask  netif.o
    0x0801a024   0x00000036   Code   RO         6726    i.netif_set_up      netif.o
    0x0801a05a   0x00000002   PAD
    0x0801a05c   0x00000214   Code   RO         5983    i.parse_reply_data  tcp_server.o
    0x0801a270   0x0000041c   Code   RO         6821    i.pbuf_alloc        pbuf.o
    0x0801a68c   0x00000108   Code   RO         6822    i.pbuf_alloced_custom  pbuf.o
    0x0801a794   0x00000148   Code   RO         6823    i.pbuf_cat          pbuf.o
    0x0801a8dc   0x00000012   Code   RO         6825    i.pbuf_clen         pbuf.o
    0x0801a8ee   0x00000002   PAD
    0x0801a8f0   0x00000238   Code   RO         6827    i.pbuf_copy         pbuf.o
    0x0801ab28   0x0000014c   Code   RO         6828    i.pbuf_copy_partial  pbuf.o
    0x0801ac74   0x000001c0   Code   RO         6830    i.pbuf_free         pbuf.o
    0x0801ae34   0x00000154   Code   RO         6832    i.pbuf_header       pbuf.o
    0x0801af88   0x000001c4   Code   RO         6835    i.pbuf_realloc      pbuf.o
    0x0801b14c   0x0000001a   Code   RO         6836    i.pbuf_ref          pbuf.o
    0x0801b166   0x00000002   PAD
    0x0801b168   0x0000012c   Code   RO         7914    i.pcb_new           api_msg.o
    0x0801b294   0x000001b4   Code   RO         7580    i.plug_holes        mem.o
    0x0801b448   0x000000e4   Code   RO         7915    i.poll_tcp          api_msg.o
    0x0801b52c   0x00000010   Code   RO         6943    i.raw_bind          raw.o
    0x0801b53c   0x00000074   Code   RO         6945    i.raw_input         raw.o
    0x0801b5b0   0x00000034   Code   RO         6946    i.raw_new           raw.o
    0x0801b5e4   0x00000006   Code   RO         6947    i.raw_recv          raw.o
    0x0801b5ea   0x00000002   PAD
    0x0801b5ec   0x00000040   Code   RO         6948    i.raw_remove        raw.o
    0x0801b62c   0x00000020   Code   RO         2301    i.readConfigCode    sys.o
    0x0801b64c   0x0000009c   Code   RO         7916    i.recv_raw          api_msg.o
    0x0801b6e8   0x00000188   Code   RO         7917    i.recv_tcp          api_msg.o
    0x0801b870   0x00000180   Code   RO         7918    i.recv_udp          api_msg.o
    0x0801b9f0   0x00000068   Code   RO         1049    i.remoteShutdown    alarm.o
    0x0801ba58   0x00000024   Code   RO         1050    i.removeAlarmRL     alarm.o
    0x0801ba7c   0x000000ec   Code   RO          408    i.sampleAdc         adc.o
    0x0801bb68   0x000000e0   Code   RO         7919    i.sent_tcp          api_msg.o
    0x0801bc48   0x00000018   Code   RO         1051    i.setAlarmDelay     alarm.o
    0x0801bc60   0x00000014   Code   RO         1052    i.setAlarmSensitivity  alarm.o
    0x0801bc74   0x00000014   Code   RO         1053    i.setAlmThrdDwDif   alarm.o
    0x0801bc88   0x00000014   Code   RO         1054    i.setAlmThrdUpDif   alarm.o
    0x0801bc9c   0x00000014   Code   RO          409    i.setBaseAutoCalibrateTime  adc.o
    0x0801bcb0   0x00000024   Code   RO         2302    i.setConfigCode     sys.o
    0x0801bcd4   0x00000014   Code   RO         1055    i.setFieldNum       alarm.o
    0x0801bce8   0x00000028   Code   RO         1056    i.setSWValue        alarm.o
    0x0801bd10   0x00000014   Code   RO          410    i.setTensionMaxRange  adc.o
    0x0801bd24   0x00000044   Code   RO         7920    i.setup_tcp         api_msg.o
    0x0801bd68   0x00000058   Code   RO          935    i.splitStrToInt     pcf8563.o
    0x0801bdc0   0x0000007c   Code   RO            7    i.start_task        main.o
    0x0801be3c   0x0000004a   Code   RO         5752    i.strnstr           httpd.o
    0x0801be86   0x00000002   PAD
    0x0801be88   0x000000f0   Code   RO         7627    i.sys_arch_mbox_fetch  sys_arch.o
    0x0801bf78   0x00000012   Code   RO         7628    i.sys_arch_mbox_tryfetch  sys_arch.o
    0x0801bf8a   0x00000060   Code   RO         7629    i.sys_arch_sem_wait  sys_arch.o
    0x0801bfea   0x00000002   Code   RO         7630    i.sys_init          sys_arch.o
    0x0801bfec   0x00000084   Code   RO         7631    i.sys_mbox_free     sys_arch.o
    0x0801c070   0x000000bc   Code   RO         7632    i.sys_mbox_new      sys_arch.o
    0x0801c12c   0x00000020   Code   RO         7633    i.sys_mbox_post     sys_arch.o
    0x0801c14c   0x00000006   Code   RO         7634    i.sys_mbox_set_invalid  sys_arch.o
    0x0801c152   0x00000002   PAD
    0x0801c154   0x00000024   Code   RO         7635    i.sys_mbox_trypost  sys_arch.o
    0x0801c178   0x00000038   Code   RO         7636    i.sys_mbox_valid    sys_arch.o
    0x0801c1b0   0x00000084   Code   RO         7639    i.sys_sem_free      sys_arch.o
    0x0801c234   0x000000a0   Code   RO         7640    i.sys_sem_new       sys_arch.o
    0x0801c2d4   0x00000006   Code   RO         7641    i.sys_sem_set_invalid  sys_arch.o
    0x0801c2da   0x0000000c   Code   RO         7642    i.sys_sem_signal    sys_arch.o
    0x0801c2e6   0x00000016   Code   RO         7643    i.sys_sem_valid     sys_arch.o
    0x0801c2fc   0x00000058   Code   RO         7644    i.sys_thread_new    sys_arch.o
    0x0801c354   0x00000148   Code   RO         7422    i.sys_timeout       timers.o
    0x0801c49c   0x00000024   Code   RO         7423    i.sys_timeouts_init  timers.o
    0x0801c4c0   0x00000088   Code   RO         7424    i.sys_timeouts_mbox_fetch  timers.o
    0x0801c548   0x00000060   Code   RO         7425    i.sys_untimeout     timers.o
    0x0801c5a8   0x00000008   Code   RO         2303    i.systemDefault     sys.o
    0x0801c5b0   0x00000084   Code   RO            8    i.system_init       main.o
    0x0801c634   0x00000134   Code   RO         7021    i.tcp_abandon       tcp.o
    0x0801c768   0x0000000e   Code   RO         7022    i.tcp_abort         tcp.o
    0x0801c776   0x00000004   Code   RO         7023    i.tcp_accept        tcp.o
    0x0801c77a   0x00000008   Code   RO         7024    i.tcp_accept_null   tcp.o
    0x0801c782   0x00000002   PAD
    0x0801c784   0x000000c4   Code   RO         7025    i.tcp_alloc         tcp.o
    0x0801c848   0x00000004   Code   RO         7026    i.tcp_arg           tcp.o
    0x0801c84c   0x00000128   Code   RO         7027    i.tcp_bind          tcp.o
    0x0801c974   0x0000001c   Code   RO         7028    i.tcp_close         tcp.o
    0x0801c990   0x0000024c   Code   RO         7029    i.tcp_close_shutdown  tcp.o
    0x0801cbdc   0x000000b8   Code   RO         7314    i.tcp_create_segment  tcp_out.o
    0x0801cc94   0x0000002e   Code   RO         7032    i.tcp_eff_send_mss  tcp.o
    0x0801ccc2   0x00000002   PAD
    0x0801ccc4   0x000002a4   Code   RO         7315    i.tcp_enqueue_flags  tcp_out.o
    0x0801cf68   0x000000a0   Code   RO         7033    i.tcp_err           tcp.o
    0x0801d008   0x00000080   Code   RO         7034    i.tcp_fasttmr       tcp.o
    0x0801d088   0x00000002   Code   RO         7035    i.tcp_init          tcp.o
    0x0801d08a   0x00000002   PAD
    0x0801d08c   0x000006b8   Code   RO         7258    i.tcp_input         tcp_in.o
    0x0801d744   0x00000054   Code   RO         7316    i.tcp_keepalive     tcp_out.o
    0x0801d798   0x00000058   Code   RO         7036    i.tcp_kill_prio     tcp.o
    0x0801d7f0   0x00000040   Code   RO         7037    i.tcp_kill_timewait  tcp.o
    0x0801d830   0x0000013c   Code   RO         7259    i.tcp_listen_input  tcp_in.o
    0x0801d96c   0x00000160   Code   RO         7038    i.tcp_listen_with_backlog  tcp.o
    0x0801dacc   0x0000000a   Code   RO         7039    i.tcp_new           tcp.o
    0x0801dad6   0x00000002   PAD
    0x0801dad8   0x00000068   Code   RO         7040    i.tcp_new_port      tcp.o
    0x0801db40   0x0000001c   Code   RO         7041    i.tcp_next_iss      tcp.o
    0x0801db5c   0x00000284   Code   RO         7317    i.tcp_output        tcp_out.o
    0x0801dde0   0x00000118   Code   RO         7318    i.tcp_output_alloc_header  tcp_out.o
    0x0801def8   0x000000d8   Code   RO         7319    i.tcp_output_segment  tcp_out.o
    0x0801dfd0   0x000000d0   Code   RO         7260    i.tcp_parseopt      tcp_in.o
    0x0801e0a0   0x000000f8   Code   RO         7320    i.tcp_pbuf_prealloc  tcp_out.o
    0x0801e198   0x00000058   Code   RO         7042    i.tcp_pcb_purge     tcp.o
    0x0801e1f0   0x00000140   Code   RO         7043    i.tcp_pcb_remove    tcp.o
    0x0801e330   0x000000a0   Code   RO         7044    i.tcp_poll          tcp.o
    0x0801e3d0   0x00000698   Code   RO         7261    i.tcp_process       tcp_in.o
    0x0801ea68   0x00000094   Code   RO         7045    i.tcp_process_refused_data  tcp.o
    0x0801eafc   0x00000924   Code   RO         7262    i.tcp_receive       tcp_in.o
    0x0801f420   0x000000a0   Code   RO         7046    i.tcp_recv          tcp.o
    0x0801f4c0   0x000000d8   Code   RO         5984    i.tcp_recv_data     tcp_server.o
    0x0801f598   0x0000002e   Code   RO         7047    i.tcp_recv_null     tcp.o
    0x0801f5c6   0x00000002   PAD
    0x0801f5c8   0x0000011c   Code   RO         7048    i.tcp_recved        tcp.o
    0x0801f6e4   0x0000005a   Code   RO         7321    i.tcp_rexmit        tcp_out.o
    0x0801f73e   0x00000078   Code   RO         7322    i.tcp_rexmit_fast   tcp_out.o
    0x0801f7b6   0x0000003a   Code   RO         7323    i.tcp_rexmit_rto    tcp_out.o
    0x0801f7f0   0x00000120   Code   RO         7324    i.tcp_rst           tcp_out.o
    0x0801f910   0x0000001a   Code   RO         7049    i.tcp_seg_free      tcp.o
    0x0801f92a   0x00000018   Code   RO         7050    i.tcp_segs_free     tcp.o
    0x0801f942   0x00000002   PAD
    0x0801f944   0x000002c8   Code   RO         5985    i.tcp_send_data     tcp_server.o
    0x0801fc0c   0x00000056   Code   RO         7325    i.tcp_send_empty_ack  tcp_out.o
    0x0801fc62   0x00000002   PAD
    0x0801fc64   0x00000064   Code   RO         5986    i.tcp_send_err      tcp_server.o
    0x0801fcc8   0x0000004a   Code   RO         7326    i.tcp_send_fin      tcp_out.o
    0x0801fd12   0x00000002   PAD
    0x0801fd14   0x000000a0   Code   RO         7051    i.tcp_sent          tcp.o
    0x0801fdb4   0x00000028   Code   RO         5987    i.tcp_server_init   tcp_server.o
    0x0801fddc   0x00000098   Code   RO         5988    i.tcp_server_thread  tcp_server.o
    0x0801fe74   0x00000004   Code   RO         7052    i.tcp_setprio       tcp.o
    0x0801fe78   0x00000062   Code   RO         7053    i.tcp_shutdown      tcp.o
    0x0801feda   0x00000002   PAD
    0x0801fedc   0x000005f0   Code   RO         7054    i.tcp_slowtmr       tcp.o
    0x080204cc   0x00000038   Code   RO         7426    i.tcp_timer_needed  timers.o
    0x08020504   0x000000ac   Code   RO         7263    i.tcp_timewait_input  tcp_in.o
    0x080205b0   0x00000024   Code   RO         7055    i.tcp_tmr           tcp.o
    0x080205d4   0x000000d4   Code   RO         7056    i.tcp_update_rcv_ann_wnd  tcp.o
    0x080206a8   0x0000071c   Code   RO         7327    i.tcp_write         tcp_out.o
    0x08020dc4   0x00000184   Code   RO         7328    i.tcp_write_checks  tcp_out.o
    0x08020f48   0x000000b4   Code   RO         7329    i.tcp_zero_window_probe  tcp_out.o
    0x08020ffc   0x00000040   Code   RO         8366    i.tcpip_apimsg      tcpip.o
    0x0802103c   0x000000dc   Code   RO         8370    i.tcpip_init        tcpip.o
    0x08021118   0x0000004c   Code   RO         8371    i.tcpip_input       tcpip.o
    0x08021164   0x00000038   Code   RO         7427    i.tcpip_tcp_timer   timers.o
    0x0802119c   0x00000164   Code   RO         8372    i.tcpip_thread      tcpip.o
    0x08021300   0x000000a4   Code   RO         2359    i.uart_init         usart.o
    0x080213a4   0x0000010c   Code   RO         7484    i.udp_bind          udp.o
    0x080214b0   0x00000002   Code   RO         7487    i.udp_init          udp.o
    0x080214b2   0x00000002   PAD
    0x080214b4   0x0000024c   Code   RO         7488    i.udp_input         udp.o
    0x08021700   0x0000001c   Code   RO         7489    i.udp_new           udp.o
    0x0802171c   0x00000058   Code   RO         7490    i.udp_new_port      udp.o
    0x08021774   0x00000006   Code   RO         7491    i.udp_recv          udp.o
    0x0802177a   0x00000002   PAD
    0x0802177c   0x00000040   Code   RO         7492    i.udp_remove        udp.o
    0x080217bc   0x00000010   Code   RO          411    i.updateBaseVal     adc.o
    0x080217cc   0x0000009c   Code   RO          412    i.updateCrtSmp      adc.o
    0x08021868   0x00000040   Code   RO         2088    i.updateLogPageFlag  log.o
    0x080218a8   0x0000005c   Code   RO         1058    i.updateSWAlarmState  alarm.o
    0x08021904   0x0000000c   Code   RO          413    i.updateZeroVal     adc.o
    0x08021910   0x000000c0   Code   RO            9    i.watch_task        main.o
    0x080219d0   0x0000002c   Code   RO         8672    locale$$code        c_w.l(lc_ctype_c.o)
    0x080219fc   0x0000000a   Code   RO         8763    x$fpl$fpinit        fz_wm.l(fpinit.o)
    0x08021a06   0x00002310   Data   RO         1349    .constdata          lcd.o
    0x08023d16   0x00000002   PAD
    0x08023d18   0x00000804   Data   RO         1582    .constdata          displaymenu.o
    0x0802451c   0x00000100   Data   RO         4694    .constdata          os_core.o
    0x0802461c   0x00032c94   Data   RO         5678    .constdata          fs.o
    0x080572b0   0x00000030   Data   RO         5754    .constdata          httpd.o
    0x080572e0   0x00000038   Data   RO         5890    .constdata          httpd_cgi_ssi.o
    0x08057318   0x0000000c   Data   RO         6073    .constdata          etharp.o
    0x08057324   0x00000008   Data   RO         6418    .constdata          ip_addr.o
    0x0805732c   0x00000038   Data   RO         6659    .constdata          memp.o
    0x08057364   0x00000050   Data   RO         7057    .constdata          tcp.o
    0x080573b4   0x00000004   Data   RO         7645    .constdata          sys_arch.o
    0x080573b8   0x00000018   Data   RO         8477    .constdata          malloc.o
    0x080573d0   0x00000028   Data   RO         8567    .constdata          c_w.l(_printf_hex_int.o)
    0x080573f8   0x00000011   Data   RO         8597    .constdata          c_w.l(__printf_flags_wp.o)
    0x08057409   0x00000003   PAD
    0x0805740c   0x0000006c   Data   RO          415    .conststring        adc.o
    0x08057478   0x0000006a   Data   RO         5755    .conststring        httpd.o
    0x080574e2   0x00000002   PAD
    0x080574e4   0x000000be   Data   RO         5891    .conststring        httpd_cgi_ssi.o
    0x080575a2   0x00000002   PAD
    0x080575a4   0x00000044   Data   RO         6074    .conststring        etharp.o
    0x080575e8   0x000000a0   Data   RO         6660    .conststring        memp.o
    0x08057688   0x0000006d   Data   RO         7058    .conststring        tcp.o
    0x080576f5   0x00000003   PAD
    0x080576f8   0x00000055   Data   RO         7330    .conststring        tcp_out.o
    0x0805774d   0x00000003   PAD
    0x08057750   0x00000020   Data   RO         8835    Region$$Table       anon$$obj.o
    0x08057770   0x00000110   Data   RO         8671    locale$$data        c_w.l(lc_ctype_c.o)


    Execution Region RW_IRAM1 (Base: 0x20000000, Size: 0x0001eb80, Max: 0x00020000, ABSOLUTE, COMPRESSED[0x00000104])

    Base Addr    Size         Type   Attr      Idx    E Section Name        Object

    0x20000000   0x00000018   Data   RW           11    .data               main.o
    0x20000018   0x0000000b   Data   RW          416    .data               adc.o
    0x20000023   0x00000001   PAD
    0x20000024   0x00000004   Data   RW          534    .data               myiic.o
    0x20000028   0x00000005   Data   RW          801    .data               lm75.o
    0x2000002d   0x00000003   PAD
    0x20000030   0x00000010   Data   RW          849    .data               lan8720.o
    0x20000040   0x00000040   Data   RW         1060    .data               alarm.o
    0x20000080   0x00000001   Data   RW         1298    .data               key.o
    0x20000081   0x00000002   Data   RW         1350    .data               lcd.o
    0x20000083   0x00000001   PAD
    0x20000084   0x00000047   Data   RW         1583    .data               displaymenu.o
    0x200000cb   0x00000001   PAD
    0x200000cc   0x00000015   Data   RW         2017    .data               timer.o
    0x200000e1   0x00000008   Data   RW         2090    .data               log.o
    0x200000e9   0x00000001   PAD
    0x200000ea   0x00000004   Data   RW         2247    .data               delay.o
    0x200000ee   0x00000001   Data   RW         2304    .data               sys.o
    0x200000ef   0x00000001   PAD
    0x200000f0   0x00000006   Data   RW         2361    .data               usart.o
    0x200000f6   0x00000009   Data   RW         2403    .data               version.o
    0x200000ff   0x00000010   Data   RW         2619    .data               stm32f4xx_rcc.o
    0x2000010f   0x00000001   PAD
    0x20000110   0x00000010   Data   RW         3229    .data               stm32f4x7_eth.o
    0x20000120   0x0000004c   Data   RW         4695    .data               os_core.o
    0x2000016c   0x00000010   Data   RW         5535    .data               lwip_comm.o
    0x2000017c   0x00000024   Data   RW         5756    .data               httpd.o
    0x200001a0   0x00000064   Data   RW         5892    .data               httpd_cgi_ssi.o
    0x20000204   0x0000000a   Data   RW         5990    .data               tcp_server.o
    0x2000020e   0x00000001   Data   RW         6075    .data               etharp.o
    0x2000020f   0x00000001   PAD
    0x20000210   0x00000012   Data   RW         6355    .data               ip.o
    0x20000222   0x00000002   PAD
    0x20000224   0x00000006   Data   RW         6489    .data               ip_frag.o
    0x2000022a   0x00000002   PAD
    0x2000022c   0x0000003c   Data   RW         6661    .data               memp.o
    0x20000268   0x00000009   Data   RW         6727    .data               netif.o
    0x20000271   0x00000003   PAD
    0x20000274   0x00000004   Data   RW         6951    .data               raw.o
    0x20000278   0x00000024   Data   RW         7059    .data               tcp.o
    0x2000029c   0x00000020   Data   RW         7265    .data               tcp_in.o
    0x200002bc   0x00000008   Data   RW         7428    .data               timers.o
    0x200002c4   0x00000008   Data   RW         7496    .data               udp.o
    0x200002cc   0x00000014   Data   RW         7581    .data               mem.o
    0x200002e0   0x0000000c   Data   RW         8376    .data               tcpip.o
    0x200002ec   0x0000001c   Data   RW         8478    .data               malloc.o
    0x20000308   0x00000004   Data   RW         8613    .data               c_w.l(strtok.o)
    0x2000030c   0x00000004   PAD
    0x20000310   0x000018c0   Zero   RW           10    .bss                main.o
    0x20001bd0   0x00000078   Zero   RW          414    .bss                adc.o
    0x20001c48   0x000000c0   Zero   RW          848    .bss                lan8720.o
    0x20001d08   0x00000026   Zero   RW          936    .bss                pcf8563.o
    0x20001d2e   0x0000005f   Zero   RW         1581    .bss                displaymenu.o
    0x20001d8d   0x00000003   PAD
    0x20001d90   0x000001f4   Zero   RW         2089    .bss                log.o
    0x20001f84   0x000000c8   Zero   RW         2360    .bss                usart.o
    0x2000204c   0x0000000c   Zero   RW         3228    .bss                stm32f4x7_eth.o
    0x20002058   0x00000b98   Zero   RW         4693    .bss                os_core.o
    0x20002bf0   0x0000004c   Zero   RW         5534    .bss                lwip_comm.o
    0x20002c3c   0x000000f0   Zero   RW         5677    .bss                fs.o
    0x20002d2c   0x00000400   Zero   RW         5753    .bss                httpd.o
    0x2000312c   0x00000bd0   Zero   RW         5989    .bss                tcp_server.o
    0x20003cfc   0x000000c8   Zero   RW         6072    .bss                etharp.o
    0x20003dc4   0x00000038   Zero   RW         6658    .bss                memp.o
    0x20003dfc   0x00000014   Zero   RW         7264    .bss                tcp_in.o
    0x20003e10   0x00000010   PAD
    0x20003e20   0x0001a900   Zero   RW         8476    .bss                malloc.o
    0x2001e720   0x00000060   Zero   RW         8677    .bss                c_w.l(libspace.o)
    0x2001e780   0x00000000   Zero   RW         2416    HEAP                startup_stm32f40_41xxx.o
    0x2001e780   0x00000400   Zero   RW         2415    STACK               startup_stm32f40_41xxx.o



  Load Region LR$$.ARM.__AT_0x10000000 (Base: 0x10000000, Size: 0x00000000, Max: 0x0000f000, ABSOLUTE)

    Execution Region ER$$.ARM.__AT_0x10000000 (Base: 0x10000000, Size: 0x0000f000, Max: 0x0000f000, ABSOLUTE, UNINIT)

    Base Addr    Size         Type   Attr      Idx    E Section Name        Object

    0x10000000   0x0000f000   Zero   RW         8474    .ARM.__AT_0x10000000  malloc.o



  Load Region LR$$.ARM.__AT_0x1000F000 (Base: 0x1000f000, Size: 0x00000000, Max: 0x00000f00, ABSOLUTE)

    Execution Region ER$$.ARM.__AT_0x1000F000 (Base: 0x1000f000, Size: 0x00000f00, Max: 0x00000f00, ABSOLUTE, UNINIT)

    Base Addr    Size         Type   Attr      Idx    E Section Name        Object

    0x1000f000   0x00000f00   Zero   RW         8475    .ARM.__AT_0x1000F000  malloc.o


==============================================================================

Image component sizes


      Code (inc. data)   RO Data    RW Data    ZI Data      Debug   Object Name

      1658        156          0          0          0      16504   24cxx.o
      1812        204        108         11        120       8357   adc.o
      2826        478          0         64          0      23270   alarm.o
      3226       1488          0          0          0      18784   api_lib.o
      6588       2490          0          0          0      16712   api_msg.o
        62          0          0          0          0       2132   def.o
       308         30          0          4          0       3897   delay.o
     21492       3578       2052         71         95      58598   displaymenu.o
      4200       1318         80          1        200      13109   etharp.o
       554        136          0          0          0       6216   ethernetif.o
       272         16     208020          0        240       9318   fs.o
      5426       1514        154         36       1024      22202   httpd.o
      3356        786        246        100          0      12861   httpd_cgi_ssi.o
      1144        456          0          0          0       3762   icmp.o
       336          8          0          0          0       1989   iicrw.o
       200          0          0          0          0       2629   inet_chksum.o
        36          0          0          0          0        516   init.o
      1124        274          0         18          0       7887   ip.o
        78          0          8          0          0       6798   ip_addr.o
      3030        954          0          6          0      10464   ip_frag.o
       284         20          0          1          0       1242   key.o
      1024        102          0         16        192       7254   lan8720.o
      1878        136       8976          2          0      12219   lcd.o
       116          8          0          0          0        575   led.o
       188         22          0          5          0       1836   lm75.o
      2132        246          0          8        500      12993   log.o
      1324        126          0         16         76      23950   lwip_comm.o
     23188       1872          0         24       6336     373108   main.o
       562         56         24         28     174080       6720   malloc.o
      2180        938          0         20          0       5381   mem.o
       560        288        216         60         56       4018   memp.o
       180         24          0          0          0       2233   misc.o
       756        110          0          4          0       4572   myiic.o
        32          0          0          0          0        976   netbuf.o
       652        126          0          9          0       9188   netif.o
      2446        430        256         76       2968      23880   os_core.o
       200         32          0          0          0        316   os_cpu_a.o
       452          6          0          0          0      14317   os_cpu_c.o
       124         14          0          0          0       1218   os_flag.o
       424         26          0          0          0       2581   os_mbox.o
        88         14          0          0          0        553   os_mem.o
      1056         76          0          0          0       3808   os_mutex.o
       996         52          0          0          0       5251   os_q.o
       708         40          0          0          0       4158   os_sem.o
      1154        116          0          0          0       6700   os_task.o
       148         24          0          0          0       1176   os_time.o
      3828       1630          0          0          0       9218   pbuf.o
       704         62          0          0         38       4621   pcf8563.o
       254         24          0          4          0       3793   raw.o
         2          0          0          0          0        479   sockets.o
        60         22        392          0       1024        824   startup_stm32f40_41xxx.o
      1702        160          0         16         12      14969   stm32f4x7_eth.o
       394         24          0          0          0       6347   stm32f4xx_adc.o
       160         12          0          0          0       1625   stm32f4xx_exti.o
       218          0          0          0          0       2472   stm32f4xx_gpio.o
       360         42          0         16          0       5428   stm32f4xx_rcc.o
        76         10          0          0          0       1294   stm32f4xx_syscfg.o
       214         28          0          0          0       3878   stm32f4xx_tim.o
       404          8          0          0          0       4426   stm32f4xx_usart.o
       136         34          0          1          0      28949   sys.o
      1226        450          4          0          0      11125   sys_arch.o
       340         32          0          0          0       1413   system_stm32f4xx.o
      5714       1968        189         36          0      32691   tcp.o
      6444       1182          0         32         20      16894   tcp_in.o
      5436       1514         85          0          0      15255   tcp_out.o
      1770        116          0         10       3024      14726   tcp_server.o
       716        288          0         12          0       8629   tcpip.o
      1292        134          0         21          0       5070   timer.o
       764        206          0          8          0       5982   timers.o
      1044        244          0          8          0       6899   udp.o
       342         30          0          6        200       4144   usart.o
         0          0          0          9          0        548   version.o

    ----------------------------------------------------------------------
    134278      27010     220854        776     190224     987927   Object Totals
         0          0         32          0          0          0   (incl. Generated)
        98          0         12         17         19          0   (incl. Padding)

    ----------------------------------------------------------------------

      Code (inc. data)   RO Data    RW Data    ZI Data      Debug   Library Member Name

        90          0          0          0          0          0   __dczerorl2.o
         8          0          0          0          0         68   __main.o
       312          4         17          0          0         92   __printf_flags_wp.o
        14          0          0          0          0         68   __printf_wp.o
         0          0          0          0          0          0   __rtentry.o
        12          0          0          0          0          0   __rtentry2.o
         6          0          0          0          0          0   __rtentry4.o
        52          8          0          0          0          0   __scatter.o
        28          0          0          0          0          0   __scatter_zi.o
        28          0          0          0          0         68   _chval.o
        44          0          0          0          0        108   _printf_char.o
        48          6          0          0          0         96   _printf_char_common.o
        36          4          0          0          0         80   _printf_char_file.o
         6          0          0          0          0          0   _printf_d.o
       120         16          0          0          0         92   _printf_dec.o
        88          4         40          0          0         88   _printf_hex_int.o
       178          0          0          0          0         88   _printf_intcommon.o
        78          0          0          0          0        108   _printf_pad.o
         0          0          0          0          0          0   _printf_percent.o
         4          0          0          0          0          0   _printf_percent_end.o
         6          0          0          0          0          0   _printf_s.o
        82          0          0          0          0         80   _printf_str.o
         6          0          0          0          0          0   _printf_x.o
        10          0          0          0          0         68   _sputc.o
       158          0          0          0          0         92   _strtoul.o
        26          0          0          0          0         80   atoi.o
        12          0          0          0          0         72   exit.o
         8          0          0          0          0         68   ferror.o
         6          0          0          0          0        152   heapauxi.o
        44         10        272          0          0         76   lc_ctype_c.o
         2          0          0          0          0          0   libinit.o
        24          0          0          0          0          0   libinit2.o
         2          0          0          0          0          0   libshutdown.o
         2          0          0          0          0          0   libshutdown2.o
         8          4          0          0         96         68   libspace.o
        88          0          0          0          0         76   memcmp.o
        24          4          0          0          0         84   noretval__2printf.o
        40          6          0          0          0         84   noretval__2sprintf.o
        16          4          0          0          0         76   rt_ctype_table.o
         8          4          0          0          0         68   rt_errno_addr_intlibspace.o
         8          4          0          0          0         68   rt_locale_intlibspace.o
        68          0          0          0          0         68   rt_memclr.o
        78          0          0          0          0         80   rt_memclr_w.o
       138          0          0          0          0         68   rt_memcpy_v6.o
       100          0          0          0          0         80   rt_memcpy_w.o
         2          0          0          0          0          0   rtexit.o
        10          0          0          0          0          0   rtexit2.o
        24          0          0          0          0         68   strcat.o
        20          0          0          0          0         68   strchr.o
       128          0          0          0          0         68   strcmpv7m.o
        72          0          0          0          0         80   strcpy.o
        32          0          0          0          0         80   strcspn.o
        62          0          0          0          0         76   strlen.o
       150          0          0          0          0         80   strncmp.o
        86          0          0          0          0         76   strncpy.o
        28          0          0          0          0         80   strspn.o
        36          0          0          0          0         80   strstr.o
        12          6          0          4          0         68   strtok.o
        68          4          0          0          0         84   strtok_int.o
       112          0          0          0          0         88   strtol.o
        74          0          0          0          0         80   sys_stackheap_outer.o
         2          0          0          0          0         68   use_no_semi.o
         2          0          0          0          0         68   use_no_semi_2.o
        10          0          0          0          0        116   fpinit.o

    ----------------------------------------------------------------------
      3064         88        332          4        100       3792   Library Totals
        18          0          3          0          4          0   (incl. Padding)

    ----------------------------------------------------------------------

      Code (inc. data)   RO Data    RW Data    ZI Data      Debug   Library Name

      3036         88        329          4         96       3676   c_w.l
        10          0          0          0          0        116   fz_wm.l

    ----------------------------------------------------------------------
      3064         88        332          4        100       3792   Library Totals

    ----------------------------------------------------------------------

==============================================================================


      Code (inc. data)   RO Data    RW Data    ZI Data      Debug   

    137342      27098     221186        780     190324     925135   Grand Totals
    137342      27098     221186        260     190324     925135   ELF Image Totals (compressed)
    137342      27098     221186        260          0          0   ROM Totals

==============================================================================

    Total RO  Size (Code + RO Data)               358528 ( 350.13kB)
    Total RW  Size (RW Data + ZI Data)            191104 ( 186.63kB)
    Total ROM Size (Code + RO Data + RW Data)     358788 ( 350.38kB)

==============================================================================

